08-17 20:03:40.217  1352  1741 I InputReader: Reconfiguring input devices, changes=DISPLAY_INFO | 
08-17 20:03:40.217  1352  1741 I InputReader: Disabling fts (device 4) because the associated viewport is not active
08-17 20:03:40.217  1352  1741 I InputReader: Device reconfigured: id=4, name='fts', size 1080x2400, orientation 0, mode 0, display id 0
08-17 20:03:40.218  1352  1588 W SurfaceControl: Invalid layer stack -1
08-17 20:03:40.218  1352  1588 I DisplayDevice: [0] Layerstack set to -1 for local:4619827677550801152
08-17 20:03:40.219  2149  2149 D GRIL-S  : [5238]> UPDATE_DEVICE_STATE DeviceState: Usb:1, Wifi: 1, Wifi AP: 0, Earpiece: 0, Bluetooth: 1, Wireless charging: 0, Screen: 0, Camera: 0, 0, -, -, Motion: 1, Bluetooth tethering: 0, Voice: 0, Wifi 2.4G: 0, Radio: 1, Bluetooth connected: 0, Bluetooth media: 0, Wifi Band: 2, Wifi AP Band: 0, Wifi call: 0, mmWave: 0, mCellBackhaul: 0, mHallSensor: 0
08-17 20:03:40.220   951   951 D usf_sensor_hal: ambient light: Enter Batch. period = 1000000, latency = 0.
08-17 20:03:40.220  2128  2820 I HbmSvManager:  Request state 0 req 2
08-17 20:03:40.221  2128  2820 I HbmSvManager:  Request state 1 req 0
08-17 20:03:40.221  2128  2820 I HbmSvManager:  Request state 2 req 0
08-17 20:03:40.221  2128  2820 I HbmSvManager:  Request state 4 req 0
08-17 20:03:40.221 14340 14340 I NearbyDiscovery: (REDACTED) FastPairDisplayObserver: %s -> %s
08-17 20:03:40.223 14340 14340 I NearbyDirect: (REDACTED) FastPairDisplayObserver: %s -> %s
08-17 20:03:40.224 14340 14703 I Nearby  : (REDACTED) [MBleClient] Start ble scanning from %s, context tag = %s
08-17 20:03:40.224 14340 14703 D BluetoothAdapter: isLeEnabled(): ON
08-17 20:03:40.225 14340 14757 I NearbyDiscovery: (REDACTED) FastPairScanner: isScreenOn=%s, isLocationEnabled=%s, disableLocationRequirement=%s, isDiscoveryScanningEnabled=%s, during24GhzWifiWarmingUpPeriod=%s
08-17 20:03:40.225 14340 14757 D BluetoothAdapter: isLeEnabled(): ON
08-17 20:03:40.225  2149  3922 D GRIL-S  : [5238]< UPDATE_DEVICE_STATE 
08-17 20:03:40.225  2094  2108 D ActivityAttributionService: notifyActivityAttributionInfo UID=1002 packageName=com.google.android.bluetooth deviceAddress=no_active_device_address
08-17 20:03:40.225  2094  2108 I bt_btif : packages/modules/Bluetooth/system/btif/src/bluetooth.cc:465 get_profile_interface: get_profile_interface: id = activity_attribution
08-17 20:03:40.226  2094  2447 I bt_stack: [INFO:le_scanning_manager.cc(174)] ScanFilterParamSetup in shim layer
08-17 20:03:40.226 14340 14757 I NearbyDiscovery: (REDACTED) FastPairScanner: eventType=%s, intReq=%s, scanning=%s, scanAllowed=%s, bleEnabled=%s, bleScanAvailable=%s, lockScanRate=%s, startScanningByLowPowerMode=%s
08-17 20:03:40.226 14340 14757 I NearbyDiscovery: FastPairScanner: Stopping scan [CONTEXT service_id=265 ]
08-17 20:03:40.226  2094  2447 I bt_stack: [INFO:le_scanning_manager.cc(174)] ScanFilterParamSetup in shim layer
08-17 20:03:40.226 14340 14757 D BluetoothAdapter: isLeEnabled(): ON
08-17 20:03:40.226  2094  2447 I bt_stack: [INFO:le_scanning_manager.cc(174)] ScanFilterParamSetup in shim layer
08-17 20:03:40.226  2094  2447 I bt_stack: [INFO:le_scanning_manager.cc(174)] ScanFilterParamSetup in shim layer
08-17 20:03:40.226  2094  2447 I bt_stack: [INFO:le_scanning_manager.cc(174)] ScanFilterParamSetup in shim layer
08-17 20:03:40.227  2094  2108 D ActivityAttributionService: notifyActivityAttributionInfo UID=1002 packageName=com.google.android.bluetooth deviceAddress=no_active_device_address
08-17 20:03:40.227  2094  2108 I bt_btif : packages/modules/Bluetooth/system/btif/src/bluetooth.cc:465 get_profile_interface: get_profile_interface: id = activity_attribution
08-17 20:03:40.227  2094  2447 I bt_stack: [INFO:le_scanning_manager.cc(154)] Scan in shim layer stopped
08-17 20:03:40.227  2094  2460 I bluetooth: packages/modules/Bluetooth/system/gd/hci/le_address_manager.cc:190 unregister_client: Client unregistered
08-17 20:03:40.227  2094  2447 I bt_stack: [INFO:le_scanning_manager.cc(174)] ScanFilterParamSetup in shim layer
08-17 20:03:40.227  2094  2447 I bt_stack: [INFO:le_scanning_manager.cc(174)] ScanFilterParamSetup in shim layer
08-17 20:03:40.228  2094  2108 I bt_stack: [INFO:le_scanning_manager.cc(148)] Unregister in shim layer, scanner_id:1
08-17 20:03:40.229 14340 14703 I Nearby  : (REDACTED) [MBleClient] M hardware scan: %d clients, scanMode= %s, filters size = %s
08-17 20:03:40.229 14340 14703 D BluetoothAdapter: isLeEnabled(): ON
08-17 20:03:40.229  2094  2108 I bt_stack: [INFO:le_scanning_manager.cc(148)] Unregister in shim layer, scanner_id:2
08-17 20:03:40.231  2094  2108 I bt_stack: [INFO:le_scanning_manager.cc(141)] RegisterScanner in shim layer
08-17 20:03:40.232 14340 14823 D BluetoothLeScanner: onScannerRegistered() - status=0 scannerId=1 mScannerId=0
08-17 20:03:40.235  2094  2108 D ActivityAttributionService: notifyActivityAttributionInfo UID=1002 packageName=com.google.android.bluetooth deviceAddress=no_active_device_address
08-17 20:03:40.235  2094  2108 I bt_btif : packages/modules/Bluetooth/system/btif/src/bluetooth.cc:465 get_profile_interface: get_profile_interface: id = activity_attribution
08-17 20:03:40.273  1165  1165 E adbd    : failed to connect to socket 'tcp:6666': Connection refused
08-17 20:03:40.294  1154  1154 D AOC     : A3:MSG: usf_tbn_server.cc, 300: USF: Change bus owner to AOC.
08-17 20:03:40.294  1154  1154 D AOC     : A3:MSG: ftm5_device.cc, 168: USF: FTM5: Priority: 0, Bus:1, Host:0; Enabled:0
08-17 20:03:40.357   951  1884 I suez-nanoapp-clients: Disabling ip_health nanoapp.
08-17 20:03:40.357   452   452 D SurfaceFlinger: Finished setting power mode 0 on display 4619827677550801152
08-17 20:03:40.357  1352  1867 D SurfaceControl: Excessive delay in setPowerMode()
08-17 20:03:40.358  1352  1587 I DisplayDeviceRepository: Display device changed state: "Built-in Screen", OFF
08-17 20:03:40.358   951  1884 I suez-nanoapp-clients: Vendor atom [id = 100046] reported.
08-17 20:03:40.359  1154  1154 D AOC     : A3:MSG: tmd3719_device.cc, 4122: USF: TMD3719: brightness:0 leakage:0.000000 refresh_rate:0 status:0
08-17 20:03:40.360  1352  1644 I DisplayPowerController[0]: BrightnessEvent: disp=0, physDisp=local:4619827677550801152, brt=0.0, initBrt=0.0, rcmdBrt=NaN, preBrt=NaN, lux=0.0, preLux=0.0, hbmMax=0.62, hbmMode=off, rbcStrength=50, powerFactor=1.0, thrmMax=1.0, wasShortTermModelActive=false, flags=, reason=screen_off, autoBrightness=true
08-17 20:03:40.360  1157  1332 D CHRE    : @ 731941.137: Parsed nanoapp message from host: app ID 0x476f6f676c001022 endpoint 0x9022 msgType 2 payload size 0
08-17 20:03:40.360  1157  1332 I CHRE    : @ 731941.138: [ip] Received message from host endpoint 0x9022 of type 2 and size 0.
08-17 20:03:40.360  1157  1332 I CHRE    : @ 731941.138: [ip] App disabled by host.
08-17 20:03:40.360  1352  1644 I DreamManagerService: Entering dreamland.
08-17 20:03:40.361  1154  1154 D AOC     : A3:MSG: tmd3719_device.cc, 3795: USF: TMD3719: [PROX]New PPERS: 1
08-17 20:03:40.361  1352  1644 I PowerManagerService: Dozing...
08-17 20:03:40.362  1154  1154 D AOC     : A3:MSG: usf_sensor.cc, 1375: USF: Received stop sampling request for ICP10101 Pressure Sensor.
08-17 20:03:40.362  1154  1154 D AOC     : A3:MSG: icp10101_device.cc, 160: USF: ICP10101: Barometer stops sampling.
08-17 20:03:40.362  1352  1584 I DreamController: Starting dream: name=ComponentInfo{com.android.systemui/com.android.systemui.doze.DozeService}, isPreviewMode=false, canDoze=true, userId=0, reason='power manager request'
08-17 20:03:40.365 22782 22820 I BugleRcsProvisioning: BugleSystemBindingManager: onBuglePhenotypeFlagChanged
08-17 20:03:40.368 22170 22803 V UE      : [NetworkChangedManager] Connectivity hasn't changed. Current state: CONNECTION_AVAILABLE
08-17 20:03:40.368 22170 22803 V UE      : [NetworkChangedManager] Full network check complete. State: CONNECTION_AVAILABLE
08-17 20:03:40.368 22782 22822 I BugleRcsEngine: [1028] brzr.run: SystemBindingManager: SystemBinding enabled: true
08-17 20:03:40.368 22782 22822 I BugleRcsEngine: [1028] brzs.b: System Binding updated
08-17 20:03:40.370 22782 22820 I BugleTransport: onBuglePhenotypeFlagChanged: kicking off updateActiveTransport
08-17 20:03:40.373 22782 22824 I BugleRcsEngine: [1030] btuw.b: Using MCC based URL
08-17 20:03:40.375 22782 22825 I BugleRcsEngine: [1031] btuw.b: Using MCC based URL
08-17 20:03:40.375  1890  1890 I vol.VolumeDialogImpl: mDialog.dismiss() reason: volume_controller from: com.android.systemui.volume.VolumeDialogImpl$7.onDismissRequested:2
08-17 20:03:40.376  1890  1890 D DLObserver: add listener: com.android.systemui.doze.DozeTriggers$DockEventListener@2205b77
08-17 20:03:40.376  1890  1890 D CentralSurfaces: updateQsExpansionEnabled - QS Expand enabled: false
08-17 20:03:40.377  1890  1890 D CentralSurfaces: updateQsExpansionEnabled - QS Expand enabled: false
08-17 20:03:40.382 22333 22783 V UE      : [NetworkChangedManager] Connectivity hasn't changed. Current state: CONNECTION_AVAILABLE
08-17 20:03:40.382 22333 22783 V UE      : [NetworkChangedManager] Full network check complete. State: CONNECTION_AVAILABLE
08-17 20:03:40.382  1890  1890 D CentralSurfaces: Received new disable state: enaihbcRso.qingr (unchanged)
08-17 20:03:40.382  1890  1890 D CentralSurfaces: Received new disable state: enaihbcRso.qingr (unchanged)
08-17 20:03:40.382  1890  1890 D CentralSurfaces: Received new disable state: enaihbcRso.qingr (unchanged)
08-17 20:03:40.383  1890  1890 D CentralSurfaces: Received new disable state: enaihbcRso.qingr (unchanged)
08-17 20:03:40.384  1890  1890 D CentralSurfaces: Received new disable state: enaihbcRso.qingr (unchanged)
08-17 20:03:40.384  1890  1890 D CentralSurfaces: Received new disable state: enaihbcRso.qingr (unchanged)
08-17 20:03:40.384  1890  1890 D CentralSurfaces: Received new disable state: enaihbcRso.qingr (unchanged)
08-17 20:03:40.384  1890  1890 D CentralSurfaces: Received new disable state: enaihbcRso.qingr (unchanged)
08-17 20:03:40.384  1890  1890 D DLObserver: add listener: com.android.systemui.doze.DozeDockHandler$DockEventListener@1a1387b
08-17 20:03:40.385 27759 27773 I AiAiEcho: Settings changed for uri: content://settings/secure/restart_nap_after_start
08-17 20:03:40.386 31425 31425 I NgaVisSearch: onLockscreenShown
08-17 20:03:40.386   951   951 D usf_sensor_hal: proximity gated single tap: Enter Batch. period = 1000000, latency = 0.
08-17 20:03:40.387   951   951 D usf_sensor_hal: proximity gated single tap: Enter Activate. Enable = 1.
08-17 20:03:40.387  1154  1154 D AOC     : A3:MSG: usf_sensor.cc, 1368: USF: Received start sampling request for Proximity Gated Single Tap Gesture.
08-17 20:03:40.387  1154  1154 D AOC     : A3:MSG: vsc_sensor.cc, 37: VSC: [Proximity Gated Single Tap Gesture] enable: period 1, latency = 0
08-17 20:03:40.387  1154  1154 D AOC     : A3:MSG: single_tap_prox_gated.c, 124: [single-tap-prox-gated] configuring sensor with interval: 1, latency: 0
08-17 20:03:40.387  1154  1154 D AOC     : A3:MSG: vsc_controller.cc, 537: VSC: [Proximity Gated Single Tap Gesture] requestSensorEvents: sensor 0x10008, period=1
08-17 20:03:40.388  1154  1154 D AOC     : A3:MSG: usf_sensor.cc, 1368: USF: Received start sampling request for TMD3719 Proximity.
08-17 20:03:40.388  1352  1644 I DisplayPowerController[0]: BrightnessEvent: disp=0, physDisp=local:4619827677550801152, brt=0.0, initBrt=0.0, rcmdBrt=NaN, preBrt=NaN, lux=0.0, preLux=0.0, hbmMax=0.62, hbmMode=off, rbcStrength=50, powerFactor=1.0, thrmMax=1.0, wasShortTermModelActive=false, flags=, reason=screen_off, autoBrightness=true
08-17 20:03:40.389  1890  1890 D DLObserver: onDockEvent mDockState = 0
08-17 20:03:40.390  1154  1154 D AOC     : A3:MSG: tmd3719_sensor.cc, 321: USF: TMD3719: Report new active state:1
08-17 20:03:40.390 31425 31425 I NgaVisSearch: hide
08-17 20:03:40.390 31425 31425 I NgaVisSearch: hideInternal
08-17 20:03:40.390   951  1002 I usf_sensor_hal: Received REPORT_SENSOR_ACTIVE_STATE_CHANGES event from 'TMD3719 Proximity' with new state:kActive!
08-17 20:03:40.391  1154  1154 D AOC     : A3:MSG: vsc_controller.cc, 537: VSC: [Proximity Gated Single Tap Gesture] requestSensorEvents: sensor 0x20006, period=1
08-17 20:03:40.391  1154  1154 D AOC     : A3:MSG: usf_sensor.cc, 1368: USF: Received start sampling request for FTM5 Touch Gesture Sensor.
08-17 20:03:40.391   459   542 I display : ExynosPrimaryDisplay::setMinIdleRefreshRate() writes min_vrefresh(60) to the sysfs node
08-17 20:03:40.391 27759 27830 I AiAiEcho: Predicting[7]: { Feature:1, creation:2023-08-17T09:32:17Z, expiry:2023-08-17T10:00:00Z, isExpired: true}, { Feature:1, creation:2023-08-17T10:00:00Z, expiry:2023-08-17T11:00:00Z, isExpired: false}, { Feature:1, creation:2023-08-17T11:00:00Z, expiry:2023-08-17T11:00:00Z, isExpired: true}, { Feature:1, creation:2023-08-17T12:00:00Z, expiry:2023-08-17T12:00:00Z, isExpired: true}, { Feature:1, creation:2023-08-17T13:00:00Z, expiry:2023-08-17T13:00:00Z, isExpired: true}, { Feature:1, creation:2023-08-17T14:00:00Z, expiry:2023-08-17T14:00:00Z, isExpired: true}, { Feature:1, creation:2023-08-17T15:00:00Z, expiry:2023-08-17T15:00:00Z, isExpired: true} [CONTEXT sampling_count=5 ]
08-17 20:03:40.391  1154  1154 D AOC     : A3:MSG: ftm5_sensor.cc, 99: USF: FTM5: StopSampling: FTM5 Touch Gesture Sensor.
08-17 20:03:40.391  1154  1154 D AOC     : A3:MSG: ftm5_device.cc, 168: USF: FTM5: Priority: 0, Bus:1, Host:0; Enabled:0
08-17 20:03:40.391  1154  1154 D AOC     : A3:MSG: ftm5_sensor.cc, 88: USF: FTM5: StartSampling: FTM5 Touch Gesture Sensor.
08-17 20:03:40.392  1154  1154 D AOC     : A3:MSG: ftm5_device.cc, 168: USF: FTM5: Priority: 0, Bus:1, Host:1; Enabled:0
08-17 20:03:40.392  1890  1890 D CentralSurfaces: Received new disable state: enaihbcRso.qingr (unchanged)
08-17 20:03:40.392  1890  1890 D CentralSurfaces: Received new disable state: enaihbcRso.qingr (unchanged)
08-17 20:03:40.392  1890  1890 D CentralSurfaces: Received new disable state: enaihbcRso.qingr (unchanged)
08-17 20:03:40.392   459   542 I display : setRefreshRateThrottleNanos() requester(0) set delay to 1000000000ns
08-17 20:03:40.392  1890  1890 D CentralSurfaces: Received new disable state: enaihbcRso.qingr (unchanged)
08-17 20:03:40.392   459   542 I display : setDisplayIdleDelayNanos() writes idle_delay_ms(1000) to the sysfs node (0x0)
08-17 20:03:40.392 27759 27830 I AiAiEcho: EchoTargets: Feature:1
08-17 20:03:40.392 27759 27830 I AiAiEcho: Filtered by AiAi flag check: 
08-17 20:03:40.392 27759 27830 I AiAiEcho: [CONTEXT ratelimit_period="10 SECONDS" ]
08-17 20:03:40.393 27759 27830 I AiAiEcho: Ranked targets strategy: WEIGHTED, count: 0, ranking metadata:  [CONTEXT ratelimit_period="10 SECONDS" ]
08-17 20:03:40.394 27759 27830 I AiAiEcho: Predicting[7]: { Feature:1, creation:2023-08-17T09:32:17Z, expiry:2023-08-17T10:00:00Z, isExpired: true}, { Feature:1, creation:2023-08-17T10:00:00Z, expiry:2023-08-17T11:00:00Z, isExpired: false}, { Feature:1, creation:2023-08-17T11:00:00Z, expiry:2023-08-17T11:00:00Z, isExpired: true}, { Feature:1, creation:2023-08-17T12:00:00Z, expiry:2023-08-17T12:00:00Z, isExpired: true}, { Feature:1, creation:2023-08-17T13:00:00Z, expiry:2023-08-17T13:00:00Z, isExpired: true}, { Feature:1, creation:2023-08-17T14:00:00Z, expiry:2023-08-17T14:00:00Z, isExpired: true}, { Feature:1, creation:2023-08-17T15:00:00Z, expiry:2023-08-17T15:00:00Z, isExpired: true} [CONTEXT sampling_count=5 ]
08-17 20:03:40.395 31425 31425 I NgaVisSearch: onLockscreenShown
08-17 20:03:40.395 31425 31425 I NgaVisSearch: hide
08-17 20:03:40.395 31425 31425 I NgaVisSearch: hideInternal
08-17 20:03:40.396 27759 27830 I AiAiEcho: EchoTargets: Feature:1
08-17 20:03:40.396 27759 27830 I AiAiEcho: Filtered by AiAi flag check: 
08-17 20:03:40.396 27759 27830 I AiAiEcho: [CONTEXT ratelimit_period="10 SECONDS" ]
08-17 20:03:40.396 27759 27830 I AiAiEcho: Ranked targets strategy: WEIGHTED, count: 1, ranking metadata: { cardId: WEATHER-569377244, card type: 1, update time: 2023-08-17T10:00:00Z, expiration time: 2023-08-17T11:00:00Z, ranking metadata: RankingMetaData(urgency=0.992, priority=0.3, recency=1.0, rankScore=0.2976, importantTimePoints=# nwa@7bca4) } [CONTEXT ratelimit_period="10 SECONDS" ]
08-17 20:03:40.396 27759 27830 I AiAiEcho: #weatherTwiddler: Weather removes SubtitleSupplementalItem in surface: lockscreen [CONTEXT ratelimit_period="10 SECONDS" ]
08-17 20:03:40.397 27759 27830 I AiAiEcho: Predicting[7]: { Feature:1, creation:2023-08-17T09:32:17Z, expiry:2023-08-17T10:00:00Z, isExpired: true}, { Feature:1, creation:2023-08-17T10:00:00Z, expiry:2023-08-17T11:00:00Z, isExpired: false}, { Feature:1, creation:2023-08-17T11:00:00Z, expiry:2023-08-17T11:00:00Z, isExpired: true}, { Feature:1, creation:2023-08-17T12:00:00Z, expiry:2023-08-17T12:00:00Z, isExpired: true}, { Feature:1, creation:2023-08-17T13:00:00Z, expiry:2023-08-17T13:00:00Z, isExpired: true}, { Feature:1, creation:2023-08-17T14:00:00Z, expiry:2023-08-17T14:00:00Z, isExpired: true}, { Feature:1, creation:2023-08-17T15:00:00Z, expiry:2023-08-17T15:00:00Z, isExpired: true} [CONTEXT sampling_count=5 ]
08-17 20:03:40.397 27759 27830 I AiAiEcho: EchoTargets: Feature:1
08-17 20:03:40.397 27759 27830 I AiAiEcho: Filtered by AiAi flag check: 
08-17 20:03:40.397 27759 27830 I AiAiEcho: [CONTEXT ratelimit_period="10 SECONDS" ]
08-17 20:03:40.397 27759 27830 I AiAiEcho: Ranked targets strategy: WEIGHTED, count: 1, ranking metadata: { cardId: WEATHER-569377244, card type: 1, update time: 2023-08-17T10:00:00Z, expiration time: 2023-08-17T11:00:00Z, ranking metadata: RankingMetaData(urgency=0.992, priority=0.3, recency=1.0, rankScore=0.2976, importantTimePoints=# nwa@7bca4) } [CONTEXT ratelimit_period="10 SECONDS" ]
08-17 20:03:40.398 27759 27830 I AiAiEcho: #weatherTwiddler: Weather removes SubtitleSupplementalItem in surface: home [CONTEXT ratelimit_period="10 SECONDS" ]
08-17 20:03:40.398 27759 27830 I AiAiEcho: #postPredictionTargets: Sending updates to UISurface media_data_manager with targets# 0 (types=[])
08-17 20:03:40.400 27759 27830 I AiAiEcho: #postPredictionTargets: Sending updates to UISurface lockscreen with targets# 1 (types=[1])
08-17 20:03:40.402 22782 22846 W BugleRcsEngine: [1038] btjp.d: [SR]: Single Registration is disabled. Skipping Single Registration capability check for subId: 1, OS.isAtLeastS:[true], enableSingleRegistrationProvisioning:[false]
08-17 20:03:40.403  1154  1154 D AOC     : A3:MSG: ftm5_device.cc, 214: USF: FTM5: Device is enabled.
08-17 20:03:40.405   951   951 D usf_sensor_hal: accelerometer: Enter Activate. Enable = 0.
08-17 20:03:40.405  1154  1154 D AOC     : A3:MSG: usf_sensor.cc, 1375: USF: Received stop sampling request for LSM6DSR Accelerometer.
08-17 20:03:40.405   951   951 D usf_sensor_hal: IMU temperature: Enter Activate. Enable = 0.
08-17 20:03:40.406  1154  1154 D AOC     : A3:MSG: usf_sensor.cc, 1375: USF: Received stop sampling request for LSM6DSR Temperature.
08-17 20:03:40.406  1890  1890 D DLObserver: onDockEvent mDockState = 0
08-17 20:03:40.406  1352  1352 I PowerManagerService: onFlip(): Face up.
08-17 20:03:40.407 22782 22846 I BugleRcsProvisioning: RcsAvailabilityUpdaterLocal: RcsAvailability configuration availability and enabled status: simId: redacted-pii:sim_id[chars:20,last3:029], SipConnectionType: DUAL_REG, isConfigurationAvailableAndEnabled: true
08-17 20:03:40.407  1890  1890 D CentralSurfaces: Received new disable state: enaihbcRso.qingr (unchanged)
08-17 20:03:40.407  1890  1890 D CentralSurfaces: Received new disable state: enaihbcRso.qingr (unchanged)
08-17 20:03:40.407  1890  1890 D CentralSurfaces: Received new disable state: enaihbcRso.qingr (unchanged)
08-17 20:03:40.407  1890  1890 D CentralSurfaces: Received new disable state: enaihbcRso.qingr (unchanged)
08-17 20:03:40.408  1890  1890 D SsMediaDataProvider: Forwarding Smartspace updates []
08-17 20:03:40.408  1890  1890 D MediaDataManager: Smartspace recommendation is disabled in Settings.
08-17 20:03:40.408  1890  1890 D SsBaseTemplateCard: No text view can be set up
08-17 20:03:40.408  1890  1890 D SsBaseTemplateCard: Passed-in item info is null
08-17 20:03:40.408  1890  1890 D SsBaseTemplateCard: Passed-in item info is null
08-17 20:03:40.408  1890  1890 I SsBaseTemplateCard: Secondary card pane is null
08-17 20:03:40.410 22782 22846 I BugleRcsProvisioning: RcsAvailabilityUpdaterLocal: RcsAvailability subscription{id:1}, simId: redacted-pii:sim_id[chars:20,last3:029], sipConnectionType: DUAL_REG, isRcsAvailable: true
08-17 20:03:40.410 22782 22846 I BugleRcsProvisioning: RcsAvailabilityUpdaterLocal: updateRcsAvailability, currentAvailability: 1, newAvailability: 7, hint: NO_HINT
08-17 20:03:40.411 22782 22850 I RcsClientLib: Connecting ChatSessionService
08-17 20:03:40.411 27759 27830 I AiAiEcho: #postPredictionTargets: Sending updates to UISurface home with targets# 1 (types=[1])
08-17 20:03:40.411   452  2738 I BpBinder: onLastStrongRef automatically unlinking death recipients: <uncached descriptor>
08-17 20:03:40.413  2305  2305 D SsBaseTemplateCard: No text view can be set up
08-17 20:03:40.413  2305  2305 D SsBaseTemplateCard: Passed-in item info is null
08-17 20:03:40.413  2305  2305 D SsBaseTemplateCard: Passed-in item info is null
08-17 20:03:40.413  2305  2305 I SsBaseTemplateCard: Secondary card pane is null
08-17 20:03:40.414 22782 22854 I BugleTransport: isChatAvailable: RcsAvailability is AVAILABLE (RCS is setup)
08-17 20:03:40.415 22782 22850 I RcsClientLib: shouldUseCarrierServicesJibeService: true, CarrierServices rcs service found: true
08-17 20:03:40.419 22782 22850 I RcsClientLib: Connecting EventService
08-17 20:03:40.419 22782 22853 I RcsClientLib: com.google.android.rcs.client.chatsession.ChatSessionService connected
08-17 20:03:40.419 22782 22853 I BugleRcs: com.google.android.rcs.client.chatsession.ChatSessionService RCS service connected
08-17 20:03:40.420 22782 22850 I RcsClientLib: shouldUseCarrierServicesJibeService: true, CarrierServices rcs service found: true
08-17 20:03:40.423 22782 22850 I RcsClientLib: Connecting ContactsService
08-17 20:03:40.423 22782 22853 I RcsClientLib: com.google.android.rcs.client.events.EventService connected
08-17 20:03:40.423 22782 22853 I BugleRcs: com.google.android.rcs.client.events.EventService RCS service connected
08-17 20:03:40.424 22782 22845 I Bugle   : CountryCodeDetector: updateSmsNetworkCountry from default subscription network country. detected country: au
08-17 20:03:40.425 22782 22850 I RcsClientLib: shouldUseCarrierServicesJibeService: true, CarrierServices rcs service found: true
08-17 20:03:40.428   921  1834 D audio_hw: adev_set_parameters: enter: screen_state=off
08-17 20:03:40.429 22782 22850 I RcsClientLib: Connecting FileTransferService
08-17 20:03:40.429 22782 22853 I RcsClientLib: com.google.android.rcs.client.contacts.ContactsService connected
08-17 20:03:40.429 22782 22853 I BugleRcs: com.google.android.rcs.client.contacts.ContactsService RCS service connected
08-17 20:03:40.430 22782 22850 I RcsClientLib: shouldUseCarrierServicesJibeService: true, CarrierServices rcs service found: true
08-17 20:03:40.432   951   951 D usf_sensor_hal: auto brightness: Enter Activate. Enable = 0.
08-17 20:03:40.432 22782 22812 I BugleBackup: Registering preference change listener for "buglesub_1".
08-17 20:03:40.433 22782 22850 I RcsClientLib: Connecting LocationSharingService
08-17 20:03:40.433 22782 22853 I RcsClientLib: com.google.android.rcs.client.filetransfer.FileTransferService connected
08-17 20:03:40.433  1154  1154 D AOC     : A3:MSG: usf_sensor.cc, 1375: USF: Received stop sampling request for Auto Brightness.
08-17 20:03:40.433 22782 22853 I BugleRcs: com.google.android.rcs.client.filetransfer.FileTransferService RCS service connected
08-17 20:03:40.433  1154  1154 D AOC     : A3:MSG: vsc_sensor.cc, 68: VSC: [Auto Brightness] disable.
08-17 20:03:40.433  1154  1154 D AOC     : A3:MSG: vsc_controller.cc, 555: VSC: [Auto Brightness] stopSensorEvents: sensor 0x20009
08-17 20:03:40.433  1154  1154 D AOC     : A3:MSG: usf_sensor.cc, 1375: USF: Received stop sampling request for TMD3719 Ambient Light.
08-17 20:03:40.434 22782 22850 I RcsClientLib: shouldUseCarrierServicesJibeService: true, CarrierServices rcs service found: true
08-17 20:03:40.435  1890  1930 D LocalImageResolver: Couldn't use ImageDecoder for drawable, falling back to non-resized load.
08-17 20:03:40.436  1890  1930 D LocalImageResolver: Couldn't use ImageDecoder for drawable, falling back to non-resized load.
08-17 20:03:40.438 22782 22850 I RcsClientLib: Connecting ImsConnectionTrackerService
08-17 20:03:40.438  1154  1154 D AOC     : A3:MSG: tmd3719_device.cc, 2767: USF: TMD3719: Far00
08-17 20:03:40.438 22782 22853 I BugleTransport: updateActiveTransport: refreshing chat transport
08-17 20:03:40.438  1890  1890 I vol.VolumeDialogImpl: mDialog.dismiss() reason: screen_off from: com.android.systemui.volume.VolumeDialogImpl$7.onScreenOff:3
08-17 20:03:40.438  1890  1890 D vol.VolumeDialogImpl: dismissH: isAnimatingDismiss
08-17 20:03:40.439 22782 22853 I BugleTransport: Enabled transport is Tachygram [CONTEXT ratelimit_period="5 SECONDS" ]
08-17 20:03:40.439 22782 22853 I BugleTransport: refreshChatTransport: isChatAvailable: true, enabledTransport: 2, configuration: Type: 1, Version: 50, Validity: 425625, Last updated: 1691976351, Remaining validity: 135356, Reconfiguration requested: false, Messaging technology: CPM, rcsVolteSingleRegistration: false
08-17 20:03:40.439 22782 22850 I RcsClientLib: shouldUseCarrierServicesJibeService: true, CarrierServices rcs service found: true
08-17 20:03:40.439   975   975 I WifiHAL : Creating message to get link statistics; iface = 47
08-17 20:03:40.441 22782 22845 I RcsClientLib: com.google.android.rcs.client.locationsharing.LocationSharingService connected
08-17 20:03:40.441 22782 22845 I BugleRcs: com.google.android.rcs.client.locationsharing.LocationSharingService RCS service connected
08-17 20:03:40.443  2219  3169 I SHANNON_IMS: 2951 [PROX] onReceive: intent= [Intent { act=android.intent.action.SCREEN_OFF flg=0x50200010 }] (ConnectivityBroadcastReceiver%onReceive:108)
08-17 20:03:40.444 22782 22850 I RcsClientLib: Connecting RcsProfileService
08-17 20:03:40.445 22782 22850 I RcsClientLib: shouldUseCarrierServicesJibeService: true, CarrierServices rcs service found: true
08-17 20:03:40.446 22782 22845 I RcsClientLib: com.google.android.rcs.client.ims.ImsConnectionTrackerService connected
08-17 20:03:40.446 22782 22845 I BugleRcs: com.google.android.rcs.client.ims.ImsConnectionTrackerService RCS service connected
08-17 20:03:40.449  3481  3481 D NfcService: MSG_APPLY_SCREEN_STATE 2
08-17 20:03:40.449 22782 22850 I RcsClientLib: Connecting RcsMessagingService
08-17 20:03:40.449   966  4226 D NfcNciHalWrapper: nfc_set_state 5->11
08-17 20:03:40.451 22782 22850 I RcsClientLib: shouldUseCarrierServicesJibeService: true, CarrierServices rcs service found: true
08-17 20:03:40.454 22782 22850 I BugleRcs: connecting to 8 Rcs Services
08-17 20:03:40.454 22782 22845 I BugleRcs: subscribing to global rcs listener
08-17 20:03:40.455  1352  1596 W BroadcastQueue: Exported Denial: sending Intent { act=android.net.conn.CONNECTIVITY_CHANGE flg=0x4200010 (has extras) }, action: android.net.conn.CONNECTIVITY_CHANGE from null (uid=-1) due to receiver ProcessRecord{a89e8b 22782:com.google.android.apps.messaging/u0a138} (uid 10138) not specifying RECEIVER_EXPORTED
08-17 20:03:40.459  3481  3481 W libnfc_nci: [WARNING:NativeNfcTag.cpp(879)] nativeNfcTag_doDisconnect: tag already deactivated
08-17 20:03:40.459  4881 22856 I DeviceStatusMonitor: DeviceStatusMonitor.handleBroadcast():125 onReceive() : Action = android.intent.action.SCREEN_OFF
08-17 20:03:40.459  4881 22856 I DeviceStatusMonitor: DeviceStatusMonitor.updateCountryInfo():141 updateCountryInfo(), notifyAnyway = false
08-17 20:03:40.460 31733 31871 I ahns    : setScreenState
08-17 20:03:40.461  8894 14436 I CarrierServices: [889] EventHubProxy.subscribe: Adding event listener com.google.android.ims.rcsservice.events.IEventObserver$Stub$Proxy@5052698 for category 3 with key 84223640 for hub UI
08-17 20:03:40.461 31733 31877 I agbk    : (REDACTED) stopListening(%s, %s)
08-17 20:03:40.462  8894 14436 I CarrierServices: [889] EventHubProxy.subscribe: Adding event listener com.google.android.ims.rcsservice.events.IEventObserver$Stub$Proxy@683eef1 for category 5 with key 109309681 for hub UI
08-17 20:03:40.463  8894 14436 I CarrierServices: [889] EventHubProxy.subscribe: Adding event listener com.google.android.ims.rcsservice.events.IEventObserver$Stub$Proxy@8605ad6 for category 2 with key 140532438 for hub UI
08-17 20:03:40.463  4881  4881 I OnDeviceRecognitionProvider: OnDeviceRecognitionProvider.maybeScheduleAutoPackDownload():358 maybeScheduleAutoPackDownload() : LanguageTag = en-AU
08-17 20:03:40.464  4881  4881 I SpeechPackManager: SpeechPackManager.isPackAvailableOnDisk():203 isPackAvailableOnDisk() : LanguageTag = en-AU
08-17 20:03:40.465 22782 22820 D CompatibilityChangeReporter: Compat change id reported: 160794467; UID 10138; state: ENABLED
08-17 20:03:40.467 22782 22821 I RcsClientLib: Connecting RcsEngineLifecycleService
08-17 20:03:40.468 22782 22821 I RcsClientLib: shouldUseCarrierServicesJibeService: true, CarrierServices rcs service found: true
08-17 20:03:40.471 22782 22845 I BugleDataModel: ProcessPendingRevocationsActionScheduler: scheduled next action. back off seconds: 0
08-17 20:03:40.471 22782 22845 I BugleGroupManagement: Skipping RCS group identifiers telephony batch migration. Disabled by phenotype.
08-17 20:03:40.472 22782 22845 I RcsClientLib: com.google.android.rcs.client.profile.RcsProfileService connected
08-17 20:03:40.472 22782 22845 I BugleRcs: com.google.android.rcs.client.profile.RcsProfileService RCS service connected
08-17 20:03:40.473 22782 22845 I RcsClientLib: com.google.android.rcs.client.messaging.RcsMessagingService connected
08-17 20:03:40.473 22782 22845 I BugleRcs: com.google.android.rcs.client.messaging.RcsMessagingService RCS service connected
08-17 20:03:40.475 22782 22782 I BugleDataModel: ActionExecutorImpl: Timestamp for ACTION_EXECUTE_QUEUED_SendReportAction elapsedRealTime: 731964967 currentTimeMillis: 1692266620475
08-17 20:03:40.475 22782 22845 I BugleDataModel: ActionExecutorImpl: Timestamp for ACTION_BACKGROUND_QUEUED_SendReportAction elapsedRealTime: 731964967 currentTimeMillis: 1692266620475
08-17 20:03:40.475 22782 22782 I BugleDataModel: ActionExecutorImpl: Timestamp for ACTION_EXECUTE_QUEUED_ProcessPendingRevocationsAction elapsedRealTime: 731964967 currentTimeMillis: 1692266620475
08-17 20:03:40.475 22782 22845 I BugleDataModel: ActionExecutorImpl: Timestamp for ACTION_BACKGROUND_QUEUED_ProcessPendingRevocationsAction elapsedRealTime: 731964967 currentTimeMillis: 1692266620475
08-17 20:03:40.476 31733 31878 I daoj    : (REDACTED) FCF System FeatureName to check: %s
08-17 20:03:40.476 31733 31878 I daoj    : (REDACTED) FCF: Device model check status : %s
08-17 20:03:40.476 22782 22821 I RcsClientLib: com.google.android.rcs.client.lifecycle.RcsEngineLifecycleService connected
08-17 20:03:40.476 31733 31880 I daog    : FCF A11y Checker - readyForTngMa
08-17 20:03:40.477 31733 31877 I dbqt    : (REDACTED) #isBluetoothOrWiredHeadsetConnected Number of connected audio devices: %s
08-17 20:03:40.477 31733 31877 I daqc    : (REDACTED) #FCF: Headset Connected Status: %s
08-17 20:03:40.477 31733 31880 I darr    : (REDACTED) #FCF: Managed profile check status : %s
08-17 20:03:40.478  4881  4881 I GoogleInputMethodService: GoogleInputMethodService.updateDeviceLockedStatus():2068 repeatCheckTimes = 0, locked = true
08-17 20:03:40.479   975   975 I WifiHAL : In GetLinkStatsCommand::handleResponse
08-17 20:03:40.479  2219  3166 W SHANNON_IMS: 2958 [CONN] Timer IMS_SUPPORT_SERVICE_TIMER expired (ConnectionTimer$ConnectionTimerTask%run:68)
08-17 20:03:40.482 31733 31878 I dana    : (REDACTED) #FCF: Assistant primary locale : %s
08-17 20:03:40.482 31733 31878 I dana    : (REDACTED) #FCF: Assistant Primary locale check status : %s
08-17 20:03:40.482 31733 31877 I darq    : (REDACTED) #FCF: Demo mode check status : %s
08-17 20:03:40.482  8894 14436 I CarrierServices: [889] RcsEngineImpl.triggerStopRcsStack: RcsEngineImpl[DUAL_REG]:[9528d01b-2ae8]: triggerStopRcsStack for msisdn:redacted-pii:phone_number[chars:12,last2:66]
08-17 20:03:40.482  8894  9020 I CarrierServices: [860] gwb.handleMessage: RcsEngineImpl[DUAL_REG]:[9528d01b-2ae8]>Handler: handleMessage processing message:[STOP_RCS_STACK] with [non-null]:RcsEngineImpl reference
08-17 20:03:40.482  8894  9020 I CarrierServices: [860] gwb.handleMessage: RcsEngineImpl[DUAL_REG]:[9528d01b-2ae8]>Handler: RCS engine STOP RCS stack
08-17 20:03:40.483  8894  9020 W CarrierServices: [860] RcsEngineImpl.e: RcsEngineImpl[DUAL_REG]:[9528d01b-2ae8]: imsModule is null, shutdown not required
08-17 20:03:40.483  8894  9020 I CarrierServices: [860] RcsEngineImpl.stopRcsStackInternal: RcsEngineImpl[DUAL_REG]:[9528d01b-2ae8]: skipping imsModule.stop
08-17 20:03:40.483  8894  9020 I CarrierServices: [860] gwb.handleMessage: RcsEngineImpl[DUAL_REG]:[9528d01b-2ae8]>Handler: handleMessage processing message:[NOTIFY_UPTIME_IGNORE_STATE_CHANGED] with [non-null]:RcsEngineImpl reference
08-17 20:03:40.483 22782 22861 I RcsClientLib: Disconnecting RcsEngineLifecycleService
08-17 20:03:40.485  4881  4881 I InputBundle: InputBundle.consumeEvent():827 Skip consuming an event as imeStatus is 0
08-17 20:03:40.486  8894  9020 I CarrierServices: [860] gti.z: Rcs is enabled from user settings: true
08-17 20:03:40.494 14340 14340 I RCNService: updateRcnState to isNetworkAvailable: true, isRcnSettingsEnabled: true, isScreenOn: false
08-17 20:03:40.498  1352  5442 I MediaSessionStack: removeSession | record: com.google.android.gms/cast_rcn_media_session (userId=0)
08-17 20:03:40.498  2094  2094 V MediaPlayerList: onActiveSessionsChanged: number of controllers: 0
08-17 20:03:40.505  2094  2108 D BtGatt.GattService: writeCharacteristic() - trying to acquire permit.
08-17 20:03:40.505 14340 14340 W ChimeraUtils: Module com.google.android.gms.cast missing resource cast_module_display_name(0)
08-17 20:03:40.505  2094  2182 D BtGatt.GattService: onWriteCharacteristic() - increasing permit for address=FB:7D:08:88:98:6A
08-17 20:03:40.506  2094  2108 D BtGatt.GattService: writeCharacteristic() - trying to acquire permit.
08-17 20:03:40.506  2094  2182 D BtGatt.GattService: onWriteCharacteristic() - increasing permit for address=FB:7D:08:88:98:6A
08-17 20:03:40.507  2094  2108 D BtGatt.GattService: writeCharacteristic() - trying to acquire permit.
08-17 20:03:40.507  2094  2182 D BtGatt.GattService: onWriteCharacteristic() - increasing permit for address=FB:7D:08:88:98:6A
08-17 20:03:40.515 14340 14340 W MediaRouter: Ignoring invalid provider descriptor: null
08-17 20:03:40.517 14340 17594 I NearbySharing: (REDACTED) Screen is already %s, skipping invalidate
08-17 20:03:40.518 14340 14757 I NearbyDiscovery: (REDACTED) FastPairHandler: Received action %s
08-17 20:03:40.518 14340 14757 I NearbyDiscovery: (REDACTED) FastPairScanner: isScreenOn=%s, isLocationEnabled=%s, disableLocationRequirement=%s, isDiscoveryScanningEnabled=%s, during24GhzWifiWarmingUpPeriod=%s
08-17 20:03:40.518 14340 14757 D BluetoothAdapter: isLeEnabled(): ON
08-17 20:03:40.519 14340 14757 I NearbyDiscovery: (REDACTED) FastPairScanner: eventType=%s, intReq=%s, scanning=%s, scanAllowed=%s, bleEnabled=%s, bleScanAvailable=%s, lockScanRate=%s, startScanningByLowPowerMode=%s
08-17 20:03:40.521  1352  4827 W AppOps  : Noting op not finished: uid 10143 pkg com.google.android.gms code 113 startTime of in progress event=1692266515696
08-17 20:03:40.522 22782 22820 I BugleDataModel: ActionExecutorImpl: Timestamp for ACTION_RESPONSE_QUEUED_SendReportAction elapsedRealTime: 731965014 currentTimeMillis: 1692266620522
08-17 20:03:40.529 22782 22820 I BugleDataModel: ActionExecutorImpl: Timestamp for ACTION_RESPONSE_QUEUED_ProcessPendingRevocationsAction elapsedRealTime: 731965021 currentTimeMillis: 1692266620529
08-17 20:03:40.533  1352  4821 W AppOps  : Noting op not finished: uid 10177 pkg com.google.android.gms.location.history code 79 startTime of in progress event=1692235497602
08-17 20:03:40.536  1352  4821 W AppOps  : Noting op not finished: uid 10143 pkg com.google.android.gms code 79 startTime of in progress event=1692266515696
08-17 20:03:40.539  1352  3926 W AppOps  : Noting op not finished: uid 10143 pkg com.google.android.gms code 113 startTime of in progress event=1692266515696
08-17 20:03:40.541 31733 31871 I hkgd    : (REDACTED) GMSCore Auth returned %d accounts.
08-17 20:03:40.541 31733 31871 I hkgd    : (REDACTED) GoogleOwnersProvider returned %d accounts.
08-17 20:03:40.541  1352  3926 W AppOps  : Noting op not finished: uid 10143 pkg com.google.android.gms code 113 startTime of in progress event=1692266515696
08-17 20:03:40.568  2149  2149 D GRIL-S  : [5239]> UPDATE_SCONE_INFO Mobility:3 Battery:2 Thermal:0 Screen:2
08-17 20:03:40.587  1352  1741 I PowerGroup: Waking up power group from Dozing (groupId=0, uid=1000, reason=WAKE_REASON_POWER_BUTTON, details=android.policy:POWER)...
08-17 20:03:40.587  1352  1741 I PowerManagerService: Waking up from Dozing (uid=1000, reason=WAKE_REASON_POWER_BUTTON, details=android.policy:POWER)...
08-17 20:03:40.589  1352  1352 E ActivityManager: Cancel pending or running compactions as system is awake
08-17 20:03:40.591  1352  1644 I DreamManagerService: Gently waking up from dream.
08-17 20:03:40.591   951   951 D usf_sensor_hal: binned brightness: Enter Activate. Enable = 0.
08-17 20:03:40.592  1352  4827 I DreamManagerService: Leaving dreamland.
08-17 20:03:40.593  1352  1644 I DisplayPowerController[0]: Blocking screen on until initial contents have been drawn.
08-17 20:03:40.594   951   951 D usf_sensor_hal: auto brightness: Enter Batch. period = 1000000000, latency = 0.
08-17 20:03:40.594   951   951 D usf_sensor_hal: auto brightness: Enter Activate. Enable = 1.
08-17 20:03:40.595  1154  1154 D AOC     : A3:MSG: usf_sensor.cc, 1375: USF: Received stop sampling request for Binned Brightness.
08-17 20:03:40.595  1154  1154 D AOC     : A3:MSG: vsc_sensor.cc, 68: VSC: [Binned Brightness] disable.
08-17 20:03:40.595  1154  1154 D AOC     : A3:MSG: vsc_controller.cc, 555: VSC: [Binned Brightness] stopSensorEvents: sensor 0x10005
08-17 20:03:40.595  1154  1154 D AOC     : A3:MSG: usf_sensor.cc, 1375: USF: Received stop sampling request for TMD3719 Ambient Light.
08-17 20:03:40.595  1154  1154 D AOC     : A3:MSG: binned_brightness.c, 255: [BINNED_BRIGHTNESS] Deleted instance at 0x400f9588
08-17 20:03:40.595  1154  1154 D AOC     : A3:MSG: usf_sensor.cc, 1368: USF: Received start sampling request for Auto Brightness.
08-17 20:03:40.595  1352  1584 I DreamController: Stopping dream: name=ComponentInfo{com.android.systemui/com.android.systemui.doze.DozeService}, isPreviewMode=false, canDoze=true, userId=0, reason='finished self'(from 'power manager request')
08-17 20:03:40.596  1154  1154 D AOC     : A3:MSG: vsc_sensor.cc, 37: VSC: [Auto Brightness] enable: period 1000000000, latency = 0
08-17 20:03:40.596  1154  1154 D AOC     : A3:MSG: vsc_controller.cc, 537: VSC: [Auto Brightness] requestSensorEvents: sensor 0x20009, period=100 latency=0ms.
08-17 20:03:40.596  1154  1154 D AOC     : A3:MSG: usf_sensor.cc, 1368: USF: Received start sampling request for TMD3719 Ambient Light.
08-17 20:03:40.596  1154  1154 D AOC     : A3:MSG: vsc_controller.cc, 537: VSC: [Auto Brightness] requestSensorEvents: sensor 0x2000e, period=100 latency=0ms.
08-17 20:03:40.596  1154  1154 D AOC     : A3:MSG: auto_brightness.c, 950: [Auto Brightness] Configured instance at 0x7811a060, front-als:1 rear-als:0 rls:0
08-17 20:03:40.597 27759 27830 I AiAiEcho: Predicting[7]: { Feature:1, creation:2023-08-17T09:32:17Z, expiry:2023-08-17T10:00:00Z, isExpired: true}, { Feature:1, creation:2023-08-17T10:00:00Z, expiry:2023-08-17T11:00:00Z, isExpired: false}, { Feature:1, creation:2023-08-17T11:00:00Z, expiry:2023-08-17T11:00:00Z, isExpired: true}, { Feature:1, creation:2023-08-17T12:00:00Z, expiry:2023-08-17T12:00:00Z, isExpired: true}, { Feature:1, creation:2023-08-17T13:00:00Z, expiry:2023-08-17T13:00:00Z, isExpired: true}, { Feature:1, creation:2023-08-17T14:00:00Z, expiry:2023-08-17T14:00:00Z, isExpired: true}, { Feature:1, creation:2023-08-17T15:00:00Z, expiry:2023-08-17T15:00:00Z, isExpired: true} [CONTEXT sampling_count=5 ]
08-17 20:03:40.597 27759 27830 I AiAiEcho: EchoTargets: Feature:1
08-17 20:03:40.597 27759 27830 I AiAiEcho: Filtered by AiAi flag check: 
08-17 20:03:40.597 27759 27830 I AiAiEcho: [CONTEXT ratelimit_period="10 SECONDS" ]
08-17 20:03:40.597  1352  1644 V DisplayPowerController[0]: Brightness [0.07795492] reason changing to: 'screen_off_brightness_sensor', previous reason: 'screen_off'.
08-17 20:03:40.597   951   951 D usf_sensor_hal: proximity: Enter Batch. period = 20000000, latency = 0.
08-17 20:03:40.597 27759 27830 I AiAiEcho: Ranked targets strategy: WEIGHTED, count: 1, ranking metadata: { cardId: WEATHER-569377244, card type: 1, update time: 2023-08-17T10:00:00Z, expiration time: 2023-08-17T11:00:00Z, ranking metadata: RankingMetaData(urgency=0.992, priority=0.3, recency=1.0, rankScore=0.2976, importantTimePoints=# nwa@7bca4) } [CONTEXT ratelimit_period="10 SECONDS" ]
08-17 20:03:40.598   951   951 D usf_sensor_hal: proximity: Enter Activate. Enable = 1.
08-17 20:03:40.598  1352  1644 I DisplayPowerController[0]: BrightnessEvent: disp=0, physDisp=local:4619827677550801152, brt=0.07795492, initBrt=0.0, rcmdBrt=NaN, preBrt=NaN, lux=NaN, preLux=NaN, hbmMax=0.62, hbmMode=off, rbcStrength=50, powerFactor=1.0, thrmMax=1.0, wasShortTermModelActive=false, flags=invalid_lux , reason=screen_off_brightness_sensor, autoBrightness=true
08-17 20:03:40.598 27759 27830 I AiAiEcho: #weatherTwiddler: Weather removes SubtitleSupplementalItem in surface: lockscreen [CONTEXT ratelimit_period="10 SECONDS" ]
08-17 20:03:40.598  1890  1890 W OnBackInvokedCallback: OnBackInvokedCallback is not enabled for the application.
08-17 20:03:40.598  1890  1890 W OnBackInvokedCallback: Set 'android:enableOnBackInvokedCallback="true"' in the application manifest.
08-17 20:03:40.598  1154  1154 D AOC     : A3:MSG: usf_sensor.cc, 1368: USF: Received start sampling request for TMD3719 Proximity.
08-17 20:03:40.598  1352  1644 I DisplayPowerController[0]: BrightnessEvent: disp=0, physDisp=local:4619827677550801152, brt=0.07795492, initBrt=0.07795492, rcmdBrt=NaN, preBrt=NaN, lux=NaN, preLux=NaN, hbmMax=0.62, hbmMode=off, rbcStrength=50, powerFactor=1.0, thrmMax=1.0, wasShortTermModelActive=false, flags=invalid_lux , reason=screen_off_brightness_sensor, autoBrightness=true
08-17 20:03:40.598  1890  1890 D CentralSurfaces: Received new disable state: enaihbcRso.qingr (unchanged)
08-17 20:03:40.598  1890  1890 D CentralSurfaces: Received new disable state: enaihbcRso.qingr (unchanged)
08-17 20:03:40.598   452   452 D SurfaceFlinger: Setting power mode 2 on display 4619827677550801152
08-17 20:03:40.598  1352  1587 I DisplayDeviceRepository: Display device changed state: "Built-in Screen", ON
08-17 20:03:40.598   459   459 D display : setPowerMode:: FBIOBLANK mode(2), blank(0)
08-17 20:03:40.599  1890  1890 D CentralSurfaces: updateQsExpansionEnabled - QS Expand enabled: true
08-17 20:03:40.599  1352  1587 I InputManager-JNI: Viewport [0] to add: local:4619827677550801152, isActive: true
08-17 20:03:40.600  1352  1741 I InputReader: Reconfiguring input devices, changes=DISPLAY_INFO | 
08-17 20:03:40.600  1352  1741 I InputReader: Device reconfigured: id=4, name='fts', size 1080x2400, orientation 0, mode 1, display id 0
08-17 20:03:40.600  1352  4827 I DisplayDevice: [0] Layerstack set to 0 for local:4619827677550801152
08-17 20:03:40.601  1352  1352 I BrightnessSynchronizer: [5148] New Update 0.07795492(f) set brightness values:  21(i)
08-17 20:03:40.601  1352  1352 I BrightnessSynchronizer: New PendingUpdate: {[5149] 0.07795492(f), mUpdatedTypes=0, mConfirmedTypes=0, mTimeUpdated=0}, prev=null
08-17 20:03:40.601  1890  1890 D CentralSurfaces: updateQsExpansionEnabled - QS Expand enabled: true
08-17 20:03:40.601  1352  1644 I DisplayPowerController[0]: BrightnessEvent: disp=0, physDisp=local:4619827677550801152, brt=0.07795492, initBrt=0.07795492, rcmdBrt=NaN, preBrt=NaN, lux=NaN, preLux=NaN, hbmMax=0.62, hbmMode=off, rbcStrength=50, powerFactor=1.0, thrmMax=1.0, wasShortTermModelActive=false, flags=invalid_lux , reason=screen_off_brightness_sensor, autoBrightness=true
08-17 20:03:40.601 14340 14340 I NearbyDiscovery: (REDACTED) FastPairDisplayObserver: %s -> %s
08-17 20:03:40.602   951   951 D usf_sensor_hal: accelerometer: Enter Batch. period = 200000000, latency = 2000000000.
08-17 20:03:40.602   951   951 D usf_sensor_hal: IMU temperature: Enter Batch. period = 615385000, latency = 2000000000.
08-17 20:03:40.605   951   951 D usf_sensor_hal: accelerometer: Enter Activate. Enable = 1.
08-17 20:03:40.602 14340 14340 I NearbyDirect: (REDACTED) FastPairDisplayObserver: %s -> %s
08-17 20:03:40.605  1154  1154 D AOC     : A3:MSG: usf_sensor.cc, 1368: USF: Received start sampling request for LSM6DSR Accelerometer.
08-17 20:03:40.605   951   951 D usf_sensor_hal: IMU temperature: Enter Activate. Enable = 1.
08-17 20:03:40.605 14340 14757 I NearbyDiscovery: (REDACTED) FastPairScanner: isScreenOn=%s, isLocationEnabled=%s, disableLocationRequirement=%s, isDiscoveryScanningEnabled=%s, during24GhzWifiWarmingUpPeriod=%s
08-17 20:03:40.605 14340 14757 D BluetoothAdapter: isLeEnabled(): ON
08-17 20:03:40.606  1154  1154 D AOC     : A3:MSG: usf_sensor.cc, 1368: USF: Received start sampling request for LSM6DSR Temperature.
08-17 20:03:40.606  2149  2149 D GRIL-S  : [5240]> UPDATE_DEVICE_STATE DeviceState: Usb:1, Wifi: 1, Wifi AP: 0, Earpiece: 0, Bluetooth: 1, Wireless charging: 0, Screen: 1, Camera: 0, 0, -, -, Motion: 1, Bluetooth tethering: 0, Voice: 0, Wifi 2.4G: 0, Radio: 1, Bluetooth connected: 0, Bluetooth media: 0, Wifi Band: 2, Wifi AP Band: 0, Wifi call: 0, mmWave: 0, mCellBackhaul: 0, mHallSensor: 0
08-17 20:03:40.606 27759 27830 I AiAiEcho: #postPredictionTargets: Sending updates to UISurface lockscreen with targets# 1 (types=[1])
08-17 20:03:40.606 14340 14703 I Nearby  : (REDACTED) [MBleClient] Start ble scanning from %s, context tag = %s
08-17 20:03:40.606 14340 14703 D BluetoothAdapter: isLeEnabled(): ON
08-17 20:03:40.607 14340 14757 I NearbyDiscovery: (REDACTED) FastPairScanner: eventType=%s, intReq=%s, scanning=%s, scanAllowed=%s, bleEnabled=%s, bleScanAvailable=%s, lockScanRate=%s, startScanningByLowPowerMode=%s
08-17 20:03:40.607  2128  2820 I HbmSvManager:  Request state 0 req 1
08-17 20:03:40.608 14340 14757 I NearbyDiscovery: (REDACTED) FastPairScanner: isScreenOn=%s, isLocationEnabled=%s, disableLocationRequirement=%s, isDiscoveryScanningEnabled=%s, during24GhzWifiWarmingUpPeriod=%s
08-17 20:03:40.608 14340 14757 I NearbyDiscovery: (REDACTED) FastPairScanner: Start scanning internally in %s
08-17 20:03:40.608 14340 14757 D BluetoothAdapter: isLeEnabled(): ON
08-17 20:03:40.609  1352  1352 I BrightnessSynchronizer: Swallowing update of 21(i) by update: {[5148] 0.07795492(f), mUpdatedTypes=1, mConfirmedTypes=1, mTimeUpdated=243622783}
08-17 20:03:40.609  1352  1352 I BrightnessSynchronizer: Completed Update: {[5148] 0.07795492(f), mUpdatedTypes=1, mConfirmedTypes=1, mTimeUpdated=243622783}
08-17 20:03:40.610 27759 27777 I AiAiEcho: Settings changed for uri: content://settings/secure/restart_nap_after_start
08-17 20:03:40.612  2094  2108 D ActivityAttributionService: notifyActivityAttributionInfo UID=1002 packageName=com.google.android.bluetooth deviceAddress=no_active_device_address
08-17 20:03:40.612  2094  2108 I bt_btif : packages/modules/Bluetooth/system/btif/src/bluetooth.cc:465 get_profile_interface: get_profile_interface: id = activity_attribution
08-17 20:03:40.612 27759 27830 I AiAiEcho: Predicting[7]: { Feature:1, creation:2023-08-17T09:32:17Z, expiry:2023-08-17T10:00:00Z, isExpired: true}, { Feature:1, creation:2023-08-17T10:00:00Z, expiry:2023-08-17T11:00:00Z, isExpired: false}, { Feature:1, creation:2023-08-17T11:00:00Z, expiry:2023-08-17T11:00:00Z, isExpired: true}, { Feature:1, creation:2023-08-17T12:00:00Z, expiry:2023-08-17T12:00:00Z, isExpired: true}, { Feature:1, creation:2023-08-17T13:00:00Z, expiry:2023-08-17T13:00:00Z, isExpired: true}, { Feature:1, creation:2023-08-17T14:00:00Z, expiry:2023-08-17T14:00:00Z, isExpired: true}, { Feature:1, creation:2023-08-17T15:00:00Z, expiry:2023-08-17T15:00:00Z, isExpired: true} [CONTEXT sampling_count=5 ]
08-17 20:03:40.613  2094  2447 I bt_stack: [INFO:le_scanning_manager.cc(154)] Scan in shim layer stopped
08-17 20:03:40.613  2094  2460 I bluetooth: packages/modules/Bluetooth/system/gd/hci/le_scanning_manager.cc:659 stop_scan: Scanning already stopped, return!
08-17 20:03:40.613 27759 27830 I AiAiEcho: EchoTargets: Feature:1
08-17 20:03:40.613 27759 27830 I AiAiEcho: Filtered by AiAi flag check: 
08-17 20:03:40.613 27759 27830 I AiAiEcho: [CONTEXT ratelimit_period="10 SECONDS" ]
08-17 20:03:40.613 27759 27830 I AiAiEcho: Ranked targets strategy: WEIGHTED, count: 0, ranking metadata:  [CONTEXT ratelimit_period="10 SECONDS" ]
08-17 20:03:40.613   921  1834 D audio_hw: adev_set_parameters: enter: screen_state=on
