08-17 20:03:43.245 22240 22631 D UE      : [2023.08.17-10.03.43:245][  0]LogConfig: Applying CVar settings from Section [/Script/Engine.RendererOverrideSettings] File [Engine]
08-17 20:03:43.245 22240 22631 D UE      : [2023.08.17-10.03.43:245][  0]LogConfig: Applying CVar settings from Section [/Script/Engine.StreamingSettings] File [Engine]
08-17 20:03:43.245 22240 22631 D UE      : [2023.08.17-10.03.43:245][  0]LogConfig: Set CVar [[s.MinBulkDataSizeForAsyncLoading:131072]]
08-17 20:03:43.245 22240 22631 D UE      : [2023.08.17-10.03.43:245][  0]LogConfig: Set CVar [[s.AsyncLoadingThreadEnabled:1]]
08-17 20:03:43.245 22240 22631 D UE      : [2023.08.17-10.03.43:245][  0]LogConfig: Set CVar [[s.EventDrivenLoaderEnabled:1]]
08-17 20:03:43.245 22240 22631 D UE      : [2023.08.17-10.03.43:245][  0]LogConfig: Set CVar [[s.WarnIfTimeLimitExceeded:0]]
08-17 20:03:43.245 22240 22631 D UE      : [2023.08.17-10.03.43:245][  0]LogConfig: Set CVar [[s.TimeLimitExceededMultiplier:1.5]]
08-17 20:03:43.245 22240 22631 D UE      : [2023.08.17-10.03.43:245][  0]LogConfig: Set CVar [[s.TimeLimitExceededMinTime:0.005]]
08-17 20:03:43.245 22240 22631 D UE      : [2023.08.17-10.03.43:245][  0]LogConfig: Set CVar [[s.UseBackgroundLevelStreaming:1]]
08-17 20:03:43.245 22240 22631 D UE      : [2023.08.17-10.03.43:245][  0]LogConfig: Set CVar [[s.PriorityAsyncLoadingExtraTime:15.0]]
08-17 20:03:43.245 22240 22631 D UE      : [2023.08.17-10.03.43:245][  0]LogConfig: Set CVar [[s.LevelStreamingActorsUpdateTimeLimit:5.0]]
08-17 20:03:43.245 22240 22631 D UE      : [2023.08.17-10.03.43:245][  0]LogConfig: Set CVar [[s.PriorityLevelStreamingActorsUpdateExtraTime:5.0]]
08-17 20:03:43.245 22240 22631 D UE      : [2023.08.17-10.03.43:245][  0]LogConfig: Set CVar [[s.LevelStreamingComponentsRegistrationGranularity:10]]
08-17 20:03:43.245 22240 22631 D UE      : [2023.08.17-10.03.43:245][  0]LogConfig: Set CVar [[s.UnregisterComponentsTimeLimit:1.0]]
08-17 20:03:43.245 22240 22631 D UE      : [2023.08.17-10.03.43:245][  0]LogConfig: Set CVar [[s.LevelStreamingComponentsUnregistrationGranularity:5]]
08-17 20:03:43.245 22240 22631 D UE      : [2023.08.17-10.03.43:245][  0]LogConfig: CVar [[s.MaxPackageSummarySize:16384]] deferred - dummy variable created
08-17 20:03:43.245 22240 22631 D UE      : [2023.08.17-10.03.43:245][  0]LogConfig: Set CVar [[s.FlushStreamingOnExit:1]]
08-17 20:03:43.245 22240 22631 D UE      : [2023.08.17-10.03.43:245][  0]LogConfig: CVar [[FixedBootOrder:/Script/Engine/Default__SoundBase]] deferred - dummy variable created
08-17 20:03:43.246 22240 22631 D UE      : [2023.08.17-10.03.43:246][  0]LogConfig: CVar [[FixedBootOrder:/Script/Engine/Default__MaterialInterface]] deferred - dummy variable created
08-17 20:03:43.246 22240 22631 D UE      : [2023.08.17-10.03.43:246][  0]LogConfig: CVar [[FixedBootOrder:/Script/Engine/Default__DeviceProfileManager]] deferred - dummy variable created
08-17 20:03:43.246 22240 22631 D UE      : [2023.08.17-10.03.43:246][  0]LogConfig: Applying CVar settings from Section [/Script/Engine.GarbageCollectionSettings] File [Engine]
08-17 20:03:43.246 22240 22631 D UE      : [2023.08.17-10.03.43:246][  0]LogConfig: Set CVar [[gc.MaxObjectsNotConsideredByGC:1]]
08-17 20:03:43.246 22240 22631 D UE      : [2023.08.17-10.03.43:246][  0]LogConfig: Set CVar [[gc.SizeOfPermanentObjectPool:0]]
08-17 20:03:43.246 22240 22631 D UE      : [2023.08.17-10.03.43:246][  0]LogConfig: Set CVar [[gc.FlushStreamingOnGC:0]]
08-17 20:03:43.246 22240 22631 D UE      : [2023.08.17-10.03.43:246][  0]LogConfig: Set CVar [[gc.NumRetriesBeforeForcingGC:10]]
08-17 20:03:43.246 22240 22631 D UE      : [2023.08.17-10.03.43:246][  0]LogConfig: Set CVar [[gc.AllowParallelGC:1]]
08-17 20:03:43.246 22240 22631 D UE      : [2023.08.17-10.03.43:246][  0]LogConfig: Set CVar [[gc.TimeBetweenPurgingPendingKillObjects:61.1]]
08-17 20:03:43.246 22240 22631 D UE      : [2023.08.17-10.03.43:246][  0]LogConfig: Set CVar [[gc.MaxObjectsInEditor:25165824]]
08-17 20:03:43.246 22240 22631 D UE      : [2023.08.17-10.03.43:246][  0]LogConfig: Set CVar [[gc.IncrementalBeginDestroyEnabled:1]]
08-17 20:03:43.246 22240 22631 D UE      : [2023.08.17-10.03.43:246][  0]LogConfig: Set CVar [[gc.CreateGCClusters:1]]
08-17 20:03:43.246 22240 22631 D UE      : [2023.08.17-10.03.43:246][  0]LogConfig: Set CVar [[gc.MinGCClusterSize:5]]
08-17 20:03:43.246 22240 22631 D UE      : [2023.08.17-10.03.43:246][  0]LogConfig: Set CVar [[gc.AssetClustreringEnabled:0]]
08-17 20:03:43.246 22240 22631 D UE      : [2023.08.17-10.03.43:246][  0]LogConfig: Set CVar [[gc.ActorClusteringEnabled:0]]
08-17 20:03:43.246 22240 22631 D UE      : [2023.08.17-10.03.43:246][  0]LogConfig: Set CVar [[gc.BlueprintClusteringEnabled:0]]
08-17 20:03:43.246 22240 22631 D UE      : [2023.08.17-10.03.43:246][  0]LogConfig: Set CVar [[gc.UseDisregardForGCOnDedicatedServers:0]]
08-17 20:03:43.246 22240 22631 D UE      : [2023.08.17-10.03.43:246][  0]LogConfig: Set CVar [[gc.MultithreadedDestructionEnabled:1]]
08-17 20:03:43.247 22240 22631 D UE      : [2023.08.17-10.03.43:247][  0]LogConfig: Set CVar [[gc.VerifyGCObjectNames:1]]
08-17 20:03:43.247 22240 22631 D UE      : [2023.08.17-10.03.43:247][  0]LogConfig: Set CVar [[gc.VerifyUObjectsAreNotFGCObjects:0]]
08-17 20:03:43.247 22240 22631 D UE      : [2023.08.17-10.03.43:247][  0]LogConfig: Set CVar [[gc.PendingKillEnabled:1]]
08-17 20:03:43.247 22240 22631 D UE      : [2023.08.17-10.03.43:247][  0]LogConfig: Set CVar [[gc.MaxObjectsInGame:131072]]
08-17 20:03:43.247 22240 22631 D UE      : [2023.08.17-10.03.43:247][  0]LogConfig: Applying CVar settings from Section [/Script/Engine.NetworkSettings] File [Engine]
08-17 20:03:43.247 22240 22631 D UE      : [2023.08.17-10.03.43:247][  0]LogConfig: CVar [[NetworkEmulationProfiles:(ProfileName="Average",ToolTip="Simulates average internet conditions")]] deferred - dummy variable created
08-17 20:03:43.247 22240 22631 D UE      : [2023.08.17-10.03.43:247][  0]LogConfig: CVar [[NetworkEmulationProfiles:(ProfileName="Bad",ToolTip="Simulates laggy internet conditions")]] deferred - dummy variable created
08-17 20:03:43.248 22240 22631 D UE      : [2023.08.17-10.03.43:248][  0]LogConfig: Applying CVar settings from Section [ViewDistanceQuality@3] File [Scalability]
08-17 20:03:43.248 22240 22631 D UE      : [2023.08.17-10.03.43:248][  0]LogConfig: Set CVar [[r.SkeletalMeshLODBias:0]]
08-17 20:03:43.248 22240 22631 D UE      : [2023.08.17-10.03.43:248][  0]LogConfig: Set CVar [[r.ViewDistanceScale:1.0]]
08-17 20:03:43.248 22240 22631 D UE      : [2023.08.17-10.03.43:248][  0]LogConfig: Set CVar [[r.NeverOcclusionTestDistance:2000]]
08-17 20:03:43.248 22240 22631 D UE      : [2023.08.17-10.03.43:248][  0]LogConfig: Applying CVar settings from Section [AntiAliasingQuality@3] File [Scalability]
08-17 20:03:43.248 22240 22631 D UE      : [2023.08.17-10.03.43:248][  0]LogConfig: Set CVar [[r.FXAA.Quality:0]]
08-17 20:03:43.248 22240 22631 D UE      : [2023.08.17-10.03.43:248][  0]LogConfig: Set CVar [[r.TemporalAA.Quality:2]]
08-17 20:03:43.248 22240 22631 D UE      : [2023.08.17-10.03.43:248][  0]LogConfig: Set CVar [[r.TSR.History.R11G11B10:1]]
08-17 20:03:43.248 22240 22631 D UE      : [2023.08.17-10.03.43:248][  0]LogConfig: Set CVar [[r.TSR.History.ScreenPercentage:100]]
08-17 20:03:43.248 22240 22631 D UE      : [2023.08.17-10.03.43:248][  0]LogConfig: Set CVar [[r.TSR.History.UpdateQuality:3]]
08-17 20:03:43.248 22240 22631 D UE      : [2023.08.17-10.03.43:248][  0]LogConfig: Set CVar [[r.TSR.History.GrandReprojection:1]]
08-17 20:03:43.248 22240 22631 D UE      : [2023.08.17-10.03.43:248][  0]LogConfig: Set CVar [[r.TSR.ShadingRejection.Flickering:1]]
08-17 20:03:43.248 22240 22631 D UE      : [2023.08.17-10.03.43:248][  0]LogConfig: Set CVar [[r.TSR.Velocity.Extrapolation:1]]
08-17 20:03:43.248 22240 22631 D UE      : [2023.08.17-10.03.43:248][  0]LogConfig: CVar [[r.TSR.Velocity.HoleFill:1]] deferred - dummy variable created
08-17 20:03:43.248 22240 22631 D UE      : [2023.08.17-10.03.43:248][  0]LogConfig: Set CVar [[r.TSR.RejectionAntiAliasingQuality:2]]
08-17 20:03:43.249 22240 22631 D UE      : [2023.08.17-10.03.43:249][  0]LogConfig: Applying CVar settings from Section [ShadowQuality@3] File [Scalability]
08-17 20:03:43.249 22240 22631 D UE      : [2023.08.17-10.03.43:249][  0]LogConfig: Set CVar [[r.LightFunctionQuality:1]]
08-17 20:03:43.249 22240 22631 D UE      : [2023.08.17-10.03.43:249][  0]LogConfig: Set CVar [[r.ShadowQuality:2]]
08-17 20:03:43.249 22240 22631 D UE      : [2023.08.17-10.03.43:249][  0]LogConfig: Set CVar [[r.Shadow.CSM.MaxCascades:3]]
08-17 20:03:43.249 22240 22631 D UE      : [2023.08.17-10.03.43:249][  0]LogConfig: Set CVar [[r.Shadow.MaxResolution:2048]]
08-17 20:03:43.249 22240 22631 D UE      : [2023.08.17-10.03.43:249][  0]LogConfig: Set CVar [[r.Shadow.MaxCSMResolution:2048]]
08-17 20:03:43.249 22240 22631 D UE      : [2023.08.17-10.03.43:249][  0]LogConfig: Set CVar [[r.Shadow.RadiusThreshold:0.06]]
08-17 20:03:43.249 22240 22631 D UE      : [2023.08.17-10.03.43:249][  0]LogConfig: Set CVar [[r.Shadow.DistanceScale:1.0]]
08-17 20:03:43.249 22240 22631 D UE      : [2023.08.17-10.03.43:249][  0]LogConfig: Set CVar [[r.Shadow.CSM.TransitionScale:1.0]]
08-17 20:03:43.249 22240 22631 D UE      : [2023.08.17-10.03.43:249][  0]LogConfig: Set CVar [[r.Shadow.PreShadowResolutionFactor:1.0]]
08-17 20:03:43.249 22240 22631 D UE      : [2023.08.17-10.03.43:249][  0]LogConfig: Set CVar [[r.DistanceFieldShadowing:1]]
08-17 20:03:43.249 22240 22631 D UE      : [2023.08.17-10.03.43:249][  0]LogConfig: Set CVar [[r.DistanceFieldAO:1]]
08-17 20:03:43.249 22240 22631 D UE      : [2023.08.17-10.03.43:249][  0]LogConfig: Set CVar [[r.AOQuality:2]]
08-17 20:03:43.249 22240 22631 D UE      : [2023.08.17-10.03.43:249][  0]LogConfig: Set CVar [[r.VolumetricFog:1]]
08-17 20:03:43.249 22240 22631 D UE      : [2023.08.17-10.03.43:249][  0]LogConfig: Set CVar [[r.VolumetricFog.GridPixelSize:8]]
08-17 20:03:43.249 22240 22631 D UE      : [2023.08.17-10.03.43:249][  0]LogConfig: Set CVar [[r.VolumetricFog.GridSizeZ:128]]
08-17 20:03:43.249 22240 22631 D UE      : [2023.08.17-10.03.43:249][  0]LogConfig: Set CVar [[r.VolumetricFog.HistoryMissSupersampleCount:4]]
08-17 20:03:43.249 22240 22631 D UE      : [2023.08.17-10.03.43:249][  0]LogConfig: Set CVar [[r.LightMaxDrawDistanceScale:1]]
08-17 20:03:43.249 22240 22631 D UE      : [2023.08.17-10.03.43:249][  0]LogConfig: Set CVar [[r.CapsuleShadows:1]]
08-17 20:03:43.249 22240 22631 D UE      : [2023.08.17-10.03.43:249][  0]LogConfig: Set CVar [[r.Shadow.Virtual.MaxPhysicalPages:4096]]
08-17 20:03:43.249 22240 22631 D UE      : [2023.08.17-10.03.43:249][  0]LogConfig: Set CVar [[r.Shadow.Virtual.ResolutionLodBiasDirectional:-1.5]]
08-17 20:03:43.249 22240 22631 D UE      : [2023.08.17-10.03.43:249][  0]LogConfig: Set CVar [[r.Shadow.Virtual.ResolutionLodBiasLocal:0.0]]
08-17 20:03:43.249 22240 22631 D UE      : [2023.08.17-10.03.43:249][  0]LogConfig: Set CVar [[r.Shadow.Virtual.SMRT.RayCountDirectional:8]]
08-17 20:03:43.249 22240 22631 D UE      : [2023.08.17-10.03.43:249][  0]LogConfig: Set CVar [[r.Shadow.Virtual.SMRT.SamplesPerRayDirectional:4]]
08-17 20:03:43.249 22240 22631 D UE      : [2023.08.17-10.03.43:249][  0]LogConfig: Set CVar [[r.Shadow.Virtual.SMRT.RayCountLocal:8]]
08-17 20:03:43.249 22240 22631 D UE      : [2023.08.17-10.03.43:249][  0]LogConfig: Set CVar [[r.Shadow.Virtual.SMRT.SamplesPerRayLocal:4]]
08-17 20:03:43.250 22240 22631 D UE      : [2023.08.17-10.03.43:249][  0]LogConfig: Applying CVar settings from Section [GlobalIlluminationQuality@3] File [Scalability]
08-17 20:03:43.250 22240 22631 D UE      : [2023.08.17-10.03.43:250][  0]LogConfig: Set CVar [[r.Lumen.DiffuseIndirect.Allow:1]]
08-17 20:03:43.250 22240 22631 D UE      : [2023.08.17-10.03.43:250][  0]LogConfig: Set CVar [[r.LumenScene.Radiosity.ProbeSpacing:4]]
08-17 20:03:43.250 22240 22631 D UE      : [2023.08.17-10.03.43:250][  0]LogConfig: Set CVar [[r.LumenScene.Radiosity.HemisphereProbeResolution:4]]
08-17 20:03:43.250 22240 22631 D UE      : [2023.08.17-10.03.43:250][  0]LogConfig: Set CVar [[r.Lumen.TraceMeshSDFs.Allow:1]]
08-17 20:03:43.250 22240 22631 D UE      : [2023.08.17-10.03.43:250][  0]LogConfig: Set CVar [[r.Lumen.ScreenProbeGather.RadianceCache.ProbeResolution:32]]
08-17 20:03:43.250 22240 22631 D UE      : [2023.08.17-10.03.43:250][  0]LogConfig: Set CVar [[r.Lumen.ScreenProbeGather.RadianceCache.NumProbesToTraceBudget:300]]
08-17 20:03:43.250 22240 22631 D UE      : [2023.08.17-10.03.43:250][  0]LogConfig: Set CVar [[r.Lumen.ScreenProbeGather.ScreenSpaceBentNormal:1]]
08-17 20:03:43.250 22240 22631 D UE      : [2023.08.17-10.03.43:250][  0]LogConfig: Set CVar [[r.Lumen.ScreenProbeGather.DownsampleFactor:16]]
08-17 20:03:43.250 22240 22631 D UE      : [2023.08.17-10.03.43:250][  0]LogConfig: Set CVar [[r.Lumen.ScreenProbeGather.TracingOctahedronResolution:8]]
08-17 20:03:43.250 22240 22631 D UE      : [2023.08.17-10.03.43:250][  0]LogConfig: Set CVar [[r.Lumen.ScreenProbeGather.IrradianceFormat:0]]
08-17 20:03:43.250 22240 22631 D UE      : [2023.08.17-10.03.43:250][  0]LogConfig: Set CVar [[r.Lumen.ScreenProbeGather.StochasticInterpolation:0]]
08-17 20:03:43.250 22240 22631 D UE      : [2023.08.17-10.03.43:250][  0]LogConfig: Set CVar [[r.Lumen.ScreenProbeGather.FullResolutionJitterWidth:1]]
08-17 20:03:43.250 22240 22631 D UE      : [2023.08.17-10.03.43:250][  0]LogConfig: Set CVar [[r.Lumen.ScreenProbeGather.TwoSidedFoliageBackfaceDiffuse:1]]
08-17 20:03:43.250 22240 22631 D UE      : [2023.08.17-10.03.43:250][  0]LogConfig: Set CVar [[r.Lumen.TranslucencyVolume.GridPixelSize:32]]
08-17 20:03:43.250 22240 22631 D UE      : [2023.08.17-10.03.43:250][  0]LogConfig: Set CVar [[r.Lumen.TranslucencyVolume.TraceFromVolume:1]]
08-17 20:03:43.250 22240 22631 D UE      : [2023.08.17-10.03.43:250][  0]LogConfig: Set CVar [[r.Lumen.TranslucencyVolume.TracingOctahedronResolution:3]]
08-17 20:03:43.250 22240 22631 D UE      : [2023.08.17-10.03.43:250][  0]LogConfig: Set CVar [[r.Lumen.TranslucencyVolume.RadianceCache.ProbeResolution:8]]
08-17 20:03:43.250 22240 22631 D UE      : [2023.08.17-10.03.43:250][  0]LogConfig: Set CVar [[r.Lumen.TranslucencyVolume.RadianceCache.NumProbesToTraceBudget:200]]
08-17 20:03:43.250 22240 22631 D UE      : [2023.08.17-10.03.43:250][  0]LogConfig: Set CVar [[r.LumenScene.SurfaceCache.CardCaptureRefreshFraction:0.125]]
08-17 20:03:43.250 22240 22631 D UE      : [2023.08.17-10.03.43:250][  0]LogConfig: Applying CVar settings from Section [ReflectionQuality@3] File [Scalability]
08-17 20:03:43.250 22240 22631 D UE      : [2023.08.17-10.03.43:250][  0]LogConfig: Set CVar [[r.Lumen.Reflections.Allow:1]]
08-17 20:03:43.250 22240 22631 D UE      : [2023.08.17-10.03.43:250][  0]LogConfig: Set CVar [[r.Lumen.Reflections.DownsampleFactor:1]]
08-17 20:03:43.251 22240 22631 D UE      : [2023.08.17-10.03.43:250][  0]LogConfig: Set CVar [[r.Lumen.TranslucencyReflections.FrontLayer.Allow:1]]
08-17 20:03:43.251 22240 22631 D UE      : [2023.08.17-10.03.43:251][  0]LogConfig: Set CVar [[r.Lumen.TranslucencyReflections.FrontLayer.Enable:0]]
08-17 20:03:43.251 22240 22631 D UE      : [2023.08.17-10.03.43:251][  0]LogConfig: Applying CVar settings from Section [PostProcessQuality@3] File [Scalability]
08-17 20:03:43.251 22240 22631 D UE      : [2023.08.17-10.03.43:251][  0]LogConfig: Set CVar [[r.MotionBlurQuality:4]]
08-17 20:03:43.251 22240 22631 D UE      : [2023.08.17-10.03.43:251][  0]LogConfig: Set CVar [[r.MotionBlur.HalfResGather:0]]
08-17 20:03:43.251 22240 22631 D UE      : [2023.08.17-10.03.43:251][  0]LogConfig: Set CVar [[r.AmbientOcclusionMipLevelFactor:0.4]]
08-17 20:03:43.251 22240 22631 D UE      : [2023.08.17-10.03.43:251][  0]LogConfig: Set CVar [[r.AmbientOcclusionMaxQuality:100]]
08-17 20:03:43.251 22240 22631 D UE      : [2023.08.17-10.03.43:251][  0]LogConfig: Set CVar [[r.AmbientOcclusionLevels:-1]]
08-17 20:03:43.251 22240 22631 D UE      : [2023.08.17-10.03.43:251][  0]LogConfig: Set CVar [[r.AmbientOcclusionRadiusScale:1.0]]
08-17 20:03:43.251 22240 22631 D UE      : [2023.08.17-10.03.43:251][  0]LogConfig: Set CVar [[r.DepthOfFieldQuality:1]]
08-17 20:03:43.251 22240 22631 D UE      : [2023.08.17-10.03.43:251][  0]LogConfig: Set CVar [[r.RenderTargetPoolMin:400]]
08-17 20:03:43.251 22240 22631 D UE      : [2023.08.17-10.03.43:251][  0]LogConfig: Set CVar [[r.LensFlareQuality:2]]
08-17 20:03:43.251 22240 22631 D UE      : [2023.08.17-10.03.43:251][  0]LogConfig: Set CVar [[r.SceneColorFringeQuality:1]]
08-17 20:03:43.251 22240 22631 D UE      : [2023.08.17-10.03.43:251][  0]LogConfig: Set CVar [[r.EyeAdaptationQuality:1]]
08-17 20:03:43.251 22240 22631 D UE      : [2023.08.17-10.03.43:251][  0]LogConfig: Set CVar [[r.BloomQuality:1]]
08-17 20:03:43.251 22240 22631 D UE      : [2023.08.17-10.03.43:251][  0]LogConfig: Set CVar [[r.Bloom.ScreenPercentage:70.711]]
08-17 20:03:43.251 22240 22631 D UE      : [2023.08.17-10.03.43:251][  0]LogConfig: Set CVar [[r.FastBlurThreshold:100]]
08-17 20:03:43.251 22240 22631 D UE      : [2023.08.17-10.03.43:251][  0]LogConfig: Set CVar [[r.Upscale.Quality:3]]
08-17 20:03:43.251 22240 22631 D UE      : [2023.08.17-10.03.43:251][  0]LogConfig: Set CVar [[r.Tonemapper.GrainQuantization:1]]
08-17 20:03:43.251 22240 22631 D UE      : [2023.08.17-10.03.43:251][  0]LogConfig: Set CVar [[r.LightShaftQuality:1]]
08-17 20:03:43.251 22240 22631 D UE      : [2023.08.17-10.03.43:251][  0]LogConfig: Set CVar [[r.Filter.SizeScale:1]]
08-17 20:03:43.251 22240 22631 D UE      : [2023.08.17-10.03.43:251][  0]LogConfig: Set CVar [[r.Tonemapper.Quality:3]]
08-17 20:03:43.251 22240 22631 D UE      : [2023.08.17-10.03.43:251][  0]LogConfig: Set CVar [[r.DOF.Gather.AccumulatorQuality:1        ; higher gathering accumulator quality]]
08-17 20:03:43.251  4881  4881 I NormalModeController: NormalModeController.getKeyboardBodyViewHolderPaddingBottom():109 currentPrimeKeyboardType:SOFT systemPaddingBottom:-1
08-17 20:03:43.251 22240 22631 D UE      : [2023.08.17-10.03.43:251][  0]LogConfig: Set CVar [[r.DOF.Gather.PostfilterMethod:1          ; Median3x3 postfilering method]]
08-17 20:03:43.251 22240 22631 D UE      : [2023.08.17-10.03.43:251][  0]LogConfig: Set CVar [[r.DOF.Gather.EnableBokehSettings:0       ; no bokeh simulation when gathering]]
08-17 20:03:43.251 22240 22631 D UE      : [2023.08.17-10.03.43:251][  0]LogConfig: Set CVar [[r.DOF.Gather.RingCount:4                 ; medium number of samples when gathering]]
08-17 20:03:43.251 22240 22631 D UE      : [2023.08.17-10.03.43:251][  0]LogConfig: Set CVar [[r.DOF.Scatter.ForegroundCompositing:1    ; additive foreground scattering]]
08-17 20:03:43.251 22240 22631 D UE      : [2023.08.17-10.03.43:251][  0]LogConfig: Set CVar [[r.DOF.Scatter.BackgroundCompositing:2    ; additive background scattering]]
08-17 20:03:43.252 22240 22631 D UE      : [2023.08.17-10.03.43:252][  0]LogConfig: Set CVar [[r.DOF.Scatter.EnableBokehSettings:1      ; bokeh simulation when scattering]]
08-17 20:03:43.252 22240 22631 D UE      : [2023.08.17-10.03.43:252][  0]LogConfig: Set CVar [[r.DOF.Scatter.MaxSpriteRatio:0.1         ; only a maximum of 10% of scattered bokeh]]
08-17 20:03:43.252 22240 22631 D UE      : [2023.08.17-10.03.43:252][  0]LogConfig: Set CVar [[r.DOF.Recombine.Quality:1                ; cheap slight out of focus]]
08-17 20:03:43.252 22240 22631 D UE      : [2023.08.17-10.03.43:252][  0]LogConfig: Set CVar [[r.DOF.Recombine.EnableBokehSettings:0    ; no bokeh simulation on slight out of focus]]
08-17 20:03:43.252 22240 22631 D UE      : [2023.08.17-10.03.43:252][  0]LogConfig: Set CVar [[r.DOF.TemporalAAQuality:1                ; more stable temporal accumulation]]
08-17 20:03:43.252 22240 22631 D UE      : [2023.08.17-10.03.43:252][  0]LogConfig: Set CVar [[r.DOF.Kernel.MaxForegroundRadius:0.025]]
08-17 20:03:43.252 22240 22631 D UE      : [2023.08.17-10.03.43:252][  0]LogConfig: Set CVar [[r.DOF.Kernel.MaxBackgroundRadius:0.025]]
08-17 20:03:43.252 22240 22631 D UE      : [2023.08.17-10.03.43:252][  0]LogConfig: Set CVar [[r.Mobile.AmbientOcclusionQuality:1]]
08-17 20:03:43.252 22240 22631 D UE      : [2023.08.17-10.03.43:252][  0]LogConfig: Set CVar [[r.Mobile.PixelProjectedReflectionQuality:1]]
08-17 20:03:43.252 22240 22631 D UE      : [2023.08.17-10.03.43:252][  0]LogConfig: Applying CVar settings from Section [TextureQuality@3] File [Scalability]
08-17 20:03:43.252 22240 22631 D UE      : [2023.08.17-10.03.43:252][  0]LogConfig: Set CVar [[r.Streaming.MipBias:0]]
08-17 20:03:43.252 22240 22631 D UE      : [2023.08.17-10.03.43:252][  0]LogConfig: Set CVar [[r.Streaming.AmortizeCPUToGPUCopy:0]]
08-17 20:03:43.252 22240 22631 D UE      : [2023.08.17-10.03.43:252][  0]LogConfig: Set CVar [[r.Streaming.MaxNumTexturesToStreamPerFrame:0]]
08-17 20:03:43.252 22240 22631 D UE      : [2023.08.17-10.03.43:252][  0]LogConfig: Set CVar [[r.Streaming.Boost:1]]
08-17 20:03:43.252 22240 22631 D UE      : [2023.08.17-10.03.43:252][  0]LogConfig: Set CVar [[r.MaxAnisotropy:4]]
08-17 20:03:43.252 22240 22631 D UE      : [2023.08.17-10.03.43:252][  0]LogConfig: Set CVar [[r.VT.MaxAnisotropy:8]]
08-17 20:03:43.252 22240 22631 D UE      : [2023.08.17-10.03.43:252][  0]LogConfig: Set CVar [[r.Streaming.LimitPoolSizeToVRAM:0]]
08-17 20:03:43.252 22240 22631 D UE      : [2023.08.17-10.03.43:252][  0]LogConfig: Set CVar [[r.Streaming.PoolSize:1000]]
08-17 20:03:43.252 22240 22631 D UE      : [2023.08.17-10.03.43:252][  0]LogConfig: Set CVar [[r.Streaming.MaxEffectiveScreenSize:0]]
08-17 20:03:43.252 22240 22631 D UE      : [2023.08.17-10.03.43:252][  0]LogConfig: Applying CVar settings from Section [EffectsQuality@3] File [Scalability]
08-17 20:03:43.252 22240 22631 D UE      : [2023.08.17-10.03.43:252][  0]LogConfig: Set CVar [[r.TranslucencyLightingVolumeDim:64]]
08-17 20:03:43.252 22240 22631 D UE      : [2023.08.17-10.03.43:252][  0]LogConfig: Set CVar [[r.RefractionQuality:1]]
08-17 20:03:43.252 22240 22631 D UE      : [2023.08.17-10.03.43:252][  0]LogConfig: Set CVar [[r.SSR.Quality:3]]
08-17 20:03:43.252 22240 22631 D UE      : [2023.08.17-10.03.43:252][  0]LogConfig: Set CVar [[r.SSR.HalfResSceneColor:0]]
08-17 20:03:43.252 22240 22631 D UE      : [2023.08.17-10.03.43:252][  0]LogConfig: Set CVar [[r.SceneColorFormat:4]]
08-17 20:03:43.253 22240 22631 D UE      : [2023.08.17-10.03.43:253][  0]LogConfig: Set CVar [[r.DetailMode:2]]
08-17 20:03:43.253 22240 22631 D UE      : [2023.08.17-10.03.43:253][  0]LogConfig: Set CVar [[r.TranslucencyVolumeBlur:1]]
08-17 20:03:43.253 22240 22631 D UE      : [2023.08.17-10.03.43:253][  0]LogConfig: Set CVar [[r.MaterialQualityLevel:1 ; High quality]]
08-17 20:03:43.253 22240 22631 D UE      : [2023.08.17-10.03.43:253][  0]LogConfig: Set CVar [[r.SSS.Scale:1]]
08-17 20:03:43.253 22240 22631 D UE      : [2023.08.17-10.03.43:253][  0]LogConfig: Set CVar [[r.SSS.SampleSet:2]]
08-17 20:03:43.253 22240 22631 D UE      : [2023.08.17-10.03.43:253][  0]LogConfig: Set CVar [[r.SSS.Quality:1]]
08-17 20:03:43.253 22240 22631 D UE      : [2023.08.17-10.03.43:253][  0]LogConfig: Set CVar [[r.SSS.HalfRes:0]]
08-17 20:03:43.253 22240 22631 D UE      : [2023.08.17-10.03.43:253][  0]LogConfig: Set CVar [[r.SSGI.Quality:3]]
08-17 20:03:43.253 22240 22631 D UE      : [2023.08.17-10.03.43:253][  0]LogConfig: Set CVar [[r.EmitterSpawnRateScale:1.0]]
08-17 20:03:43.253 22240 22631 D UE      : [2023.08.17-10.03.43:253][  0]LogConfig: Set CVar [[r.ParticleLightQuality:2]]
08-17 20:03:43.253  4881  4881 I InputMethodEntryManager: InputMethodEntryManager.resetLanguages():2670 Clear cache for languages: null, true
08-17 20:03:43.253 22240 22631 D UE      : [2023.08.17-10.03.43:253][  0]LogConfig: Set CVar [[r.SkyAtmosphere.AerialPerspectiveLUT.FastApplyOnOpaque:1 ; Always have FastSkyLUT 1 in this case to avoid wrong sky]]
08-17 20:03:43.253 22240 22631 D UE      : [2023.08.17-10.03.43:253][  0]LogConfig: Set CVar [[r.SkyAtmosphere.AerialPerspectiveLUT.SampleCountMaxPerSlice:1]]
08-17 20:03:43.253 22240 22631 D UE      : [2023.08.17-10.03.43:253][  0]LogConfig: Set CVar [[r.SkyAtmosphere.AerialPerspectiveLUT.DepthResolution:4]]
08-17 20:03:43.253 22240 22631 D UE      : [2023.08.17-10.03.43:253][  0]LogConfig: Set CVar [[r.SkyAtmosphere.FastSkyLUT:1]]
08-17 20:03:43.253  4881  4881 I InputMethodEntryManager: InputMethodEntryManager.startLoadingInputMethodEntrySettings():745 Start loading input method entry settings: [LanguageTagVariantTuple{languageTag=en-US, variant=qwerty}, LanguageTagVariantTuple{languageTag=en-AU, variant=qwerty}, LanguageTagVariantTuple{languageTag=it-IT, variant=qwerty}]
08-17 20:03:43.253 22240 22631 D UE      : [2023.08.17-10.03.43:253][  0]LogConfig: Set CVar [[r.SkyAtmosphere.FastSkyLUT.SampleCountMin:1.0]]
08-17 20:03:43.253 22240 22631 D UE      : [2023.08.17-10.03.43:253][  0]LogConfig: Set CVar [[r.SkyAtmosphere.FastSkyLUT.SampleCountMax:8.0]]
08-17 20:03:43.253 22240 22631 D UE      : [2023.08.17-10.03.43:253][  0]LogConfig: Set CVar [[r.SkyAtmosphere.SampleCountMin:4.0]]
08-17 20:03:43.253 22240 22631 D UE      : [2023.08.17-10.03.43:253][  0]LogConfig: Set CVar [[r.SkyAtmosphere.SampleCountMax:128.0]]
08-17 20:03:43.253 22240 22631 D UE      : [2023.08.17-10.03.43:253][  0]LogConfig: Set CVar [[r.SkyAtmosphere.TransmittanceLUT.UseSmallFormat:1]]
08-17 20:03:43.253 22240 22631 D UE      : [2023.08.17-10.03.43:253][  0]LogConfig: Set CVar [[r.SkyAtmosphere.TransmittanceLUT.SampleCount:10.0]]
08-17 20:03:43.253 22240 22631 D UE      : [2023.08.17-10.03.43:253][  0]LogConfig: Set CVar [[r.SkyAtmosphere.MultiScatteringLUT.SampleCount:15.0]]
08-17 20:03:43.253 22240 22631 D UE      : [2023.08.17-10.03.43:253][  0]LogConfig: Set CVar [[r.SkyLight.RealTimeReflectionCapture:1]]
08-17 20:03:43.253 22240 22631 D UE      : [2023.08.17-10.03.43:253][  0]LogConfig: Set CVar [[fx.Niagara.QualityLevel:1]]
08-17 20:03:43.253 22240 22631 D UE      : [2023.08.17-10.03.43:253][  0]LogConfig: Set CVar [[r.SkyAtmosphere.FastSkyLUT.Width:96]]
08-17 20:03:43.253 22240 22631 D UE      : [2023.08.17-10.03.43:253][  0]LogConfig: Set CVar [[r.SkyAtmosphere.FastSkyLUT.Height:50]]
08-17 20:03:43.253 22240 22631 D UE      : [2023.08.17-10.03.43:253][  0]LogConfig: Applying CVar settings from Section [FoliageQuality@3] File [Scalability]
08-17 20:03:43.253 22240 22631 D UE      : [2023.08.17-10.03.43:253][  0]LogConfig: Set CVar [[foliage.DensityScale:1.0]]
08-17 20:03:43.254 22240 22631 D UE      : [2023.08.17-10.03.43:254][  0]LogConfig: Set CVar [[grass.DensityScale:1.0]]
08-17 20:03:43.254 22240 22631 D UE      : [2023.08.17-10.03.43:254][  0]LogConfig: Set CVar [[grass.CullDistanceScale:1.0]]
08-17 20:03:43.254 22240 22631 D UE      : [2023.08.17-10.03.43:254][  0]LogConfig: Applying CVar settings from Section [ShadingQuality@3] File [Scalability]
08-17 20:03:43.254 22240 22631 D UE      : [2023.08.17-10.03.43:254][  0]LogConfig: Set CVar [[r.HairStrands.SkyLighting.IntegrationType:2]]
08-17 20:03:43.254 22240 22631 D UE      : [2023.08.17-10.03.43:254][  0]LogConfig: Set CVar [[r.HairStrands.SkyAO.SampleCount:4]]
08-17 20:03:43.254 22240 22631 D UE      : [2023.08.17-10.03.43:254][  0]LogConfig: Set CVar [[r.HairStrands.Visibility.MSAA.SamplePerPixel:4]]
08-17 20:03:43.254 22240 22631 D UE      : [2023.08.17-10.03.43:254][  0]LogConfig: CVar [[r.HairStrands.Interpolation.UseSingleGuide:0]] deferred - dummy variable created
08-17 20:03:43.254 22240 22631 D UE      : [2023.08.17-10.03.43:254][  0]LogConfig: Set CVar [[r.AnisotropicMaterials:1]]
08-17 20:03:43.254 22240 22631 D UE      : [2023.08.17-10.03.43:254][  0]LogAndroid: Vulkan not available as project packaged without bSupportsVulkan or bSupportsVulkanSM5.
08-17 20:03:43.260 14340 20302 W Conscrypt: Could not set socket write timeout: java.net.SocketException: Socket closed
08-17 20:03:43.260 22240 22631 D UE      : [2023.08.17-10.03.43:260][  0]LogAndroid: Checking 33 rules from DeviceProfile ini file.
08-17 20:03:43.260 14340 20302 W Conscrypt: 	at com.google.android.gms.org.conscrypt.Platform.setSocketWriteTimeout(:com.google.android.gms@233013044@23.30.13 (190400-552628474):226)
08-17 20:03:43.260 22240 22631 D UE      : [2023.08.17-10.03.43:260][  0]LogAndroid:   Default profile: Android_Default
08-17 20:03:43.260 14340 20302 W Conscrypt: 	at com.google.android.gms.org.conscrypt.ConscryptFileDescriptorSocket.setSoWriteTimeout(:com.google.android.gms@233013044@23.30.13 (190400-552628474):4)
08-17 20:03:43.260 22240 22631 D UE      : [2023.08.17-10.03.43:260][  0]LogAndroid:   Android selector params: 
08-17 20:03:43.260 22240 22631 D UE      : [2023.08.17-10.03.43:260][  0]LogAndroid:   SRC_GPUFamily: Mali-G78
08-17 20:03:43.260 22240 22631 D UE      : [2023.08.17-10.03.43:260][  0]LogAndroid:   SRC_GLVersion: OpenGL ES 3.2 v1.r38p1-01eac0.1a610aadd6bd0e3c95c856461c1c5ef1
08-17 20:03:43.260 22240 22631 D UE      : [2023.08.17-10.03.43:260][  0]LogAndroid:   SRC_VulkanAvailable: false
08-17 20:03:43.260 22240 22631 D UE      : [2023.08.17-10.03.43:260][  0]LogAndroid:   SRC_VulkanVersion: 1.3.219
08-17 20:03:43.260 22240 22631 D UE      : [2023.08.17-10.03.43:260][  0]LogAndroid:   SRC_AndroidVersion: 13
08-17 20:03:43.260 22240 22631 D UE      : [2023.08.17-10.03.43:260][  0]LogAndroid:   SRC_DeviceMake: Google
08-17 20:03:43.260 22240 22631 D UE      : [2023.08.17-10.03.43:260][  0]LogAndroid:   SRC_DeviceModel: Pixel 6a
08-17 20:03:43.260 22240 22631 D UE      : [2023.08.17-10.03.43:260][  0]LogAndroid:   SRC_DeviceBuildNumber: TQ3A.230705.001
08-17 20:03:43.260 22240 22631 D UE      : [2023.08.17-10.03.43:260][  0]LogAndroid:   SRC_UsingHoudini: false
08-17 20:03:43.260 22240 22631 D UE      : [2023.08.17-10.03.43:260][  0]LogAndroid:   SRC_Hardware: bluejay
08-17 20:03:43.260 22240 22631 D UE      : [2023.08.17-10.03.43:260][  0]LogAndroid:   SRC_Chipset: unknown
08-17 20:03:43.260 22240 22631 D UE      : [2023.08.17-10.03.43:260][  0]LogAndroid:   SRC_HMDSystemName: 
08-17 20:03:43.260 22240 22631 D UE      : [2023.08.17-10.03.43:260][  0]LogAndroid:   SRC_TotalPhysicalGB: 5
08-17 20:03:43.260 22240 22631 D UE      : [2023.08.17-10.03.43:260][  0]LogAndroid:   SRC_ConfigRuleVar[SRC_DeviceModel]: Pixel 6a
08-17 20:03:43.260 22240 22631 D UE      : [2023.08.17-10.03.43:260][  0]LogAndroid:   SRC_ConfigRuleVar[SRC_GpuVendor]: ARM
08-17 20:03:43.260 22240 22631 D UE      : [2023.08.17-10.03.43:260][  0]LogAndroid:   SRC_ConfigRuleVar[ro.soc.model]: Tensor
08-17 20:03:43.260 22240 22631 D UE      : [2023.08.17-10.03.43:260][  0]LogAndroid:   SRC_ConfigRuleVar[screenWidth]: 1080
08-17 20:03:43.260 22240 22631 D UE      : [2023.08.17-10.03.43:260][  0]LogAndroid:   SRC_ConfigRuleVar[memory]: 5571
08-17 20:03:43.260 22240 22631 D UE      : [2023.08.17-10.03.43:260][  0]LogAndroid:   SRC_ConfigRuleVar[SRC_DeviceMake]: Google
08-17 20:03:43.260 22240 22631 D UE      : [2023.08.17-10.03.43:260][  0]LogAndroid:   SRC_ConfigRuleVar[SRC_UsingHoudini]: false
08-17 20:03:43.260 22240 22631 D UE      : [2023.08.17-10.03.43:260][  0]LogAndroid:   SRC_ConfigRuleVar[ro.hardware]: bluejay
08-17 20:03:43.260 22240 22631 D UE      : [2023.08.17-10.03.43:260][  0]LogAndroid:   SRC_ConfigRuleVar[versionName]: 1.0
08-17 20:03:43.261 22240 22631 D UE      : [2023.08.17-10.03.43:261][  0]LogAndroid:   SRC_ConfigRuleVar[SRC_AndroidVersion]: 13
08-17 20:03:43.261 22240 22631 D UE      : [2023.08.17-10.03.43:261][  0]LogAndroid:   SRC_ConfigRuleVar[SRC_VulkanAvailable]: false
08-17 20:03:43.261 22240 22631 D UE      : [2023.08.17-10.03.43:261][  0]LogAndroid:   SRC_ConfigRuleVar[OverrideProfile]: true
08-17 20:03:43.261 22240 22631 D UE      : [2023.08.17-10.03.43:261][  0]LogAndroid:   SRC_ConfigRuleVar[SRC_VulkanVersion]: 1.3.0
08-17 20:03:43.261 22240 22631 D UE      : [2023.08.17-10.03.43:261][  0]LogAndroid:   SRC_ConfigRuleVar[configRulesVersion]: 0
08-17 20:03:43.261 22240 22631 D UE      : [2023.08.17-10.03.43:261][  0]LogAndroid:   SRC_ConfigRuleVar[unsupportedDevice]: false
08-17 20:03:43.261 22240 22631 D UE      : [2023.08.17-10.03.43:261][  0]LogAndroid:   SRC_ConfigRuleVar[statusBarHeight]: 132
08-17 20:03:43.261 22240 22631 D UE      : [2023.08.17-10.03.43:261][  0]LogAndroid:   SRC_ConfigRuleVar[navigationBarHeight]: 63
08-17 20:03:43.261 22240 22631 D UE      : [2023.08.17-10.03.43:261][  0]LogAndroid:   SRC_ConfigRuleVar[SRC_SDKLevel]: 33
08-17 20:03:43.261 22240 22631 D UE      : [2023.08.17-10.03.43:261][  0]LogAndroid:   SRC_ConfigRuleVar[hardware]: bluejay
08-17 20:03:43.261 22240 22631 D UE      : [2023.08.17-10.03.43:261][  0]LogAndroid:   SRC_ConfigRuleVar[processorCount]: 8
08-17 20:03:43.261 22240 22631 D UE      : [2023.08.17-10.03.43:261][  0]LogAndroid:   SRC_ConfigRuleVar[earlyrestart]: true
08-17 20:03:43.261 22240 22631 D UE      : [2023.08.17-10.03.43:261][  0]LogAndroid:   SRC_ConfigRuleVar[SRC_GpuFamily]: Mali-G78
08-17 20:03:43.261 22240 22631 D UE      : [2023.08.17-10.03.43:261][  0]LogAndroid:   SRC_ConfigRuleVar[supportsFloatingPointRenderTargets]: true
08-17 20:03:43.261 22240 22631 D UE      : [2023.08.17-10.03.43:261][  0]LogAndroid:   SRC_ConfigRuleVar[screenHeight]: 2400
08-17 20:03:43.261 22240 22631 D UE      : [2023.08.17-10.03.43:261][  0]LogAndroid:   SRC_ConfigRuleVar[littleCoreMask]: 0x0
08-17 20:03:43.261 22240 22631 D UE      : [2023.08.17-10.03.43:261][  0]LogAndroid:   SRC_ConfigRuleVar[targetSdkVersion]: 33
08-17 20:03:43.261 22240 22631 D UE      : [2023.08.17-10.03.43:261][  0]LogAndroid:   SRC_ConfigRuleVar[processor]: 
08-17 20:03:43.261 22240 22631 D UE      : [2023.08.17-10.03.43:261][  0]LogAndroid:   SRC_ConfigRuleVar[versionCode]: 1
08-17 20:03:43.261 22240 22631 D UE      : [2023.08.17-10.03.43:261][  0]LogAndroid:   SRC_ConfigRuleVar[SRC_HMDSystemName]: 
08-17 20:03:43.261 22240 22631 D UE      : [2023.08.17-10.03.43:261][  0]LogAndroid:   SRC_ConfigRuleVar[SRC_DeviceBuildNumber]: TQ3A.230705.001
08-17 20:03:43.261 22240 22631 D UE      : [2023.08.17-10.03.43:261][  0]LogAndroid:   SRC_ConfigRuleVar[isARM64]: true
08-17 20:03:43.261 22240 22631 D UE      : [2023.08.17-10.03.43:261][  0]LogAndroid:   SRC_ConfigRuleVar[hasNEON]: true
08-17 20:03:43.261 22240 22631 D UE      : [2023.08.17-10.03.43:261][  0]LogAndroid:   SRC_ConfigRuleVar[TextureFormats]: ASTC,ETC2,ETC1
08-17 20:03:43.261 22240 22631 D UE      : [2023.08.17-10.03.43:261][  0]LogAndroid:   SRC_ConfigRuleVar[bigCoreMask]: 0xffff
08-17 20:03:43.261 22240 22631 D UE      : [2023.08.17-10.03.43:261][  0]LogAndroid:   SRC_ConfigRuleVar[useAffinity]: false
08-17 20:03:43.260  4881  4881 I InputMethodEntryManager: InputMethodEntryManager.updateInputMethodEntrySettingsLoadingTask():832 update loading task with resetImplicitlyEnabledEntries is false
08-17 20:03:43.261 22240 22631 D UE      : [2023.08.17-10.03.43:261][  0]LogAndroid:   SRC_ConfigRuleVar[SRC_GlVersion]: OpenGL ES 3.2 v1.r38p1-01eac0.1a610aadd6bd0e3c95c856461c1c5ef1
08-17 20:03:43.269 22240 22631 D UE      : [2023.08.17-10.03.43:269][  0]LogAndroid: Selected Device Profile: [Android_Mali_G78]
08-17 20:03:43.270 22240 22631 D UE      : [2023.08.17-10.03.43:270][  0]LogHAL: Display: Platform has ~ 5 GB [5841752064 / 8589934592 / 6], which maps to Default [LargestMinGB=8, LargerMinGB=6, DefaultMinGB=4, SmallerMinGB=3, SmallestMinGB=0)
08-17 20:03:43.270 22240 22631 D UE      : [2023.08.17-10.03.43:270][  0]LogDeviceProfileManager: Going up to parent DeviceProfile [Android_High]
08-17 20:03:43.270 22240 22631 D UE      : [2023.08.17-10.03.43:270][  0]LogDeviceProfileManager: Going up to parent DeviceProfile [Android]
08-17 20:03:43.270 22240 22631 D UE      : [2023.08.17-10.03.43:270][  0]LogDeviceProfileManager: Going up to parent DeviceProfile []
08-17 20:03:43.270 22240 22631 D UE      : [2023.08.17-10.03.43:270][  0]LogDeviceProfileManager: Pushing Device Profile CVar: [[sg.ViewDistanceQuality:3 -> 2]]
08-17 20:03:43.271 22240 22631 D UE      : [2023.08.17-10.03.43:271][  0]LogConfig: Applying CVar settings from Section [ViewDistanceQuality@2] File [Scalability]
08-17 20:03:43.271 22240 22631 D UE      : [2023.08.17-10.03.43:271][  0]LogDeviceProfileManager: Pushing Device Profile CVar: [[sg.AntiAliasingQuality:3 -> 2]]
08-17 20:03:43.271 22240 22631 D UE      : [2023.08.17-10.03.43:271][  0]LogConfig: Applying CVar settings from Section [AntiAliasingQuality@2] File [Scalability]
08-17 20:03:43.271 22240 22631 D UE      : [2023.08.17-10.03.43:271][  0]LogConfig: Set CVar [[r.TemporalAA.Quality:1]]
08-17 20:03:43.271 22240 22631 D UE      : [2023.08.17-10.03.43:271][  0]LogConfig: Set CVar [[r.TSR.History.UpdateQuality:2]]
08-17 20:03:43.271 22240 22631 D UE      : [2023.08.17-10.03.43:271][  0]LogConfig: Set CVar [[r.TSR.History.GrandReprojection:0]]
08-17 20:03:43.273 22240 22631 D UE      : [2023.08.17-10.03.43:271][  0]LogConfig: Set CVar [[r.TSR.Velocity.Extrapolation:0]]
08-17 20:03:43.273 22240 22631 D UE      : [2023.08.17-10.03.43:273][  0]LogConfig: CVar [[r.TSR.Velocity.HoleFill:1]] deferred - dummy variable created
08-17 20:03:43.273 22240 22631 D UE      : [2023.08.17-10.03.43:273][  0]LogConfig: Set CVar [[r.TSR.RejectionAntiAliasingQuality:1]]
08-17 20:03:43.273 22240 22631 D UE      : [2023.08.17-10.03.43:273][  0]LogDeviceProfileManager: Pushing Device Profile CVar: [[sg.ShadowQuality:3 -> 2]]
08-17 20:03:43.273 22240 22631 D UE      : [2023.08.17-10.03.43:273][  0]LogConfig: Applying CVar settings from Section [ShadowQuality@2] File [Scalability]
08-17 20:03:43.273 22240 22631 D UE      : [2023.08.17-10.03.43:273][  0]LogConfig: Set CVar [[r.ShadowQuality:1]]
08-17 20:03:43.273 22240 22631 D UE      : [2023.08.17-10.03.43:273][  0]LogConfig: Set CVar [[r.Shadow.CSM.MaxCascades:2]]
08-17 20:03:43.273 22240 22631 D UE      : [2023.08.17-10.03.43:273][  0]LogConfig: Set CVar [[r.Shadow.MaxResolution:1024]]
08-17 20:03:43.273 22240 22631 D UE      : [2023.08.17-10.03.43:273][  0]LogConfig: Set CVar [[r.Shadow.CSM.TransitionScale:0.8]]
08-17 20:03:43.273 22240 22631 D UE      : [2023.08.17-10.03.43:273][  0]LogConfig: Set CVar [[r.Shadow.PreShadowResolutionFactor:0.5]]
08-17 20:03:43.273 22240 22631 D UE      : [2023.08.17-10.03.43:273][  0]LogConfig: Set CVar [[r.AOQuality:1]]
08-17 20:03:43.273 22240 22631 D UE      : [2023.08.17-10.03.43:273][  0]LogConfig: Set CVar [[r.VolumetricFog.GridPixelSize:16]]
08-17 20:03:43.273 22240 22631 D UE      : [2023.08.17-10.03.43:273][  0]LogConfig: Set CVar [[r.VolumetricFog.GridSizeZ:64]]
08-17 20:03:43.273 22240 22631 D UE      : [2023.08.17-10.03.43:273][  0]LogConfig: Set CVar [[r.Shadow.Virtual.MaxPhysicalPages:2048]]
08-17 20:03:43.273 22240 22631 D UE      : [2023.08.17-10.03.43:273][  0]LogConfig: Set CVar [[r.Shadow.Virtual.ResolutionLodBiasDirectional:-0.5]]
08-17 20:03:43.274 22240 22631 D UE      : [2023.08.17-10.03.43:274][  0]LogDeviceProfileManager: Pushing Device Profile CVar: [[sg.PostProcessQuality:3 -> 2]]
08-17 20:03:43.274 22240 22631 D UE      : [2023.08.17-10.03.43:274][  0]LogConfig: Applying CVar settings from Section [PostProcessQuality@2] File [Scalability]
08-17 20:03:43.274 22240 22631 D UE      : [2023.08.17-10.03.43:274][  0]LogConfig: Set CVar [[r.MotionBlurQuality:3]]
08-17 20:03:43.274 22240 22631 D UE      : [2023.08.17-10.03.43:274][  0]LogConfig: Set CVar [[r.AmbientOcclusionMipLevelFactor:0.6]]
08-17 20:03:43.274 22240 22631 D UE      : [2023.08.17-10.03.43:274][  0]LogConfig: Set CVar [[r.AmbientOcclusionRadiusScale:1.5]]
08-17 20:03:43.274 22240 22631 D UE      : [2023.08.17-10.03.43:274][  0]LogConfig: Set CVar [[r.Bloom.ScreenPercentage:50.000]]
08-17 20:03:43.274 22240 22631 D UE      : [2023.08.17-10.03.43:274][  0]LogConfig: Set CVar [[r.FastBlurThreshold:3]]
08-17 20:03:43.274 22240 22631 D UE      : [2023.08.17-10.03.43:274][  0]LogConfig: Set CVar [[r.Upscale.Quality:2]]
08-17 20:03:43.274 22240 22631 D UE      : [2023.08.17-10.03.43:274][  0]LogConfig: Set CVar [[r.Filter.SizeScale:0.8]]
08-17 20:03:43.274 22240 22631 D UE      : [2023.08.17-10.03.43:274][  0]LogConfig: Set CVar [[r.DOF.Gather.AccumulatorQuality:0        ; lower gathering accumulator quality]]
08-17 20:03:43.274 22240 22631 D UE      : [2023.08.17-10.03.43:274][  0]LogConfig: Set CVar [[r.DOF.Gather.PostfilterMethod:2          ; Max3x3 postfilering method]]
08-17 20:03:43.274 22240 22631 D UE      : [2023.08.17-10.03.43:274][  0]LogConfig: Set CVar [[r.DOF.Scatter.BackgroundCompositing:1    ; no background occlusion]]
08-17 20:03:43.274 22240 22631 D UE      : [2023.08.17-10.03.43:274][  0]LogConfig: Set CVar [[r.DOF.Scatter.EnableBokehSettings:0      ; no bokeh simulation when scattering]]
08-17 20:03:43.274 22240 22631 D UE      : [2023.08.17-10.03.43:274][  0]LogConfig: Set CVar [[r.DOF.Scatter.MaxSpriteRatio:0.04        ; only a maximum of 4% of scattered bokeh]]
08-17 20:03:43.275 22240 22631 D UE      : [2023.08.17-10.03.43:275][  0]LogConfig: Set CVar [[r.DOF.Recombine.Quality:0                ; no slight out of focus]]
08-17 20:03:43.275 22240 22631 D UE      : [2023.08.17-10.03.43:275][  0]LogConfig: Set CVar [[r.DOF.TemporalAAQuality:0                ; faster temporal accumulation]]
08-17 20:03:43.275 22240 22631 D UE      : [2023.08.17-10.03.43:275][  0]LogConfig: Set CVar [[r.DOF.Kernel.MaxForegroundRadius:0.012   ; required because of AccumulatorQuality=0]]
08-17 20:03:43.275 22240 22631 D UE      : [2023.08.17-10.03.43:275][  0]LogConfig: Set CVar [[r.DOF.Kernel.MaxBackgroundRadius:0.012   ; required because of AccumulatorQuality=0]]
08-17 20:03:43.275 22240 22631 D UE      : [2023.08.17-10.03.43:275][  0]LogDeviceProfileManager: Pushing Device Profile CVar: [[sg.TextureQuality:3 -> 2]]
08-17 20:03:43.275 22240 22631 D UE      : [2023.08.17-10.03.43:275][  0]LogConfig: Applying CVar settings from Section [TextureQuality@2] File [Scalability]
08-17 20:03:43.275 22240 22631 D UE      : [2023.08.17-10.03.43:275][  0]LogConfig: Set CVar [[r.MaxAnisotropy:2]]
08-17 20:03:43.275 22240 22631 D UE      : [2023.08.17-10.03.43:275][  0]LogConfig: Set CVar [[r.Streaming.LimitPoolSizeToVRAM:1]]
08-17 20:03:43.275 22240 22631 D UE      : [2023.08.17-10.03.43:275][  0]LogConfig: Set CVar [[r.Streaming.PoolSize:800]]
08-17 20:03:43.275 22240 22631 D UE      : [2023.08.17-10.03.43:275][  0]LogDeviceProfileManager: Pushing Device Profile CVar: [[sg.EffectsQuality:3 -> 2]]
08-17 20:03:43.275 22240 22631 D UE      : [2023.08.17-10.03.43:275][  0]LogConfig: Applying CVar settings from Section [EffectsQuality@2] File [Scalability]
08-17 20:03:43.275 22240 22631 D UE      : [2023.08.17-10.03.43:275][  0]LogConfig: Set CVar [[r.TranslucencyLightingVolumeDim:48]]
08-17 20:03:43.275 22240 22631 D UE      : [2023.08.17-10.03.43:275][  0]LogConfig: Set CVar [[r.SSR.Quality:2]]
08-17 20:03:43.275 22240 22631 D UE      : [2023.08.17-10.03.43:275][  0]LogConfig: Set CVar [[r.SSR.HalfResSceneColor:1]]
08-17 20:03:43.275 22240 22631 D UE      : [2023.08.17-10.03.43:275][  0]LogConfig: Set CVar [[r.SceneColorFormat:3]]
08-17 20:03:43.275 22240 22631 D UE      : [2023.08.17-10.03.43:275][  0]LogConfig: Set CVar [[r.DetailMode:1]]
08-17 20:03:43.275 22240 22631 D UE      : [2023.08.17-10.03.43:275][  0]LogConfig: Set CVar [[r.SSS.SampleSet:1]]
08-17 20:03:43.275 22240 22631 D UE      : [2023.08.17-10.03.43:275][  0]LogConfig: Set CVar [[r.SSS.Quality:-1]]
08-17 20:03:43.275 22240 22631 D UE      : [2023.08.17-10.03.43:275][  0]LogConfig: Set CVar [[r.SSS.HalfRes:1]]
08-17 20:03:43.276 22240 22631 D UE      : [2023.08.17-10.03.43:276][  0]LogConfig: Set CVar [[r.SSGI.Quality:2]]
08-17 20:03:43.276 22240 22631 D UE      : [2023.08.17-10.03.43:276][  0]LogConfig: Set CVar [[r.EmitterSpawnRateScale:0.5]]
08-17 20:03:43.276 22240 22631 D UE      : [2023.08.17-10.03.43:276][  0]LogConfig: Set CVar [[r.ParticleLightQuality:1]]
08-17 20:03:43.276 22240 22631 D UE      : [2023.08.17-10.03.43:276][  0]LogConfig: Set CVar [[r.SkyAtmosphere.SampleCountMax:64.0]]
08-17 20:03:43.276 22240 22631 D UE      : [2023.08.17-10.03.43:276][  0]LogConfig: Set CVar [[fx.Niagara.QualityLevel:0]]
08-17 20:03:43.276 22240 22631 D UE      : [2023.08.17-10.03.43:276][  0]LogDeviceProfileManager: Pushing Device Profile CVar: [[sg.FoliageQuality:3 -> 2]]
08-17 20:03:43.276 22240 22631 D UE      : [2023.08.17-10.03.43:276][  0]LogConfig: Applying CVar settings from Section [FoliageQuality@2] File [Scalability]
08-17 20:03:43.276 22240 22631 D UE      : [2023.08.17-10.03.43:276][  0]LogDeviceProfileManager: Pushing Device Profile CVar: [[r.MobileContentScaleFactor:1 -> 1.0]]
08-17 20:03:43.276 22240 22631 D UE      : [2023.08.17-10.03.43:276][  0]LogDeviceProfileManager: Pushing Device Profile CVar: [[slate.AbsoluteIndices:0 -> 1]]
08-17 20:03:43.276 22240 22631 D UE      : [2023.08.17-10.03.43:276][  0]LogDeviceProfileManager: Pushing Device Profile CVar: [[r.Vulkan.DelayAcquireBackBuffer:1 -> 0]]
08-17 20:03:43.276 22240 22631 D UE      : [2023.08.17-10.03.43:276][  0]LogDeviceProfileManager: Pushing Device Profile CVar: [[r.Vulkan.RobustBufferAccess:1 -> 1]]
08-17 20:03:43.276 22240 22631 D UE      : [2023.08.17-10.03.43:276][  0]LogDeviceProfileManager: Pushing Device Profile CVar: [[r.Vulkan.DescriptorSetLayoutMode:0 -> 2]]
08-17 20:03:43.276 22240 22631 D UE      : [2023.08.17-10.03.43:276][  0]LogDeviceProfileManager: Pushing Device Profile CVar: [[r.Android.DisableVulkanSupport:0 -> 1]]
08-17 20:03:43.276 22240 22631 D UE      : [2023.08.17-10.03.43:276][  0]LogDeviceProfileManager: Pushing Device Profile CVar: [[r.Android.DisableVulkanSM5Support:0 -> 1]]
08-17 20:03:43.276 22240 22631 D UE      : [2023.08.17-10.03.43:276][  0]LogDeviceProfileManager: Pushing Device Profile CVar: [[r.DefaultBackBufferPixelFormat:4 -> 0]]
08-17 20:03:43.276 22240 22631 D UE      : [2023.08.17-10.03.43:276][  0]LogConfig: Applying CVar settings from Section [Startup] File [../../../Engine/Config/ConsoleVariables.ini]
08-17 20:03:43.278 22240 22631 D UE      : [2023.08.17-10.03.43:278][  0]LogConfig: Set CVar [[r.DumpShaderDebugInfo:2]]
08-17 20:03:43.278 22240 22631 D UE      : [2023.08.17-10.03.43:278][  0]LogConfig: Set CVar [[p.chaos.AllowCreatePhysxBodies:1]]
08-17 20:03:43.278 22240 22631 D UE      : [2023.08.17-10.03.43:278][  0]LogConfig: Set CVar [[fx.SkipVectorVMBackendOptimizations:1]]
08-17 20:03:43.278 22240 22631 D UE      : [2023.08.17-10.03.43:278][  0]LogConfig: Applying CVar settings from Section [ConsoleVariables] File [Engine]
08-17 20:03:43.278 22240 22631 D UE      : [2023.08.17-10.03.43:278][  0]LogConfig: CVar [[Slate.CacheRenderData:0]] deferred - dummy variable created
08-17 20:03:43.278 22240 22631 D UE      : [2023.08.17-10.03.43:278][  0]LogConfig: Set CVar [[r.VSync:1]]
08-17 20:03:43.278 22240 22631 D UE      : [2023.08.17-10.03.43:278][  0]LogConfig: Set CVar [[r.ParallelShadows:0]]
08-17 20:03:43.278 22240 22631 D UE      : [2023.08.17-10.03.43:278][  0]LogConfig: CVar [[TaskGraph.EnablePowerSavingThreadPriorityReduction:1]] deferred - dummy variable created
08-17 20:03:43.278 22240 22631 D UE      : [2023.08.17-10.03.43:278][  0]LogConfig: Set CVar [[r.Vulkan.Depth24Bit:1]]
08-17 20:03:43.278 22240 22631 D UE      : [2023.08.17-10.03.43:278][  0]LogConfig: Set CVar [[r.Shadow.ForceSerialSingleRenderPass:1]]
08-17 20:03:43.278 22240 22631 D UE      : [2023.08.17-10.03.43:278][  0]LogConfig: Set CVar [[r.Forward.LightGridSizeZ:8]]
08-17 20:03:43.278 22240 22631 D UE      : [2023.08.17-10.03.43:278][  0]LogConfig: Set CVar [[r.Forward.MaxCulledLightsPerCell:8]]
08-17 20:03:43.278 22240 22631 D UE      : [2023.08.17-10.03.43:278][  0]LogConfig: Set CVar [[r.HairStrands.Simulation:0]]
08-17 20:03:43.278 22240 22631 D UE      : [2023.08.17-10.03.43:278][  0]LogConfig: Set CVar [[r.HairStrands.Strands:0]]
08-17 20:03:43.279 22240 22631 D UE      : [2023.08.17-10.03.43:279][  0]LogConfig: Set CVar [[r.HairStrands.Binding:0]]
08-17 20:03:43.279 22240 22631 D UE      : [2023.08.17-10.03.43:279][  0]LogConfig: Set CVar [[r.TemporalAA.R11G11B10History:0]]
08-17 20:03:43.279 22240 22631 D UE      : [2023.08.17-10.03.43:279][  0]LogConfig: Set CVar [[r.Vulkan.MemoryBacktrace:0]]
08-17 20:03:43.282  1890  1930 D ControlsListingControllerImpl: Unsubscribing callback
08-17 20:03:43.282  1890  1930 D ControlsListingControllerImpl: Unsubscribing callback
08-17 20:03:43.282 22240 22631 D UE      : [2023.08.17-10.03.43:282][  0]LogAndroid: Display: No CPU thermal sensor was detected. To manually override the sensor path set android.CPUThermalSensorFilePath CVar.
08-17 20:03:43.282 22240 22631 D UE      : [2023.08.17-10.03.43:282][  0]LogInit:  - This binary is optimized with LTO: no, PGO: no, instrumented for PGO data collection: no
08-17 20:03:43.283 22240 22631 D UE      : [2023.08.17-10.03.43:283][  0]LogInit: Memory total: Physical=5571.13MB (6GB approx) Available=1551.21MB PageSize=4.0KB
08-17 20:03:43.283 22240 22631 D UE      : [2023.08.17-10.03.43:283][  0]LogCsvProfiler: Display: Metadata set : extradevelopmentmemorymb="0"
08-17 20:03:43.283  1890  1930 D ControlsListingControllerImpl: Unsubscribing callback
08-17 20:03:43.285 22240 22631 D UE      : [2023.08.17-10.03.43:285][  0]LogInit: Physics initialised using underlying interface: Chaos
08-17 20:03:43.278 22240 22240 W GameThread: type=1400 audit(0.0:179262): avc: denied { search } for name="thermal" dev="sysfs" ino=16399 scontext=u:r:untrusted_app:s0:c29,c257,c512,c768 tcontext=u:object_r:sysfs_thermal:s0 tclass=dir permissive=0 app=com.YourCompany.StefanoAR
08-17 20:03:43.286 22240 22631 D UE      : [2023.08.17-10.03.43:286][  0]LogInit: Using OS detected language (en-US).
08-17 20:03:43.286 22240 22631 D UE      : [2023.08.17-10.03.43:286][  0]LogInit: Using OS detected locale (en-US).
