--------- beginning of system
08-17 20:03:20.581  1352  1410 I ActivityTaskManager: START u0 {flg=0x10000000 cmp=com.YourCompany.StefanoAR/com.epicgames.unreal.SplashActivity} from uid 2000
08-17 20:03:20.582  1352  1410 D CompatibilityChangeReporter: Compat change id reported: 265464455; UID 10285; state: DISABLED
08-17 20:03:20.582  1352  1410 D CompatibilityChangeReporter: Compat change id reported: 265452344; UID 10285; state: DISABLED
08-17 20:03:20.582  1352  1410 D CompatibilityChangeReporter: Compat change id reported: 266124927; UID 10285; state: DISABLED
08-17 20:03:20.582  1352  1410 D CompatibilityChangeReporter: Compat change id reported: 265451093; UID 10285; state: DISABLED
08-17 20:03:20.582  1352  1410 D CompatibilityChangeReporter: Compat change id reported: 265456536; UID 10285; state: DISABLED
08-17 20:03:20.582  1352  1410 D CompatibilityChangeReporter: Compat change id reported: 255940284; UID 10285; state: DISABLED
08-17 20:03:20.583  1352  1410 D CompatibilityChangeReporter: Compat change id reported: 236283604; UID 10285; state: DISABLED
08-17 20:03:20.583  1352  1410 D CompatibilityChangeReporter: Compat change id reported: 263959004; UID 10285; state: DISABLED
08-17 20:03:20.583  1352  1410 D CompatibilityChangeReporter: Compat change id reported: 264304459; UID 10285; state: DISABLED
08-17 20:03:20.583  1352  1410 D CompatibilityChangeReporter: Compat change id reported: 264301586; UID 10285; state: DISABLED
08-17 20:03:20.583  1352  1410 D CompatibilityChangeReporter: Compat change id reported: 254631730; UID 10285; state: DISABLED
08-17 20:03:20.583  1352  1410 D CompatibilityChangeReporter: Compat change id reported: 273509367; UID 10285; state: DISABLED
08-17 20:03:20.583  1352  1410 D CompatibilityChangeReporter: Compat change id reported: 263259275; UID 10285; state: DISABLED
08-17 20:03:20.591  1352  1410 D CompatibilityChangeReporter: Compat change id reported: 194480991; UID 10285; state: ENABLED
08-17 20:03:20.595  1352  1410 D CompatibilityChangeReporter: Compat change id reported: 174042980; UID 10285; state: DISABLED
08-17 20:03:20.604  1352  1410 D CompatibilityChangeReporter: Compat change id reported: 184838306; UID 10285; state: DISABLED
08-17 20:03:20.604  1352  1410 D CompatibilityChangeReporter: Compat change id reported: 185004937; UID 10285; state: DISABLED
08-17 20:03:20.605  1352  1410 D CompatibilityChangeReporter: Compat change id reported: 181136395; UID 10285; state: DISABLED
08-17 20:03:20.605  1352  1410 D CompatibilityChangeReporter: Compat change id reported: 174042936; UID 10285; state: DISABLED
08-17 20:03:20.610  1352  1410 D ActivityTaskManager: Temporarily retain top process state for launching app
08-17 20:03:20.640  1352 10185 I ActivityTaskManager: START u0 {flg=0x10000 cmp=com.YourCompany.StefanoAR/com.epicgames.unreal.GameActivity (has extras)} from uid 10285
08-17 20:03:20.643  1352 10185 D ActivityTaskManager: Temporarily retain top process state for launching app
08-17 20:03:20.645  1352 10185 W ActivityTaskManager: Tried to set launchTime (0) < mLastActivityLaunchTime (243602792)
08-17 20:03:20.645  1352 10185 E ActivityTaskManager: Going to pause when pause is already pending for ActivityRecord{e61bc5c u0 com.YourCompany.StefanoAR/com.epicgames.unreal.SplashActivity} t3481 f}} state=FINISHING
08-17 20:03:20.686  1352  1596 I DropBoxManagerService: add tag=system_server_wtf isTagEnabled=true flags=0x6
08-17 20:03:20.708  1352  3956 W WindowManager: Failed looking up window session=Session{ee4f7d5 22240:u0a10285} callers=com.android.server.wm.WindowManagerService.windowForClientLocked:6050 com.android.server.wm.Session.updateRequestedVisibilities:701 android.view.IWindowSession$Stub.onTransact:1075 
08-17 20:03:20.711  1352  3926 D CoreBackPreview: Window{b994924 u0 com.YourCompany.StefanoAR/com.epicgames.unreal.GameActivity}: Setting back callback OnBackInvokedCallbackInfo{mCallback=android.window.IOnBackInvokedCallback$Stub$Proxy@c82be42, mPriority=0}
08-17 20:03:20.779  1352  3956 D CompatibilityChangeReporter: Compat change id reported: 161145287; UID 10285; state: DISABLED
08-17 20:03:20.797  1352  4523 W WindowManager: Failed looking up window session=Session{ee4f7d5 22240:u0a10285} callers=com.android.server.wm.WindowManagerService.windowForClientLocked:6050 com.android.server.wm.Session.updateRequestedVisibilities:701 android.view.IWindowSession$Stub.onTransact:1075 
08-17 20:03:20.799  1352  3956 D CoreBackPreview: Window{59834cb u0 com.YourCompany.StefanoAR/com.epicgames.unreal.GameActivity}: Setting back callback OnBackInvokedCallbackInfo{mCallback=android.window.IOnBackInvokedCallback$Stub$Proxy@e734354, mPriority=0}
08-17 20:03:22.340  1352  1352 W ActivityManager: Receiver with filter android.content.IntentFilter@9784cf4 already registered for pid 1352, callerPackage is android
08-17 20:03:22.342  1890  8335 D PowerUI : can't show warning due to - plugged: true status unknown: false
08-17 20:03:22.693  1352  1596 W BroadcastQueue: Background execution not allowed: receiving Intent { act=android.intent.action.DROPBOX_ENTRY_ADDED flg=0x10 (has extras) } to com.google.android.gms/.stats.service.DropBoxEntryAddedReceiver
08-17 20:03:22.694  1352  1596 W BroadcastQueue: Background execution not allowed: receiving Intent { act=android.intent.action.DROPBOX_ENTRY_ADDED flg=0x10 (has extras) } to com.google.android.gms/.chimera.GmsIntentOperationService$PersistentTrustedReceiver
08-17 20:03:37.311   975   975 I vendor.google.wifi_ext@1.0-service-vendor: Wifi: Setting SAR Scenario to 3
08-17 20:03:39.029  1352  4821 I PowerGroup: Waking up power group from Dozing (groupId=0, uid=10213, reason=WAKE_REASON_TAP, details=com.android.systemui:NODOZE tap)...
08-17 20:03:39.030  1352  4821 I PowerManagerService: Waking up from Dozing (uid=10213, reason=WAKE_REASON_TAP, details=com.android.systemui:NODOZE tap)...
08-17 20:03:39.032  1352  1352 E ActivityManager: Cancel pending or running compactions as system is awake
08-17 20:03:39.069  1352  1644 I DisplayPowerController[0]: Blocking screen on until initial contents have been drawn.
08-17 20:03:39.096  1352  1644 V DisplayPowerController[0]: Brightness [0.07795492] reason changing to: 'screen_off_brightness_sensor', previous reason: 'screen_off'.
08-17 20:03:39.096  1352  1644 I DisplayPowerController[0]: BrightnessEvent: disp=0, physDisp=local:4619827677550801152, brt=0.07795492, initBrt=0.0, rcmdBrt=NaN, preBrt=NaN, lux=NaN, preLux=NaN, hbmMax=0.62, hbmMode=off, rbcStrength=50, powerFactor=1.0, thrmMax=1.0, wasShortTermModelActive=false, flags=invalid_lux , reason=screen_off_brightness_sensor, autoBrightness=true
08-17 20:03:39.097  1352  1644 I DisplayPowerController[0]: BrightnessEvent: disp=0, physDisp=local:4619827677550801152, brt=0.07795492, initBrt=0.07795492, rcmdBrt=NaN, preBrt=NaN, lux=NaN, preLux=NaN, hbmMax=0.62, hbmMode=off, rbcStrength=50, powerFactor=1.0, thrmMax=1.0, wasShortTermModelActive=false, flags=invalid_lux , reason=screen_off_brightness_sensor, autoBrightness=true
08-17 20:03:39.098  1352  1587 I DisplayDeviceRepository: Display device changed state: "Built-in Screen", ON
08-17 20:03:39.100  1352  1644 I DisplayPowerController[0]: BrightnessEvent: disp=0, physDisp=local:4619827677550801152, brt=0.07795492, initBrt=0.07795492, rcmdBrt=NaN, preBrt=NaN, lux=NaN, preLux=NaN, hbmMax=0.62, hbmMode=off, rbcStrength=50, powerFactor=1.0, thrmMax=1.0, wasShortTermModelActive=false, flags=invalid_lux , reason=screen_off_brightness_sensor, autoBrightness=true
08-17 20:03:39.103  1352  1352 I BrightnessSynchronizer: [5143] New Update 0.07795492(f) set brightness values:  21(i)
08-17 20:03:39.103  1352  1352 I BrightnessSynchronizer: Swallowing update of 21(i) by update: {[5143] 0.07795492(f), mUpdatedTypes=1, mConfirmedTypes=1, mTimeUpdated=243621284}
08-17 20:03:39.104  1352  1352 I BrightnessSynchronizer: Completed Update: {[5143] 0.07795492(f), mUpdatedTypes=1, mConfirmedTypes=1, mTimeUpdated=243621284}
08-17 20:03:39.107  1352  1588 I DisplayDevice: [0] Layerstack set to 0 for local:4619827677550801152
08-17 20:03:39.183  1352  1644 V DisplayPowerController[0]: Brightness [0.08928748] reason changing to: 'automatic', previous reason: 'screen_off_brightness_sensor'.
08-17 20:03:39.183  1352  1644 I DisplayPowerController[0]: BrightnessEvent: disp=0, physDisp=local:4619827677550801152, brt=0.08928748, initBrt=0.07795492, rcmdBrt=0.08928748, preBrt=NaN, lux=36.343117, preLux=NaN, hbmMax=0.62, hbmMode=off, rbcStrength=50, powerFactor=1.0, thrmMax=1.0, wasShortTermModelActive=false, flags=, reason=automatic, autoBrightness=true
08-17 20:03:39.183  1352  1644 I DisplayPowerController[0]: BrightnessEvent: disp=0, physDisp=local:4619827677550801152, brt=0.08928748, initBrt=0.08928748, rcmdBrt=0.08928748, preBrt=NaN, lux=36.343117, preLux=NaN, hbmMax=0.62, hbmMode=off, rbcStrength=50, powerFactor=1.0, thrmMax=1.0, wasShortTermModelActive=false, flags=, reason=automatic, autoBrightness=true
08-17 20:03:39.184  1352  1644 I DisplayPowerController[0]: BrightnessEvent: disp=0, physDisp=local:4619827677550801152, brt=0.08928748, initBrt=0.08928748, rcmdBrt=0.08928748, preBrt=NaN, lux=36.343117, preLux=NaN, hbmMax=0.62, hbmMode=off, rbcStrength=50, powerFactor=1.0, thrmMax=1.0, wasShortTermModelActive=false, flags=, reason=automatic, autoBrightness=true
08-17 20:03:39.208  1352  4827 D CompatibilityChangeReporter: Compat change id reported: 135634846; UID 10205; state: DISABLED
08-17 20:03:39.208  1352  4827 D CompatibilityChangeReporter: Compat change id reported: 177438394; UID 10205; state: DISABLED
08-17 20:03:39.208  1352  4827 D CompatibilityChangeReporter: Compat change id reported: 135772972; UID 10205; state: DISABLED
08-17 20:03:39.208  1352  4827 D CompatibilityChangeReporter: Compat change id reported: 135754954; UID 10205; state: ENABLED
08-17 20:03:39.209  1352  1597 D CompatibilityChangeReporter: Compat change id reported: 143937733; UID 10205; state: ENABLED
08-17 20:03:39.222  1352  1597 I ActivityManager: Start proc 22753:.ShannonImsService/u0a205 for content provider {com.shannon.imsservice/com.shannon.imsservice.util.contentprovider.ImsContentProvider}
08-17 20:03:39.238  1352  4827 D CompatibilityChangeReporter: Compat change id reported: 168419799; UID 10205; state: DISABLED
08-17 20:03:39.238  1352  4827 D CompatibilityChangeReporter: Compat change id reported: 273564678; UID 10205; state: DISABLED
08-17 20:03:39.289  1352  1587 I DisplayDeviceRepository: Display device changed state: "Built-in Screen", ON
08-17 20:03:39.290  1352  1644 I DisplayPowerController[0]: Unblocked screen on after 221 ms
08-17 20:03:39.290  1352  1644 I DisplayPowerController[0]: BrightnessEvent: disp=0, physDisp=local:4619827677550801152, brt=0.08928748, initBrt=0.08928748, rcmdBrt=0.08928748, preBrt=NaN, lux=36.343117, preLux=NaN, hbmMax=0.62, hbmMode=off, rbcStrength=50, powerFactor=1.0, thrmMax=1.0, wasShortTermModelActive=false, flags=, reason=automatic, autoBrightness=true
08-17 20:03:39.290  1352  1352 I BrightnessSynchronizer: [5145] New Update 0.08928748(f) set brightness values:  24(i)
08-17 20:03:39.290  1352  1644 I DisplayPowerController[0]: BrightnessEvent: disp=0, physDisp=local:4619827677550801152, brt=0.08928748, initBrt=0.08928748, rcmdBrt=0.08928748, preBrt=NaN, lux=36.343117, preLux=NaN, hbmMax=0.62, hbmMode=off, rbcStrength=50, powerFactor=1.0, thrmMax=1.0, wasShortTermModelActive=false, flags=, reason=automatic, autoBrightness=true
08-17 20:03:39.290  1352  1352 I BrightnessSynchronizer: New PendingUpdate: {[5146] 0.08928748(f), mUpdatedTypes=0, mConfirmedTypes=0, mTimeUpdated=0}, prev=null
08-17 20:03:39.291  1352  1644 W PowerManagerService: Screen on took 262 ms
08-17 20:03:39.291  1352  1644 I DreamManagerService: Gently waking up from dream.
08-17 20:03:39.293  1352  1352 I BrightnessSynchronizer: Swallowing update of 24(i) by update: {[5145] 0.08928748(f), mUpdatedTypes=1, mConfirmedTypes=1, mTimeUpdated=243621472}
08-17 20:03:39.293  1352  1352 I BrightnessSynchronizer: Completed Update: {[5145] 0.08928748(f), mUpdatedTypes=1, mConfirmedTypes=1, mTimeUpdated=243621472}
--------- beginning of main
08-17 20:03:39.296  1154  1154 D AOC     : A3:MSG: lsm6dsr_device.cc, 663: USF: Lsm6dsrDevice: Fifo was disabled for 419190ns.
08-17 20:03:39.296 14340 22771 D TrafficStats: tagSocket(401) with statsTag=0x30000900, statsUid=-1
08-17 20:03:39.297 14340 22771 D TrafficStats: tagSocket(401) with statsTag=0x30000900, statsUid=-1
08-17 20:03:39.297  1154  1154 D AOC     : A3:MSG: vsc_controller.cc, 537: VSC: [Device Orientation] requestSensorEvents: sensor 0x10004, period=66 latency=40ms.
08-17 20:03:39.298  1154  1154 D AOC     : A3:MSG: usf_sensor.cc, 1368: USF: Received start sampling request for LSM6DSR Gyroscope.
08-17 20:03:39.298  1154  1154 D AOC     : A3:MSG: lsm6dsr_device.cc, 755: USF: Lsm6dsrDevice: Sensor 2: Enabled 1, odr_index 1.
08-17 20:03:39.298  1154  1154 D AOC     : A3:MSG: lsm6dsr_fifo.cc, 747: USF: Lsm6dsrFifo: ODR: XL/G/T/TS: 52/208/13/26 WM: 19 Intr: 16.
08-17 20:03:39.298   459   459 I display : path=sysfs, id=0, level=298, DimmingOn=1, Hbm=0, LhbmOn=0
08-17 20:03:39.301  1154  1154 D AOC     : A3:MSG: lsm6dsr_device.cc, 663: USF: Lsm6dsrDevice: Fifo was disabled for 395020ns.
08-17 20:03:39.301  1154  1154 D AOC     : A3:MSG: lsm6dsr_device.cc, 755: USF: Lsm6dsrDevice: Sensor 1: Enabled 1, odr_index 5.
08-17 20:03:39.301  1154  1154 D AOC     : A3:MSG: lsm6dsr_fifo.cc, 747: USF: Lsm6dsrFifo: ODR: XL/G/T/TS: 52/208/13/26 WM: 11 Intr: 28.
08-17 20:03:39.301  1154  1154 D AOC     : A3:MSG: lsm6dsr_device.cc, 663: USF: Lsm6dsrDevice: Fifo was disabled for 382813ns.
08-17 20:03:39.301  1154  1154 D AOC     : A3:MSG: window_orientation.c, 591: [WO] Reset mTask, clear history
08-17 20:03:39.301  1154  1154 D AOC     : A3:MSG: tmd3719_device.cc, 4122: USF: TMD3719: brightness:298 leakage:0.000000 refresh_rate:60 status:1
08-17 20:03:39.310  1890  1890 D SsBaseTemplateCard: No text view can be set up
08-17 20:03:39.311  1890  1890 D SsBaseTemplateCard: Passed-in item info is null
08-17 20:03:39.311  1890  1890 D SsBaseTemplateCard: Passed-in item info is null
08-17 20:03:39.311  1890  1890 I SsBaseTemplateCard: Secondary card pane is null
08-17 20:03:39.311  1890  1890 D SsBaseTemplateCard: No text view can be set up
08-17 20:03:39.311  1890  1890 D SsBaseTemplateCard: Passed-in item info is null
08-17 20:03:39.311  1890  1890 D SsBaseTemplateCard: Passed-in item info is null
08-17 20:03:39.311  1890  1890 I SsBaseTemplateCard: Secondary card pane is null
08-17 20:03:39.325  1352  4523 I DreamManagerService: Leaving dreamland.
08-17 20:03:39.325  1352  1584 I DreamController: Stopping dream: name=ComponentInfo{com.android.systemui/com.android.systemui.doze.DozeService}, isPreviewMode=false, canDoze=true, userId=0, reason='finished self'(from 'power manager request')
08-17 20:03:39.328  1158  1158 I android.hardware.biometrics.fingerprint-service.goodix: onContextChanged
08-17 20:03:39.333  1352  4821 V ALSProbe: Enable ALS: 117116048
08-17 20:03:39.333  1890  1890 D DLObserver: remove listener: com.android.systemui.doze.DozeTriggers$DockEventListener@6154b43
08-17 20:03:39.335  1890  1890 D DLObserver: remove listener: com.android.systemui.doze.DozeDockHandler$DockEventListener@3aba3fa
08-17 20:03:39.335   951   951 D usf_sensor_hal: proximity gated single tap: Enter Activate. Enable = 0.
08-17 20:03:39.336  1154  1154 D AOC     : A3:MSG: usf_sensor.cc, 1375: USF: Received stop sampling request for Proximity Gated Single Tap Gesture.
08-17 20:03:39.336  1154  1154 D AOC     : A3:MSG: vsc_sensor.cc, 68: VSC: [Proximity Gated Single Tap Gesture] disable.
08-17 20:03:39.336  1154  1154 D AOC     : A3:MSG: vsc_controller.cc, 555: VSC: [Proximity Gated Single Tap Gesture] stopSensorEvents: sensor 0x20006
08-17 20:03:39.337  1154  1154 D AOC     : A3:MSG: usf_sensor.cc, 1375: USF: Received stop sampling request for FTM5 Touch Gesture Sensor.
08-17 20:03:39.337  1154  1154 D AOC     : A3:MSG: ftm5_sensor.cc, 99: USF: FTM5: StopSampling: FTM5 Touch Gesture Sensor.
08-17 20:03:39.337  1154  1154 D AOC     : A3:MSG: ftm5_device.cc, 168: USF: FTM5: Priority: 0, Bus:0, Host:0; Enabled:0
08-17 20:03:39.338   975   975 I WifiHAL : In GetLinkStatsCommand::handleResponse
08-17 20:03:39.339  1154  1154 D AOC     : A3:MSG: vsc_controller.cc, 555: VSC: [Proximity Gated Single Tap Gesture] stopSensorEvents: sensor 0x10008
08-17 20:03:39.339  1154  1154 D AOC     : A3:MSG: usf_sensor.cc, 1375: USF: Received stop sampling request for TMD3719 Proximity.
08-17 20:03:39.339  1154  1154 D AOC     : A3:MSG: single_tap_prox_gated.c, 158: [single-tap-prox-gated] sensor disabled
08-17 20:03:39.343  2149  2149 D GRIL-S  : [5237]> UPDATE_SCONE_INFO Mobility:3 Battery:2 Thermal:0 Screen:1
08-17 20:03:39.369  2518  2597 D IwlanDataService: onCapabilitiesChanged: 145 [ Transports: WIFI Capabilities: NOT_METERED&INTERNET&NOT_RESTRICTED&TRUSTED&NOT_VPN&VALIDATED&NOT_ROAMING&FOREGROUND&NOT_CONGESTED&NOT_SUSPENDED&NOT_VCN_MANAGED LinkUpBandwidth>=6274Kbps LinkDnBandwidth>=54377Kbps TransportInfo: <SSID: <unknown ssid>, BSSID: 02:00:00:00:00:00, MAC: 02:00:00:00:00:00, IP: /192.168.0.234, Security type: 4, Supplicant state: COMPLETED, Wi-Fi standard: 6, RSSI: -55, Link speed: 1020Mbps, Tx Link speed: 1020Mbps, Max Supported Tx Link speed: 1200Mbps, Rx Link speed: 816Mbps, Max Supported Rx Link speed: 1200Mbps, Frequency: 5180MHz, Net ID: -1, Metered hint: false, score: 60, isUsable: true, CarrierMerged: false, SubscriptionId: -1, IsPrimary: 1, Trusted: true, Restricted: false, Ephemeral: false, OEM paid: false, OEM private: false, OSU AP: false, FQDN: <none>, Provider friendly name: <none>, Requesting package name: <none><none>MLO Information: , AP MLD Address: <none>, AP MLO Link Id: <none>, AP MLO Affiliated links: <none>> SignalStrength: -55 AdminUids: [10141] SSID: "OPTUSGR568938_5G" UnderlyingNetworks: Null]
08-17 20:03:39.369  2518  2597 D IwlanDataService: Network 145 connected using transport WIFI
08-17 20:03:39.370 14340 14823 I ChimeraSrvcProxy: NullBinder for android.net.action.RECOMMEND_NETWORKS triggering remote TransactionTooLargeException due to Service without Chimera impl
08-17 20:03:39.370 14340 14823 W .gms.persistent: Large reply transaction of 1056768 bytes, interface descriptor , code 1
08-17 20:03:39.371  2219  3174 I SHANNON_IMS: 2924 [CONN] WiFi connected [SLID:0], network: 145 [com.shannon.imsservice.conn.DefaultNetworkCallback@e5ff150] (DefaultNetworkCallback%onCapabilitiesChanged:42)
08-17 20:03:39.373 10853 10915 I WifiSignalInfo: onCapabilitiesChanged: rssi:-55
08-17 20:03:39.373 10853 16398 D DeviceStateHelper: Wifi freq: 5180
08-17 20:03:39.374  2518  2631 D IwlanNetworkService: onCapabilitiesChanged: 145
08-17 20:03:39.375  1374  1680 I twoshay.grip: Grip 0 ENTER
08-17 20:03:39.379 14340 22771 I TrafficStats: untagSocket(401)
08-17 20:03:39.381  2197  3153 D SHANNON_RCS: 5781 [0][PROX][TELE] onCapabilitiesChanged, Network: 145, NetworkCapabilities: [ Transports: WIFI Capabilities: NOT_METERED&INTERNET&NOT_RESTRICTED&TRUSTED&NOT_VPN&VALIDATED&NOT_ROAMING&FOREGROUND&NOT_CONGESTED&NOT_SUSPENDED&NOT_VCN_MANAGED LinkUpBandwidth>=6274Kbps LinkDnBandwidth>=54377Kbps TransportInfo: <SSID: <unknown ssid>, BSSID: 02:00:00:00:00:00, MAC: 02:00:00:00:00:00, IP: /192.168.0.234, Security type: 4, Supplicant state: COMPLETED, Wi-Fi standard: 6, RSSI: -55, Link speed: 1020Mbps, Tx Link speed: 1020Mbps, Max Supported Tx Link speed: 1200Mbps, Rx Link speed: 816Mbps, Max Supported Rx Link speed: 1200Mbps, Frequency: 5180MHz, Net ID: -1, Metered hint: false, score: 60, isUsable: true, CarrierMerged: false, SubscriptionId: -1, IsPrimary: -1, Trusted: true, Restricted: false, Ephemeral: false, OEM paid: false, OEM private: false, OSU AP: false, FQDN: <none>, Provider friendly name: <none>, Requesting package name: <none><none>MLO Information: , AP MLD Address: <none>, AP MLO Link Id: <none>, AP MLO Affiliated links: <none>> SignalStrength: -55 UnderlyingNetworks: Null] (DefaultNetworkCallback%onCapabilitiesChanged:76)
08-17 20:03:39.383  8894  9020 I CarrierServices: [860] gwb.handleMessage: RcsEngineImpl[DUAL_REG]:[9528d01b-2ae8]>Handler: handleMessage processing message:[NOTIFY_UPTIME_IGNORE_STATE_CHANGED] with [non-null]:RcsEngineImpl reference
08-17 20:03:39.383  8894  9021 I CarrierServices: [861] gfm.c: Connected state: [1], networkType: [WIFI]
08-17 20:03:39.386  1352  5436 D CompatibilityChangeReporter: Compat change id reported: 135634846; UID 10138; state: DISABLED
08-17 20:03:39.387  1352  5436 D CompatibilityChangeReporter: Compat change id reported: 177438394; UID 10138; state: DISABLED
08-17 20:03:39.387 14340 14340 I CastMediaRouteProvider: Published 1 routes
08-17 20:03:39.387  1352  5436 D CompatibilityChangeReporter: Compat change id reported: 135772972; UID 10138; state: DISABLED
08-17 20:03:39.387  1352  5436 D CompatibilityChangeReporter: Compat change id reported: 135754954; UID 10138; state: ENABLED
08-17 20:03:39.387  1352  1597 D CompatibilityChangeReporter: Compat change id reported: 143937733; UID 10138; state: ENABLED
08-17 20:03:39.399   906   906 D Zygote  : Forked child process 22782
08-17 20:03:39.400  1352  1597 I ActivityManager: Start proc 22782:com.google.android.apps.messaging/u0a138 for content provider {com.google.android.apps.messaging/com.google.android.apps.messaging.shared.datamodel.provider.sharedstorage.SharedStorageProvider}
08-17 20:03:39.400  2149  3922 D GRIL-S  : [5237]< UPDATE_SCONE_INFO 
08-17 20:03:39.402 22198 22216 V UE      : [NetworkChangedManager] Network Capabilities changed, has Internet: true
08-17 20:03:39.403 22333 22350 V UE      : [NetworkChangedManager] Network Capabilities changed, has Internet: true
08-17 20:03:39.405 22285 22322 V UE      : [NetworkChangedManager] Network Capabilities changed, has Internet: true
08-17 20:03:39.406 22782 22782 I .apps.messaging: Using CollectorTypeCC GC.
08-17 20:03:39.407 22240 22265 V UE      : [NetworkChangedManager] Network Capabilities changed, has Internet: true
08-17 20:03:39.408 22782 22782 E .apps.messaging: Not starting debugger since process cannot load the jdwp agent.
08-17 20:03:39.408 22136 22157 V UE      : [NetworkChangedManager] Network Capabilities changed, has Internet: true
08-17 20:03:39.409 22333 22783 V UE      : [NetworkChangedManager] Verifying internet connection with host: https://example.com/
08-17 20:03:39.410 22285 22791 V UE      : [NetworkChangedManager] Verifying internet connection with host: https://google.com/
08-17 20:03:39.410  1157  1332 I CHRE    : @ 731940.188: [ImuCal] [GYRO_RPS] (s0, c0) Offset | Temp [C] | Quality: 0.000039, 0.000783, -.000973 | 21.920312 | 4
08-17 20:03:39.410  1157  1332 I CHRE    : @ 731940.188: [ImuCal] [GYRO_RPS] (s0) Temp Sensitivity: -.000007, -.000012, -.000045
08-17 20:03:39.410  1157  1332 I CHRE    : @ 731940.188: [ImuCal] [GYRO_RPS] (s0) Temp Intercept: 0.000241, 0.001112, 0.000164
08-17 20:03:39.411 12530 12599 D WM-NetworkStateTracker: Network capabilities changed: [ Transports: WIFI Capabilities: NOT_METERED&INTERNET&NOT_RESTRICTED&TRUSTED&NOT_VPN&VALIDATED&NOT_ROAMING&FOREGROUND&NOT_CONGESTED&NOT_SUSPENDED&NOT_VCN_MANAGED LinkUpBandwidth>=6274Kbps LinkDnBandwidth>=54377Kbps TransportInfo: <SSID: <unknown ssid>, BSSID: 02:00:00:00:00:00, MAC: 02:00:00:00:00:00, IP: /192.168.0.234, Security type: 4, Supplicant state: COMPLETED, Wi-Fi standard: 6, RSSI: -55, Link speed: 1020Mbps, Tx Link speed: 1020Mbps, Max Supported Tx Link speed: 1200Mbps, Rx Link speed: 816Mbps, Max Supported Rx Link speed: 1200Mbps, Frequency: 5180MHz, Net ID: -1, Metered hint: false, score: 60, isUsable: true, CarrierMerged: false, SubscriptionId: -1, IsPrimary: -1, Trusted: true, Restricted: false, Ephemeral: false, OEM paid: false, OEM private: false, OSU AP: false, FQDN: <none>, Provider friendly name: <none>, Requesting package name: <none><none>MLO Information: , AP MLD Address: <none>, AP MLO Link Id: <none>, AP MLO Affiliated links: <none>> SignalStrength: -55 UnderlyingNetworks: Null]
08-17 20:03:39.415 22782 22782 D CompatibilityChangeReporter: Compat change id reported: 171979766; UID 10138; state: ENABLED
08-17 20:03:39.415  1374  1680 I twoshay.grip: Grip 0 LEAVE0
08-17 20:03:39.416 14340 22771 I TrafficStats: untagSocket(237)
08-17 20:03:39.417 14340 14340 I CastMediaRouteProvider: Published 2 routes
08-17 20:03:39.419   975   975 D WifiHAL : Setting APF program, halHandle = 0xb400007b5f418250
08-17 20:03:39.419   975   975 I WifiHAL : createRequest: APF set program request
08-17 20:03:39.419 22170 22188 V UE      : [NetworkChangedManager] Network Capabilities changed, has Internet: true
08-17 20:03:39.421 22240 22802 V UE      : [NetworkChangedManager] Verifying internet connection with host: https://google.com/
08-17 20:03:39.421  1352  5436 I MediaSessionStack: addSession to bottom of stack | record: com.google.android.gms/cast_rcn_media_session (userId=0)
08-17 20:03:39.422  2094  2094 V MediaPlayerList: onActiveSessionsChanged: number of controllers: 0
08-17 20:03:39.423  1352  4524 W PendingIntentHolder: Unresolvable implicit intent is set, pi=PendingIntent{da7614: PendingIntentRecord{4768ebd com.google.android.gms/com.google.android.gms.cast broadcastIntent}}
08-17 20:03:39.424 14340 20302 I CastSocketMultiplexer: Stopping multiplexer...
08-17 20:03:39.425 22170 22803 V UE      : [NetworkChangedManager] Verifying internet connection with host: https://example.com/
08-17 20:03:39.425 22782 22782 D nativeloader: Configuring classloader-namespace for other apk /system/framework/org.apache.http.legacy.jar. target_sdk_version=34, uses_libraries=ALL, library_path=/data/app/~~By12f1p0Jw4QyHcUHTfb1g==/com.google.android.apps.messaging-5eHXna3JttaXWjOxRpxmbQ==/lib/arm64:/data/app/~~By12f1p0Jw4QyHcUHTfb1g==/com.google.android.apps.messaging-5eHXna3JttaXWjOxRpxmbQ==/base.apk!/lib/arm64-v8a:/data/app/~~By12f1p0Jw4QyHcUHTfb1g==/com.google.android.apps.messaging-5eHXna3JttaXWjOxRpxmbQ==/split_config.arm64_v8a.apk!/lib/arm64-v8a:/data/app/~~By12f1p0Jw4QyHcUHTfb1g==/com.google.android.apps.messaging-5eHXna3JttaXWjOxRpxmbQ==/split_config.en.apk!/lib/arm64-v8a:/data/app/~~By12f1p0Jw4QyHcUHTfb1g==/com.google.android.apps.messaging-5eHXna3JttaXWjOxRpxmbQ==/split_config.it.apk!/lib/arm64-v8a:/data/app/~~By12f1p0Jw4QyHcUHTfb1g==/com.google.android.apps.messaging-5eHXna3JttaXWjOxRpxmbQ==/split_config.xxhdpi.apk!/lib/arm64-v8a, permitted_path=/data:/mnt/expand:/data/user/0/com.google.android.apps.messaging
08-17 20:03:39.432   975   975 I WifiHAL : Done!
08-17 20:03:39.433 22136 22801 V UE      : [NetworkChangedManager] Verifying internet connection with host: https://google.com/
08-17 20:03:39.436 22198 22800 V UE      : [NetworkChangedManager] Verifying internet connection with host: https://example.com/
08-17 20:03:39.440  2094  2108 D BtGatt.GattService: writeCharacteristic() - trying to acquire permit.
08-17 20:03:39.444  2094  2182 D BtGatt.GattService: onWriteCharacteristic() - increasing permit for address=FB:7D:08:88:98:6A
08-17 20:03:39.446  2094  2108 D BtGatt.GattService: writeCharacteristic() - trying to acquire permit.
08-17 20:03:39.446  2094  2182 D BtGatt.GattService: onWriteCharacteristic() - increasing permit for address=FB:7D:08:88:98:6A
08-17 20:03:39.447  2094  2108 D BtGatt.GattService: writeCharacteristic() - trying to acquire permit.
08-17 20:03:39.448  2094  2182 D BtGatt.GattService: onWriteCharacteristic() - increasing permit for address=FB:7D:08:88:98:6A
08-17 20:03:39.465 14340 14340 W ChimeraUtils: Module com.google.android.gms.cast missing resource cast_module_display_name(0)
08-17 20:03:39.468 14340 14340 D BoundBrokerSvc: onBind: Intent { act=com.google.android.gms.cast.service.BIND_CAST_DEVICE_CONTROLLER_SERVICE dat=chimera-action:/... cmp=com.google.android.gms/.chimera.PersistentApiService }
08-17 20:03:39.468 14340 14340 D BoundBrokerSvc: Loading bound service for intent: Intent { act=com.google.android.gms.cast.service.BIND_CAST_DEVICE_CONTROLLER_SERVICE dat=chimera-action:/... cmp=com.google.android.gms/.chimera.PersistentApiService }
08-17 20:03:39.478 14340 14424 I CastService: [instance-5] [com.google.android.gms] follow session disabled, with outputSwitcher: disabled
08-17 20:03:39.478 14340 14424 I CastService: [instance-5] [com.google.android.gms] acquireDeviceController: Google Play services client: 233013000 and APK: 233013000
08-17 20:03:39.517  1890  1890 V UdfpsController: onTouch | finger outside
08-17 20:03:39.518 22782 22782 W ziparchive: Unable to open '/data/app/~~By12f1p0Jw4QyHcUHTfb1g==/com.google.android.apps.messaging-5eHXna3JttaXWjOxRpxmbQ==/split_config.arm64_v8a.dm': No such file or directory
08-17 20:03:39.518 22782 22782 W ziparchive: Unable to open '/data/app/~~By12f1p0Jw4QyHcUHTfb1g==/com.google.android.apps.messaging-5eHXna3JttaXWjOxRpxmbQ==/split_config.arm64_v8a.dm': No such file or directory
08-17 20:03:39.518 22782 22782 W .apps.messaging: Entry not found
08-17 20:03:39.519 22782 22782 W ziparchive: Unable to open '/data/app/~~By12f1p0Jw4QyHcUHTfb1g==/com.google.android.apps.messaging-5eHXna3JttaXWjOxRpxmbQ==/split_config.en.dm': No such file or directory
08-17 20:03:39.519 22782 22782 W ziparchive: Unable to open '/data/app/~~By12f1p0Jw4QyHcUHTfb1g==/com.google.android.apps.messaging-5eHXna3JttaXWjOxRpxmbQ==/split_config.en.dm': No such file or directory
08-17 20:03:39.519 22782 22782 W .apps.messaging: Entry not found
08-17 20:03:39.520 22782 22782 W ziparchive: Unable to open '/data/app/~~By12f1p0Jw4QyHcUHTfb1g==/com.google.android.apps.messaging-5eHXna3JttaXWjOxRpxmbQ==/split_config.it.dm': No such file or directory
08-17 20:03:39.520 22782 22782 W ziparchive: Unable to open '/data/app/~~By12f1p0Jw4QyHcUHTfb1g==/com.google.android.apps.messaging-5eHXna3JttaXWjOxRpxmbQ==/split_config.it.dm': No such file or directory
08-17 20:03:39.520 22782 22782 W .apps.messaging: Entry not found
08-17 20:03:39.520 22782 22782 W ziparchive: Unable to open '/data/app/~~By12f1p0Jw4QyHcUHTfb1g==/com.google.android.apps.messaging-5eHXna3JttaXWjOxRpxmbQ==/split_config.xxhdpi.dm': No such file or directory
08-17 20:03:39.520 22782 22782 W ziparchive: Unable to open '/data/app/~~By12f1p0Jw4QyHcUHTfb1g==/com.google.android.apps.messaging-5eHXna3JttaXWjOxRpxmbQ==/split_config.xxhdpi.dm': No such file or directory
08-17 20:03:39.520 22782 22782 W .apps.messaging: Entry not found
08-17 20:03:39.521 22782 22782 D nativeloader: Configuring classloader-namespace for other apk /data/app/~~By12f1p0Jw4QyHcUHTfb1g==/com.google.android.apps.messaging-5eHXna3JttaXWjOxRpxmbQ==/base.apk:/data/app/~~By12f1p0Jw4QyHcUHTfb1g==/com.google.android.apps.messaging-5eHXna3JttaXWjOxRpxmbQ==/split_config.arm64_v8a.apk:/data/app/~~By12f1p0Jw4QyHcUHTfb1g==/com.google.android.apps.messaging-5eHXna3JttaXWjOxRpxmbQ==/split_config.en.apk:/data/app/~~By12f1p0Jw4QyHcUHTfb1g==/com.google.android.apps.messaging-5eHXna3JttaXWjOxRpxmbQ==/split_config.it.apk:/data/app/~~By12f1p0Jw4QyHcUHTfb1g==/com.google.android.apps.messaging-5eHXna3JttaXWjOxRpxmbQ==/split_config.xxhdpi.apk. target_sdk_version=34, uses_libraries=, library_path=/data/app/~~By12f1p0Jw4QyHcUHTfb1g==/com.google.android.apps.messaging-5eHXna3JttaXWjOxRpxmbQ==/lib/arm64:/data/app/~~By12f1p0Jw4QyHcUHTfb1g==/com.google.android.apps.messaging-5eHXna3JttaXWjOxRpxmbQ==/base.apk!/lib/arm64-v8a:/data/app/~~By12f1p0Jw4QyHcUHTfb1g==/com.google.android.apps.messaging-5eHXna3JttaXWjOxRpxmbQ==/split_config.arm64_
08-17 20:03:39.522 22782 22782 W .apps.messaging: JIT profile information will not be recorded: profile file does not exist.
08-17 20:03:39.522 22782 22782 W .apps.messaging: JIT profile information will not be recorded: profile file does not exist.
08-17 20:03:39.523 22782 22782 W .apps.messaging: JIT profile information will not be recorded: profile file does not exist.
08-17 20:03:39.523 22782 22782 W .apps.messaging: JIT profile information will not be recorded: profile file does not exist.
08-17 20:03:39.530 22782 22782 V GraphicsEnvironment: ANGLE Developer option for 'com.google.android.apps.messaging' set to: 'default'
08-17 20:03:39.530 22782 22782 V GraphicsEnvironment: ANGLE GameManagerService for com.google.android.apps.messaging: false
08-17 20:03:39.530 22782 22782 V GraphicsEnvironment: Neither updatable production driver nor prerelease driver is supported.
08-17 20:03:39.531 22782 22782 D NetworkSecurityConfig: No Network Security Config specified, using platform default
08-17 20:03:39.531  1890  1890 V UdfpsController: onTouch | finger outside
08-17 20:03:39.531 22782 22782 D NetworkSecurityConfig: No Network Security Config specified, using platform default
08-17 20:03:39.534 22782 22782 I MultiDex: Installing application
08-17 20:03:39.534 22782 22782 I MultiDex: VM with version 2.1.0 has multidex support
08-17 20:03:39.534 22782 22782 I MultiDex: VM has multidex support, MultiDex support library is disabled.
08-17 20:03:39.539  2219  2219 I SHANNON_IMS: 2937 [CALL] isEmcAvailable for true (ImsCallManager%isEmcAvailable:1377)
08-17 20:03:39.547  1890  1890 V UdfpsController: onTouch | finger outside
08-17 20:03:39.549  1352  4523 D CompatibilityChangeReporter: Compat change id reported: 161145287; UID 10138; state: DISABLED
08-17 20:03:39.552 22782 22782 I clsv    : SslGuard completed installation.
08-17 20:03:39.553 22782 22782 I Bugle   : BugleApplicationBase: Bugle version: messages.android_20230725_01_rc02.phone_dynamic
08-17 20:03:39.553 22782 22782 I Bugle   : DarkModeManager: setDarkMode: -1
08-17 20:03:39.560  1352  1585 D CompatibilityChangeReporter: Compat change id reported: 173031413; UID 1000; state: ENABLED
08-17 20:03:39.562  1890  1890 V UdfpsController: onTouch | finger outside
08-17 20:03:39.573  8894  9020 I CarrierServices: [860] gti.z: Rcs is enabled from user settings: true
08-17 20:03:39.580  1890  1890 V UdfpsController: onTouch | finger outside
08-17 20:03:39.587 22782 22824 W BugleDatabase: DatabaseWrapperSlowdown: ****Database Slowdown applied with pre/post slowdown times (milliseconds) of: 0 0
08-17 20:03:39.590 22333 22783 V UE      : [NetworkChangedManager] Unable to connect to: https://example.com/
08-17 20:03:39.590 22333 22783 V UE      : [NetworkChangedManager] Verifying internet connection with host: https://google.com/
08-17 20:03:39.590 22782 22824 I Bugle   : Initializing EmojiCompat
08-17 20:03:39.592 22782 22824 I CarrierServices: [1030] bshe.b: Initializing Carrier Services Library.
08-17 20:03:39.594 22782 22826 W .apps.messaging: Accessing hidden field Ljava/util/Collections$SynchronizedCollection;->mutex:Ljava/lang/Object; (max-target-o, reflection, denied)
08-17 20:03:39.594 22782 22826 W .apps.messaging: Accessing hidden method Ljava/util/Collections$SynchronizedSet;-><init>(Ljava/util/Set;Ljava/lang/Object;)V (max-target-o, reflection, denied)
08-17 20:03:39.594 22782 22826 W .apps.messaging: Accessing hidden method Ljava/util/Collections$SynchronizedCollection;-><init>(Ljava/util/Collection;Ljava/lang/Object;)V (max-target-o, reflection, denied)
08-17 20:03:39.595  1890  1890 V UdfpsController: onTouch | finger outside
08-17 20:03:39.595 14340 14870 I FontLog : (REDACTED) Received query %s, URI %s
08-17 20:03:39.596 14340 14870 I FontLog : (REDACTED) Query [%s] resolved to %s
08-17 20:03:39.600 14340 14870 I FontLog : (REDACTED) Fetch %s end status %s
08-17 20:03:39.601 22170 22803 V UE      : [NetworkChangedManager] Unable to connect to: https://example.com/
08-17 20:03:39.603 22170 22803 V UE      : [NetworkChangedManager] Verifying internet connection with host: https://google.com/
08-17 20:03:39.603 14340 14870 I FontLog : (REDACTED) Pulling font file for id = %d, cache size = %d
08-17 20:03:39.606 14340 14870 I FontLog : (REDACTED) Pulling font file for id = %d, cache size = %d
08-17 20:03:39.607 22333 22783 D TrafficStats: tagSocket(5) with statsTag=0xffffffff, statsUid=-1
08-17 20:03:39.612  1890  1890 V UdfpsController: onTouch | finger outside
08-17 20:03:39.614  1746  1756 I native  : I0000 00:00:1692266619.613617    1756 tf_lite_classifier.cc:400] Event stream classified as kNone
08-17 20:03:39.617 22198 22800 V UE      : [NetworkChangedManager] Connectivity hasn't changed. Current state: CONNECTION_AVAILABLE
08-17 20:03:39.617 22198 22800 V UE      : [NetworkChangedManager] Full network check complete. State: CONNECTION_AVAILABLE
08-17 20:03:39.620 27759 27991 I AiAiPeople: [0] fragments remain to process, dispatched event [17]
08-17 20:03:39.621 22170 22803 D TrafficStats: tagSocket(5) with statsTag=0xffffffff, statsUid=-1
08-17 20:03:39.629  1890  1890 V UdfpsController: onTouch | finger outside
08-17 20:03:39.645  1890  1890 V UdfpsController: onTouch | finger outside
08-17 20:03:39.662  1890  1890 V UdfpsController: onTouch | finger outside
08-17 20:03:39.679  1890  1890 V UdfpsController: onTouch | finger outside
08-17 20:03:39.697  1890  1890 V UdfpsController: onTouch | finger outside
08-17 20:03:39.698  1352  1352 I SideFpsEventHandler: notifyPowerPressed
08-17 20:03:39.698  1352  1352 I FingerprintManager: onPowerPressed
08-17 20:03:39.699  1352  1352 D WindowManager: powerPress: eventTime=243621736 interactive=true count=1 beganFromNonInteractive=false mShortPressOnPowerBehavior=1
08-17 20:03:39.699  1352  1352 I PowerGroup: Powering off display group due to power_button (groupId= 0, uid= 1000, millisSinceLastUserActivity=38, lastUserActivityEvent=other)...
08-17 20:03:39.699  1352  1352 I PowerManagerService: Going to sleep due to power_button (uid 1000, screenOffTimeout=30000, activityTimeoutWM=10000, maxDimRatio=0.20000005, maxDimDur=7000)...
08-17 20:03:39.700   951   951 D usf_sensor_hal: binned brightness: Enter Batch. period = 200000000, latency = 0.
08-17 20:03:39.701   951   951 D usf_sensor_hal: binned brightness: Enter Activate. Enable = 1.
08-17 20:03:39.703  1154  1154 D AOC     : A3:MSG: usf_sensor.cc, 1368: USF: Received start sampling request for Binned Brightness.
08-17 20:03:39.703  1154  1154 D AOC     : A3:MSG: vsc_sensor.cc, 37: VSC: [Binned Brightness] enable: period 1000000000, latency = 0
08-17 20:03:39.703  1154  1154 D AOC     : A3:MSG: binned_brightness.c, 113: [BINNED_BRIGHTNESS] Created instance at 0x400f8a30
08-17 20:03:39.703   459   459 D display : getColorModes: size(3)
08-17 20:03:39.703  1154  1154 D AOC     : A3:MSG: vsc_controller.cc, 537: VSC: [Binned Brightness] requestSensorEvents: sensor 0x10005, period=250 latency=0ms.
08-17 20:03:39.703   459   459 D display : getColorModes: size(3)
08-17 20:03:39.703   459   459 D display : 	mode[0] 0
08-17 20:03:39.703   459   459 D display : 	mode[1] 7
08-17 20:03:39.703   459   459 D display : 	mode[2] 9
08-17 20:03:39.703  1154  1154 D AOC     : A3:MSG: usf_sensor.cc, 1368: USF: Received start sampling request for TMD3719 Ambient Light.
08-17 20:03:39.703  1154  1154 D AOC     : A3:MSG: binned_brightness.c, 100: [BINNED_BRIGHTNESS] Changing state to 2 at 731940480 ms
08-17 20:03:39.716  1158  1158 I android.hardware.biometrics.fingerprint-service.goodix: onContextChanged
08-17 20:03:39.717   951   951 D usf_sensor_hal: ambient light: Enter Batch. period = 1000000, latency = 0.
08-17 20:03:39.717  1352  4827 V ALSProbe: Disable ALS: 117116048
08-17 20:03:39.722  1890  1890 V UdfpsController: onTouch | finger outside
08-17 20:03:39.727  1890  1890 I vol.VolumeDialogImpl: mDialog.dismiss() reason: volume_controller from: com.android.systemui.volume.VolumeDialogImpl$7.onDismissRequested:2
08-17 20:03:39.728  1890  1890 V UdfpsController: onTouch | finger outside
08-17 20:03:39.741 22285 22791 V UE      : [NetworkChangedManager] Connectivity hasn't changed. Current state: CONNECTION_AVAILABLE
08-17 20:03:39.741 22285 22791 V UE      : [NetworkChangedManager] Full network check complete. State: CONNECTION_AVAILABLE
08-17 20:03:39.745  1890  1890 V UdfpsController: onTouch | finger outside
08-17 20:03:39.756 22782 22820 I Bugle   : DatabaseHelperBasic: sqlite version is 3.32.2
08-17 20:03:39.762  1890  1890 V UdfpsController: onTouch | finger outside
08-17 20:03:39.768 22136 22801 V UE      : [NetworkChangedManager] Connectivity hasn't changed. Current state: CONNECTION_AVAILABLE
08-17 20:03:39.769 22136 22801 V UE      : [NetworkChangedManager] Full network check complete. State: CONNECTION_AVAILABLE
08-17 20:03:39.770   951   951 D usf_sensor_hal: binned brightness: Enter Activate. Enable = 0.
08-17 20:03:39.771 22240 22802 V UE      : [NetworkChangedManager] Connectivity hasn't changed. Current state: CONNECTION_AVAILABLE
08-17 20:03:39.771 22240 22802 V UE      : [NetworkChangedManager] Full network check complete. State: CONNECTION_AVAILABLE
08-17 20:03:39.772  1154  1154 D AOC     : A3:MSG: usf_sensor.cc, 1375: USF: Received stop sampling request for Binned Brightness.
08-17 20:03:39.772  1154  1154 D AOC     : A3:MSG: vsc_sensor.cc, 68: VSC: [Binned Brightness] disable.
08-17 20:03:39.772  1154  1154 D AOC     : A3:MSG: vsc_controller.cc, 555: VSC: [Binned Brightness] stopSensorEvents: sensor 0x10005
08-17 20:03:39.772  1154  1154 D AOC     : A3:MSG: usf_sensor.cc, 1375: USF: Received stop sampling request for TMD3719 Ambient Light.
08-17 20:03:39.773  1154  1154 D AOC     : A3:MSG: binned_brightness.c, 255: [BINNED_BRIGHTNESS] Deleted instance at 0x400f8a30
08-17 20:03:39.773  1352  1644 I DisplayPowerController[0]: BrightnessEvent: disp=0, physDisp=local:4619827677550801152, brt=0.08928748, initBrt=0.08928748, rcmdBrt=0.08928748, preBrt=NaN, lux=36.343117, preLux=NaN, hbmMax=0.62, hbmMode=off, rbcStrength=50, powerFactor=1.0, thrmMax=1.0, wasShortTermModelActive=false, flags=, reason=automatic, autoBrightness=true
08-17 20:03:39.778  1890  1890 V UdfpsController: onTouch | finger outside
08-17 20:03:39.795  1890  1890 V UdfpsController: onTouch | finger outside
08-17 20:03:39.811  1890  1890 V UdfpsController: onTouch | finger outside
08-17 20:03:39.811  1890  1890 V UdfpsController: onTouch | finger up
08-17 20:03:39.824 22782 22824 I CarrierServices: [1030] bshe.a: Initializing Carrier Services Logging.
08-17 20:03:39.825  1890  1890 I FalsingManager: {belief=0.3754596697556978 confidence=1.0}
08-17 20:03:39.831 22782 22824 I LogSaver: LogSaver new instance with filename: carrier_services
08-17 20:03:39.836 22782 22824 I BugleBackup: Registering preference change listener for "bugle".
08-17 20:03:39.864 22782 22820 I Bugle   : TelephonyManagerFactory: Returning per-subscription TelephonyManager (>= N) subscription{id:1}
08-17 20:03:39.880  1165  1165 E adbd    : failed to connect to socket 'tcp:6666': Connection refused
08-17 20:03:40.012 22170 22803 D TrafficStats: tagSocket(76) with statsTag=0xffffffff, statsUid=-1
08-17 20:03:40.025 22333 22783 D TrafficStats: tagSocket(76) with statsTag=0xffffffff, statsUid=-1
08-17 20:03:40.159 14340 20219 W BpBinder: Large outgoing transaction of 402528 bytes, interface descriptor <uncached descriptor>, code 4
08-17 20:03:40.181 22782 22782 D CompatibilityChangeReporter: Compat change id reported: 119147584; UID 10138; state: ENABLED
08-17 20:03:40.199   951   951 D usf_sensor_hal: binned brightness: Enter Batch. period = 200000000, latency = 0.
08-17 20:03:40.199   951   951 D usf_sensor_hal: binned brightness: Enter Activate. Enable = 1.
08-17 20:03:40.199  1154  1154 D AOC     : A3:MSG: usf_sensor.cc, 1368: USF: Received start sampling request for Binned Brightness.
08-17 20:03:40.199  1154  1154 D AOC     : A3:MSG: vsc_sensor.cc, 37: VSC: [Binned Brightness] enable: period 1000000000, latency = 0
08-17 20:03:40.199  1154  1154 D AOC     : A3:MSG: binned_brightness.c, 113: [BINNED_BRIGHTNESS] Created instance at 0x400f9588
08-17 20:03:40.200  1154  1154 D AOC     : A3:MSG: vsc_controller.cc, 537: VSC: [Binned Brightness] requestSensorEvents: sensor 0x10005, period=250 latency=0ms.
08-17 20:03:40.200  1154  1154 D AOC     : A3:MSG: usf_sensor.cc, 1368: USF: Received start sampling request for TMD3719 Ambient Light.
08-17 20:03:40.200  1154  1154 D AOC     : A3:MSG: binned_brightness.c, 100: [BINNED_BRIGHTNESS] Changing state to 2 at 731940978 ms
08-17 20:03:40.201  1352  1644 I DisplayPowerController[0]: Blocking screen off
08-17 20:03:40.201  1352  1644 I DisplayPowerController[0]: Unblocked screen off after 0 ms
08-17 20:03:40.203  1890  1890 D CentralSurfaces: Received new disable state: enaihbcRso.qingr (unchanged)
08-17 20:03:40.203  1890  1890 D CentralSurfaces: Received new disable state: enaihbcRso.qingr (unchanged)
08-17 20:03:40.203   951   951 D usf_sensor_hal: device orientation: Enter Activate. Enable = 0.
08-17 20:03:40.203   459   459 I display : path=sysfs, id=0, level=0, DimmingOn=1, Hbm=0, LhbmOn=0
08-17 20:03:40.204  1154  1154 D AOC     : A3:MSG: tmd3719_device.cc, 4122: USF: TMD3719: brightness:0 leakage:0.000000 refresh_rate:60 status:1
08-17 20:03:40.204  1154  1154 D AOC     : A3:MSG: usf_sensor.cc, 1375: USF: Received stop sampling request for Device Orientation.
08-17 20:03:40.204  1154  1154 D AOC     : A3:MSG: vsc_sensor.cc, 68: VSC: [Device Orientation] disable.
08-17 20:03:40.204  1154  1154 D AOC     : A3:MSG: vsc_controller.cc, 555: VSC: [Device Orientation] stopSensorEvents: sensor 0x10001
08-17 20:03:40.205  1154  1154 D AOC     : A3:MSG: usf_sensor.cc, 1883: USF: Received reconfig sampling request for LSM6DSR Accelerometer.
08-17 20:03:40.206  1154  1154 D AOC     : A3:MSG: lsm6dsr_device.cc, 755: USF: Lsm6dsrDevice: Sensor 0: Enabled 1, odr_index 3.
08-17 20:03:40.206  1154  1154 D AOC     : A3:MSG: lsm6dsr_fifo.cc, 747: USF: Lsm6dsrFifo: ODR: XL/G/T/TS: 52/208/13/26 WM: 11 Intr: 28.
08-17 20:03:40.206  1154  1154 D AOC     : A3:MSG: lsm6dsr_device.cc, 663: USF: Lsm6dsrDevice: Fifo was disabled for 358642ns.
08-17 20:03:40.208  1154  1154 D AOC     : A3:MSG: vsc_controller.cc, 555: VSC: [Device Orientation] stopSensorEvents: sensor 0x10004
08-17 20:03:40.208  1154  1154 D AOC     : A3:MSG: usf_sensor.cc, 1375: USF: Received stop sampling request for LSM6DSR Gyroscope.
08-17 20:03:40.208  1154  1154 D AOC     : A3:MSG: lsm6dsr_device.cc, 755: USF: Lsm6dsrDevice: Sensor 2: Enabled 1, odr_index 1.
08-17 20:03:40.208  1154  1154 D AOC     : A3:MSG: lsm6dsr_fifo.cc, 747: USF: Lsm6dsrFifo: ODR: XL/G/T/TS: 52/208/13/26 WM: 11 Intr: 28.
08-17 20:03:40.209  2219  2219 I SHANNON_IMS: 2938 [PROX] Received onSignalStrengthsChanged [CellSignalStrengthLte: rssi=-79 rsrp=-103 rsrq=-14 rssnr=-1 cqiTableIndex=1 cqi=5 ta=11 level=2 parametersUseForLevel=0] [SLID:0 APM:false] (ImsConnectivityProxyListener$ImsPhoneStateListener%onSignalStrengthsChanged:511)
08-17 20:03:40.209  1154  1154 D AOC     : A3:MSG: lsm6dsr_device.cc, 663: USF: Lsm6dsrDevice: Fifo was disabled for 332764ns.
08-17 20:03:40.209  1154  1154 D AOC     : A3:MSG: lsm6dsr_device.cc, 755: USF: Lsm6dsrDevice: Sensor 1: Enabled 1, odr_index 5.
08-17 20:03:40.209  1154  1154 D AOC     : A3:MSG: lsm6dsr_fifo.cc, 747: USF: Lsm6dsrFifo: ODR: XL/G/T/TS: 52/208/13/26 WM: 149 Intr: 3.
08-17 20:03:40.210  1154  1154 D AOC     : A3:MSG: lsm6dsr_device.cc, 663: USF: Lsm6dsrDevice: Fifo was disabled for 396240ns.
08-17 20:03:40.212   951   951 D usf_sensor_hal: proximity: Enter Activate. Enable = 0.
08-17 20:03:40.213  1154  1154 D AOC     : A3:MSG: usf_sensor.cc, 1375: USF: Received stop sampling request for TMD3719 Proximity.
08-17 20:03:40.213  1154  1154 D AOC     : A3:MSG: tmd3719_sensor.cc, 321: USF: TMD3719: Report new active state:0
08-17 20:03:40.213   951  1002 I usf_sensor_hal: Received REPORT_SENSOR_ACTIVE_STATE_CHANGES event from 'TMD3719 Proximity' with new state:kInactive!
08-17 20:03:40.214   459   542 I display : ExynosPrimaryDisplay::setMinIdleRefreshRate() writes min_vrefresh(0) to the sysfs node
08-17 20:03:40.214   951   951 D usf_sensor_hal: auto brightness: Enter Batch. period = 1000000000, latency = 0.
08-17 20:03:40.214   459   542 I display : setRefreshRateThrottleNanos() requester(0) set delay to 0ns
08-17 20:03:40.214   459   542 I display : setDisplayIdleDelayNanos() writes idle_delay_ms(0) to the sysfs node (0x0)
08-17 20:03:40.215  1352  1644 V DisplayPowerController[0]: Brightness [0.0] reason changing to: 'screen_off', previous reason: 'automatic'.
08-17 20:03:40.215  1352  1644 I DisplayPowerController[0]: BrightnessEvent: disp=0, physDisp=local:4619827677550801152, brt=0.0, initBrt=0.08928748, rcmdBrt=NaN, preBrt=NaN, lux=0.0, preLux=0.0, hbmMax=0.62, hbmMode=off, rbcStrength=50, powerFactor=1.0, thrmMax=1.0, wasShortTermModelActive=false, flags=, reason=screen_off, autoBrightness=true
08-17 20:03:40.215  1352  1644 I DisplayPowerController[0]: BrightnessEvent: disp=0, physDisp=local:4619827677550801152, brt=0.0, initBrt=0.0, rcmdBrt=NaN, preBrt=NaN, lux=0.0, preLux=0.0, hbmMax=0.62, hbmMode=off, rbcStrength=50, powerFactor=1.0, thrmMax=1.0, wasShortTermModelActive=false, flags=, reason=screen_off, autoBrightness=true
08-17 20:03:40.215   452   452 I DisplayDevice: Display 4619827677550801152 policy changed
08-17 20:03:40.215   452   452 I DisplayDevice: Previous: {{defaultModeId=0, allowGroupSwitching=false, primaryRange=[60.00 Hz, 60.00 Hz], appRequestRange=[60.00 Hz, 60.00 Hz]}}
08-17 20:03:40.215   452   452 I DisplayDevice: Current:  {{defaultModeId=0, allowGroupSwitching=false, primaryRange=[0.00 Hz, 60.00 Hz], appRequestRange=[0.00 Hz, inf Hz]}}
08-17 20:03:40.215   452   452 I DisplayDevice: 0 mode changes were performed under the previous policy
08-17 20:03:40.216   452   452 D SurfaceFlinger: Setting power mode 0 on display 4619827677550801152
08-17 20:03:40.216   459   459 D display : setPowerMode:: FBIOBLANK mode(0), blank(4)
08-17 20:03:40.216  1352  1587 I DisplayDeviceRepository: Display device changed state: "Built-in Screen", OFF
08-17 20:03:40.216  1352  1587 I InputManager-JNI: Viewport [0] to add: local:4619827677550801152, isActive: false
08-17 20:03:40.217   951   951 D usf_sensor_hal: ambient light: Enter Batch. period = 1000000, latency = 0.
