08-17 20:03:43.288 22240 22631 D UE      : [2023.08.17-10.03.43:288][  0]LogTextLocalizationManager: No specific localization for 'en-US' exists, so 'en' will be used for the language.
08-17 20:03:43.296  4881  4881 I KeyboardHeightUtil: KeyboardHeightUtil.getKeyboardHeightRatio():193 systemKeyboardHeightRatio:1.050000; userKeyboardHeightRatio:1.000000.
08-17 20:03:43.355  4881  4881 I GoogleInputMethodService: GoogleInputMethodService.lambda$setDecorViewApplyWindowInsetsListener$10():1150 update screenHeightWithoutNaviBar to: 954
08-17 20:03:43.358  4881  4881 I GoogleInputMethodService: GoogleInputMethodService.lambda$setDecorViewApplyWindowInsetsListener$10():1156 update max height when insets changes
08-17 20:03:43.360 22240 22631 D UE      : [2023.08.17-10.03.43:360][  0]LogSlate: New Slate User Created. Platform User Id 0, User Index 0, Is Virtual User: 0
08-17 20:03:43.360 22240 22631 D UE      : [2023.08.17-10.03.43:360][  0]LogSlate: Slate User Registered.  User Index 0, Is Virtual User: 0
08-17 20:03:43.362 22240 22631 D UE      : [2023.08.17-10.03.43:362][  0]LogAndroid: VulkanRHI will NOT be used:
08-17 20:03:43.362 22240 22631 D UE      : [2023.08.17-10.03.43:362][  0]LogAndroid:  ** Vulkan support is not available (Driver, RHI or shaders are missing, or disabled by cmdline, see above logging for details)
08-17 20:03:43.362 22240 22631 D UE      : [2023.08.17-10.03.43:362][  0]LogAndroid:  ** Vulkan is disabled via console variable.
08-17 20:03:43.362 22240 22631 D UE      : [2023.08.17-10.03.43:362][  0]LogAndroid: OpenGL ES will be used.
08-17 20:03:43.362 22240 22631 D UE      : [2023.08.17-10.03.43:362][  0]LogAndroid: Vulkan SM5 is available but disabled for this device.
08-17 20:03:43.362 22240 22631 D UE      : [2023.08.17-10.03.43:362][  0]LogRHI: App is packaged for OpenGL ES 3.1 and an ES 3.2-capable device was detected.
08-17 20:03:43.363 22240 22631 D UE      : Device supports the following refresh rates 60 
08-17 20:03:43.363 22240 22631 D UE      : FPlatformOpenGLDevice:Init
08-17 20:03:43.363 22240 22631 D UE      : AndroidEGL::InitRenderSurface 0, 1
08-17 20:03:43.363 22240 22631 D UE      : AndroidEGL::InitRenderSurface, Using width: 1424, height 720 
08-17 20:03:43.363 22240 22631 D UE      : AndroidEGL::InitRenderSurface, wnd: 0xb40000778646eae0, width: 1424, height 720 
08-17 20:03:43.363 22240 22631 D UE      : AndroidEGL::CreateEGLRenderSurface() Already initialized: 0xb40000767644fba0
08-17 20:03:43.363 22240 22631 D UE      : AndroidEGL::InitSharedSurface 0
08-17 20:03:43.363 22240 22631 D UE      : AndroidEGL::InitSharedSurface, Using width: 1424, height 720 
08-17 20:03:43.363 22240 22631 D UE      : AndroidEGL::InitSharedSurface, width: 1424, height 720 
08-17 20:03:43.363 22240 22631 D UE      : AndroidEGL::CreateEGLSharedSurface() Already initialized: 0xb40000767644fd50
08-17 20:03:43.363 22240 22631 D UE      : [2023.08.17-10.03.43:363][  0]LogRHI: Extension eglPresentationTimeANDROID Present
08-17 20:03:43.363 22240 22631 D UE      : [2023.08.17-10.03.43:363][  0]LogRHI: Extension eglGetNextFrameIdANDROID Present
08-17 20:03:43.363 22240 22631 D UE      : [2023.08.17-10.03.43:363][  0]LogRHI: Extension eglGetCompositorTimingANDROID Present
08-17 20:03:43.363 22240 22631 D UE      : [2023.08.17-10.03.43:363][  0]LogRHI: Extension eglGetFrameTimestampsANDROID Present
08-17 20:03:43.363 22240 22631 D UE      : [2023.08.17-10.03.43:363][  0]LogRHI: Extension eglQueryTimestampSupportedANDROID NOT Available
08-17 20:03:43.363 22240 22631 D UE      : [2023.08.17-10.03.43:363][  0]LogRHI: Extension eglGetCompositorTimingSupportedANDROID Present
08-17 20:03:43.363 22240 22631 D UE      : [2023.08.17-10.03.43:363][  0]LogRHI: Extension eglGetFrameTimestampsSupportedANDROID NOT Available
08-17 20:03:43.363 22240 22631 D UE      : [2023.08.17-10.03.43:363][  0]LogRHI: Initializing OpenGL RHI
08-17 20:03:43.363 22240 22631 D UE      : [2023.08.17-10.03.43:363][  0]LogRHI:   GL_VENDOR: ARM
08-17 20:03:43.364 22240 22631 D UE      : [2023.08.17-10.03.43:364][  0]LogRHI:   GL_RENDERER: Mali-G78
08-17 20:03:43.364 22240 22631 D UE      : [2023.08.17-10.03.43:364][  0]LogRHI:   GL_VERSION: OpenGL ES 3.2 v1.r38p1-01eac0.1a610aadd6bd0e3c95c856461c1c5ef1
08-17 20:03:43.364 22240 22631 D UE      : [2023.08.17-10.03.43:364][  0]LogRHI:   GL_SHADING_LANGUAGE_VERSION: OpenGL ES GLSL ES 3.20
08-17 20:03:43.364 22240 22631 D UE      : [2023.08.17-10.03.43:364][  0]LogRHI: OpenGL Extensions:
08-17 20:03:43.364 22240 22631 D UE      : [2023.08.17-10.03.43:364][  0]LogRHI:   GL_EXT_debug_marker
08-17 20:03:43.364 22240 22631 D UE      : [2023.08.17-10.03.43:364][  0]LogRHI:   GL_ARM_rgba8
08-17 20:03:43.364 22240 22631 D UE      : [2023.08.17-10.03.43:364][  0]LogRHI:   GL_ARM_mali_shader_binary
08-17 20:03:43.364 22240 22631 D UE      : [2023.08.17-10.03.43:364][  0]LogRHI:   GL_OES_depth24
08-17 20:03:43.364 22240 22631 D UE      : [2023.08.17-10.03.43:364][  0]LogRHI:   GL_OES_depth_texture
08-17 20:03:43.364 22240 22631 D UE      : [2023.08.17-10.03.43:364][  0]LogRHI:   GL_OES_depth_texture_cube_map
08-17 20:03:43.364 22240 22631 D UE      : [2023.08.17-10.03.43:364][  0]LogRHI:   GL_OES_packed_depth_stencil
08-17 20:03:43.364 22240 22631 D UE      : [2023.08.17-10.03.43:364][  0]LogRHI:   GL_OES_rgb8_rgba8
08-17 20:03:43.364 22240 22631 D UE      : [2023.08.17-10.03.43:364][  0]LogRHI:   GL_EXT_read_format_bgra
08-17 20:03:43.364 22240 22631 D UE      : [2023.08.17-10.03.43:364][  0]LogRHI:   GL_OES_compressed_paletted_texture
08-17 20:03:43.364 22240 22631 D UE      : [2023.08.17-10.03.43:364][  0]LogRHI:   GL_OES_compressed_ETC1_RGB8_texture
08-17 20:03:43.364 22240 22631 D UE      : [2023.08.17-10.03.43:364][  0]LogRHI:   GL_OES_standard_derivatives
08-17 20:03:43.364 22240 22631 D UE      : [2023.08.17-10.03.43:364][  0]LogRHI:   GL_OES_EGL_image
08-17 20:03:43.364 22240 22631 D UE      : [2023.08.17-10.03.43:364][  0]LogRHI:   GL_OES_EGL_image_external
08-17 20:03:43.364 22240 22631 D UE      : [2023.08.17-10.03.43:364][  0]LogRHI:   GL_OES_EGL_image_external_essl3
08-17 20:03:43.364 22240 22631 D UE      : [2023.08.17-10.03.43:364][  0]LogRHI:   GL_OES_EGL_sync
08-17 20:03:43.364 22240 22631 D UE      : [2023.08.17-10.03.43:364][  0]LogRHI:   GL_OES_texture_npot
08-17 20:03:43.364 22240 22631 D UE      : [2023.08.17-10.03.43:364][  0]LogRHI:   GL_OES_vertex_half_float
08-17 20:03:43.364 22240 22631 D UE      : [2023.08.17-10.03.43:364][  0]LogRHI:   GL_OES_required_internalformat
08-17 20:03:43.364 22240 22631 D UE      : [2023.08.17-10.03.43:364][  0]LogRHI:   GL_OES_vertex_array_object
08-17 20:03:43.364 22240 22631 D UE      : [2023.08.17-10.03.43:364][  0]LogRHI:   GL_OES_mapbuffer
08-17 20:03:43.364 22240 22631 D UE      : [2023.08.17-10.03.43:364][  0]LogRHI:   GL_EXT_texture_format_BGRA8888
08-17 20:03:43.364 22240 22631 D UE      : [2023.08.17-10.03.43:364][  0]LogRHI:   GL_EXT_texture_rg
08-17 20:03:43.364 22240 22631 D UE      : [2023.08.17-10.03.43:364][  0]LogRHI:   GL_EXT_texture_type_2_10_10_10_REV
08-17 20:03:43.364 22240 22631 D UE      : [2023.08.17-10.03.43:364][  0]LogRHI:   GL_OES_fbo_render_mipmap
08-17 20:03:43.364 22240 22631 D UE      : [2023.08.17-10.03.43:364][  0]LogRHI:   GL_OES_element_index_uint
08-17 20:03:43.364 22240 22631 D UE      : [2023.08.17-10.03.43:364][  0]LogRHI:   GL_EXT_shadow_samplers
08-17 20:03:43.364 22240 22631 D UE      : [2023.08.17-10.03.43:364][  0]LogRHI:   GL_OES_texture_compression_astc
08-17 20:03:43.364 22240 22631 D UE      : [2023.08.17-10.03.43:364][  0]LogRHI:   GL_KHR_texture_compression_astc_ldr
08-17 20:03:43.364 22240 22631 D UE      : [2023.08.17-10.03.43:364][  0]LogRHI:   GL_KHR_texture_compression_astc_hdr
08-17 20:03:43.364 22240 22631 D UE      : [2023.08.17-10.03.43:364][  0]LogRHI:   GL_KHR_texture_compression_astc_sliced_3d
08-17 20:03:43.364 22240 22631 D UE      : [2023.08.17-10.03.43:364][  0]LogRHI:   GL_EXT_texture_compression_astc_decode_mode
08-17 20:03:43.364 22240 22631 D UE      : [2023.08.17-10.03.43:364][  0]LogRHI:   GL_EXT_texture_compression_astc_decode_mode_rgb9e5
08-17 20:03:43.364 22240 22631 D UE      : [2023.08.17-10.03.43:364][  0]LogRHI:   GL_KHR_debug
08-17 20:03:43.364 22240 22631 D UE      : [2023.08.17-10.03.43:364][  0]LogRHI:   GL_EXT_occlusion_query_boolean
08-17 20:03:43.364 22240 22631 D UE      : [2023.08.17-10.03.43:364][  0]LogRHI:   GL_EXT_disjoint_timer_query
08-17 20:03:43.364 22240 22631 D UE      : [2023.08.17-10.03.43:364][  0]LogRHI:   GL_EXT_blend_minmax
08-17 20:03:43.364 22240 22631 D UE      : [2023.08.17-10.03.43:364][  0]LogRHI:   GL_EXT_discard_framebuffer
08-17 20:03:43.364 22240 22631 D UE      : [2023.08.17-10.03.43:364][  0]LogRHI:   GL_OES_get_program_binary
08-17 20:03:43.364 22240 22631 D UE      : [2023.08.17-10.03.43:364][  0]LogRHI:   GL_OES_texture_3D
08-17 20:03:43.364 22240 22631 D UE      : [2023.08.17-10.03.43:364][  0]LogRHI:   GL_EXT_texture_storage
08-17 20:03:43.364 22240 22631 D UE      : [2023.08.17-10.03.43:364][  0]LogRHI:   GL_EXT_multisampled_render_to_texture
08-17 20:03:43.364 22240 22631 D UE      : [2023.08.17-10.03.43:364][  0]LogRHI:   GL_EXT_multisampled_render_to_texture2
08-17 20:03:43.364 22240 22631 D UE      : [2023.08.17-10.03.43:364][  0]LogRHI:   GL_OES_surfaceless_context
08-17 20:03:43.364 22240 22631 D UE      : [2023.08.17-10.03.43:364][  0]LogRHI:   GL_OES_texture_stencil8
08-17 20:03:43.364 22240 22631 D UE      : [2023.08.17-10.03.43:364][  0]LogRHI:   GL_EXT_shader_pixel_local_storage
08-17 20:03:43.364 22240 22631 D UE      : [2023.08.17-10.03.43:364][  0]LogRHI:   GL_ARM_shader_framebuffer_fetch
08-17 20:03:43.364 22240 22631 D UE      : [2023.08.17-10.03.43:364][  0]LogRHI:   GL_ARM_shader_framebuffer_fetch_depth_stencil
08-17 20:03:43.364 22240 22631 D UE      : [2023.08.17-10.03.43:364][  0]LogRHI:   GL_ARM_mali_program_binary
08-17 20:03:43.364 22240 22631 D UE      : [2023.08.17-10.03.43:364][  0]LogRHI:   GL_EXT_sRGB
08-17 20:03:43.364 22240 22631 D UE      : [2023.08.17-10.03.43:364][  0]LogRHI:   GL_EXT_sRGB_write_control
08-17 20:03:43.364 22240 22631 D UE      : [2023.08.17-10.03.43:364][  0]LogRHI:   GL_EXT_texture_sRGB_decode
08-17 20:03:43.364 22240 22631 D UE      : [2023.08.17-10.03.43:364][  0]LogRHI:   GL_EXT_texture_sRGB_R8
08-17 20:03:43.364 22240 22631 D UE      : [2023.08.17-10.03.43:364][  0]LogRHI:   GL_EXT_texture_sRGB_RG8
08-17 20:03:43.364 22240 22631 D UE      : [2023.08.17-10.03.43:364][  0]LogRHI:   GL_KHR_blend_equation_advanced
08-17 20:03:43.364 22240 22631 D UE      : [2023.08.17-10.03.43:364][  0]LogRHI:   GL_KHR_blend_equation_advanced_coherent
08-17 20:03:43.364 22240 22631 D UE      : [2023.08.17-10.03.43:364][  0]LogRHI:   GL_OES_texture_storage_multisample_2d_array
08-17 20:03:43.364 22240 22631 D UE      : [2023.08.17-10.03.43:364][  0]LogRHI:   GL_OES_shader_image_atomic
08-17 20:03:43.364 22240 22631 D UE      : [2023.08.17-10.03.43:364][  0]LogRHI:   GL_EXT_robustness
08-17 20:03:43.364 22240 22631 D UE      : [2023.08.17-10.03.43:364][  0]LogRHI:   GL_EXT_draw_buffers_indexed
08-17 20:03:43.364 22240 22631 D UE      : [2023.08.17-10.03.43:364][  0]LogRHI:   GL_OES_draw_buffers_indexed
08-17 20:03:43.364 22240 22631 D UE      : [2023.08.17-10.03.43:364][  0]LogRHI:   GL_EXT_texture_border_clamp
08-17 20:03:43.364 22240 22631 D UE      : [2023.08.17-10.03.43:364][  0]LogRHI:   GL_OES_texture_border_clamp
08-17 20:03:43.364 22240 22631 D UE      : [2023.08.17-10.03.43:364][  0]LogRHI:   GL_EXT_texture_cube_map_array
08-17 20:03:43.364 22240 22631 D UE      : [2023.08.17-10.03.43:364][  0]LogRHI:   GL_OES_texture_cube_map_array
08-17 20:03:43.364 22240 22631 D UE      : [2023.08.17-10.03.43:364][  0]LogRHI:   GL_OES_sample_variables
08-17 20:03:43.364 22240 22631 D UE      : [2023.08.17-10.03.43:364][  0]LogRHI:   GL_OES_sample_shading
08-17 20:03:43.364 22240 22631 D UE      : [2023.08.17-10.03.43:364][  0]LogRHI:   GL_OES_shader_multisample_interpolation
08-17 20:03:43.364 22240 22631 D UE      : [2023.08.17-10.03.43:364][  0]LogRHI:   GL_EXT_shader_io_blocks
08-17 20:03:43.364 22240 22631 D UE      : [2023.08.17-10.03.43:364][  0]LogRHI:   GL_OES_shader_io_blocks
08-17 20:03:43.364 22240 22631 D UE      : [2023.08.17-10.03.43:364][  0]LogRHI:   GL_EXT_tessellation_shader
08-17 20:03:43.364 22240 22631 D UE      : [2023.08.17-10.03.43:364][  0]LogRHI:   GL_OES_tessellation_shader
08-17 20:03:43.364 22240 22631 D UE      : [2023.08.17-10.03.43:364][  0]LogRHI:   GL_EXT_primitive_bounding_box
08-17 20:03:43.364 22240 22631 D UE      : [2023.08.17-10.03.43:364][  0]LogRHI:   GL_OES_primitive_bounding_box
08-17 20:03:43.364 22240 22631 D UE      : [2023.08.17-10.03.43:364][  0]LogRHI:   GL_EXT_geometry_shader
08-17 20:03:43.364 22240 22631 D UE      : [2023.08.17-10.03.43:364][  0]LogRHI:   GL_OES_geometry_shader
08-17 20:03:43.364 22240 22631 D UE      : [2023.08.17-10.03.43:364][  0]LogRHI:   GL_ANDROID_extension_pack_es31a
08-17 20:03:43.364 22240 22631 D UE      : [2023.08.17-10.03.43:364][  0]LogRHI:   GL_EXT_gpu_shader5
08-17 20:03:43.364 22240 22631 D UE      : [2023.08.17-10.03.43:364][  0]LogRHI:   GL_OES_gpu_shader5
08-17 20:03:43.364 22240 22631 D UE      : [2023.08.17-10.03.43:364][  0]LogRHI:   GL_EXT_texture_buffer
08-17 20:03:43.364 22240 22631 D UE      : [2023.08.17-10.03.43:364][  0]LogRHI:   GL_OES_texture_buffer
08-17 20:03:43.364 22240 22631 D UE      : [2023.08.17-10.03.43:364][  0]LogRHI:   GL_EXT_copy_image
08-17 20:03:43.364 22240 22631 D UE      : [2023.08.17-10.03.43:364][  0]LogRHI:   GL_OES_copy_image
08-17 20:03:43.364 22240 22631 D UE      : [2023.08.17-10.03.43:364][  0]LogRHI:   GL_EXT_shader_non_constant_global_initializers
08-17 20:03:43.364 22240 22631 D UE      : [2023.08.17-10.03.43:364][  0]LogRHI:   GL_EXT_color_buffer_half_float
08-17 20:03:43.364 22240 22631 D UE      : [2023.08.17-10.03.43:364][  0]LogRHI:   GL_EXT_unpack_subimage
08-17 20:03:43.364 22240 22631 D UE      : [2023.08.17-10.03.43:364][  0]LogRHI:   GL_EXT_color_buffer_float
08-17 20:03:43.364 22240 22631 D UE      : [2023.08.17-10.03.43:364][  0]LogRHI:   GL_EXT_float_blend
08-17 20:03:43.364 22240 22631 D UE      : [2023.08.17-10.03.43:364][  0]LogRHI:   GL_EXT_YUV_target
08-17 20:03:43.364 22240 22631 D UE      : [2023.08.17-10.03.43:364][  0]LogRHI:   GL_OVR_multiview
08-17 20:03:43.364 22240 22631 D UE      : [2023.08.17-10.03.43:364][  0]LogRHI:   GL_OVR_multiview2
08-17 20:03:43.364 22240 22631 D UE      : [2023.08.17-10.03.43:364][  0]LogRHI:   GL_OVR_multiview_multisampled_render_to_texture
08-17 20:03:43.364 22240 22631 D UE      : [2023.08.17-10.03.43:364][  0]LogRHI:   GL_KHR_robustness
08-17 20:03:43.364 22240 22631 D UE      : [2023.08.17-10.03.43:364][  0]LogRHI:   GL_KHR_robust_buffer_access_behavior
08-17 20:03:43.364 22240 22631 D UE      : [2023.08.17-10.03.43:364][  0]LogRHI:   GL_EXT_draw_elements_base_vertex
08-17 20:03:43.364 22240 22631 D UE      : [2023.08.17-10.03.43:364][  0]LogRHI:   GL_OES_draw_elements_base_vertex
08-17 20:03:43.364 22240 22631 D UE      : [2023.08.17-10.03.43:364][  0]LogRHI:   GL_EXT_protected_textures
08-17 20:03:43.364 22240 22631 D UE      : [2023.08.17-10.03.43:364][  0]LogRHI:   GL_EXT_buffer_storage
08-17 20:03:43.364 22240 22631 D UE      : [2023.08.17-10.03.43:364][  0]LogRHI:   GL_EXT_external_buffer
08-17 20:03:43.364 22240 22631 D UE      : [2023.08.17-10.03.43:364][  0]LogRHI:   GL_EXT_EGL_image_array
08-17 20:03:43.364 22240 22631 D UE      : [2023.08.17-10.03.43:364][  0]LogRHI:   GL_EXT_texture_filter_anisotropic
08-17 20:03:43.364 22240 22631 D UE      : [2023.08.17-10.03.43:364][  0]LogRHI:   GL_OES_texture_float_linear
08-17 20:03:43.364 22240 22631 D UE      : [2023.08.17-10.03.43:364][  0]LogRHI:   GL_ARM_texture_unnormalized_coordinates
08-17 20:03:43.364 22240 22631 D UE      : [2023.08.17-10.03.43:364][  0]LogRHI:   GL_EXT_shader_framebuffer_fetch
08-17 20:03:43.364 22240 22631 D UE      : [2023.08.17-10.03.43:364][  0]LogRHI:   GL_EXT_clip_control
08-17 20:03:43.364 22240 22631 D UE      : [2023.08.17-10.03.43:364][  0]LogRHI:   GL_MAX_VERTEX_ATTRIBS: 32
08-17 20:03:43.364 22240 22631 D UE      : [2023.08.17-10.03.43:364][  0]LogRHI:   GL_MAX_VARYING_VECTORS: 31
08-17 20:03:43.364 22240 22631 D UE      : [2023.08.17-10.03.43:364][  0]LogRHI:   GL_MAX_VERTEX_UNIFORM_VECTORS: 4096
08-17 20:03:43.364 22240 22631 D UE      : [2023.08.17-10.03.43:364][  0]LogRHI:   GL_MAX_FRAGMENT_UNIFORM_VECTORS: 4096
08-17 20:03:43.364 22240 22631 D UE      : [2023.08.17-10.03.43:364][  0]LogRHI:   GL_TEXTURE_BUFFER_OFFSET_ALIGNMENT: 64
08-17 20:03:43.364 22240 22631 D UE      : [2023.08.17-10.03.43:364][  0]LogRHI:   GL_MAX_COMPUTE_UNIFORM_COMPONENTS: 1024
08-17 20:03:43.364 22240 22631 D UE      : [2023.08.17-10.03.43:364][  0]LogRHI:   GL_MAX_COMBINED_IMAGE_UNIFORMS: 8
08-17 20:03:43.364 22240 22631 D UE      : [2023.08.17-10.03.43:364][  0]LogRHI:   GL_MAX_COMPUTE_IMAGE_UNIFORMS: 8
08-17 20:03:43.364 22240 22631 D UE      : [2023.08.17-10.03.43:364][  0]LogRHI:   GL_MAX_FRAGMENT_IMAGE_UNIFORMS: 8
08-17 20:03:43.364 22240 22631 D UE      : [2023.08.17-10.03.43:364][  0]LogRHI:   GL_MAX_TEXTURE_IMAGE_UNITS: 64
08-17 20:03:43.364 22240 22631 D UE      : [2023.08.17-10.03.43:364][  0]LogRHI:   GL_MAX_VERTEX_TEXTURE_IMAGE_UNITS: 64
08-17 20:03:43.364 22240 22631 D UE      : [2023.08.17-10.03.43:364][  0]LogRHI:   GL_MAX_COMPUTE_TEXTURE_IMAGE_UNITS: 64
08-17 20:03:43.364 22240 22631 D UE      : [2023.08.17-10.03.43:364][  0]LogRHI: Fragment shader lowp precision: 10
08-17 20:03:43.365 22240 22631 D UE      : [2023.08.17-10.03.43:365][  0]LogRHI: Fragment shader mediump precision: 10
08-17 20:03:43.365 22240 22631 D UE      : [2023.08.17-10.03.43:365][  0]LogRHI: Fragment shader highp precision: 23
08-17 20:03:43.365 22240 22631 D UE      : [2023.08.17-10.03.43:365][  0]LogRHI: Support for 4x MSAA detected
08-17 20:03:43.365 22240 22631 D UE      : [2023.08.17-10.03.43:365][  0]LogRHI: Device supports mobile multi-view.
08-17 20:03:43.365 22240 22631 D UE      : [2023.08.17-10.03.43:365][  0]LogRHI: Image external enabled: ImageExternalESSL300
08-17 20:03:43.365 22240 22631 D UE      : [2023.08.17-10.03.43:365][  0]LogRHI:   GL_MAX_TEXTURE_SIZE: 16383
08-17 20:03:43.365 22240 22631 D UE      : [2023.08.17-10.03.43:365][  0]LogRHI:   GL_MAX_TEXTURE_BUFFER_SIZE: 268435456
08-17 20:03:43.365 22240 22631 D UE      : [2023.08.17-10.03.43:365][  0]LogRHI:   GL_MAX_CUBE_MAP_TEXTURE_SIZE: 16383
08-17 20:03:43.365 22240 22631 D UE      : [2023.08.17-10.03.43:365][  0]LogRHI:   GL_MAX_ARRAY_TEXTURE_LAYERS: 4096
08-17 20:03:43.365 22240 22631 D UE      : [2023.08.17-10.03.43:365][  0]LogRHI:   GL_MAX_3D_TEXTURE_SIZE: 16383
08-17 20:03:43.365 22240 22631 D UE      : [2023.08.17-10.03.43:365][  0]LogRHI:   GL_MAX_RENDERBUFFER_SIZE: 16383
08-17 20:03:43.365 22240 22631 D UE      : [2023.08.17-10.03.43:365][  0]LogRHI:   GL_MAX_TEXTURE_IMAGE_UNITS: 64
08-17 20:03:43.365 22240 22631 D UE      : [2023.08.17-10.03.43:365][  0]LogRHI:   GL_MAX_DRAW_BUFFERS: 8
08-17 20:03:43.365 22240 22631 D UE      : [2023.08.17-10.03.43:365][  0]LogRHI:   GL_MAX_COLOR_ATTACHMENTS: 8
08-17 20:03:43.365 22240 22631 D UE      : [2023.08.17-10.03.43:365][  0]LogRHI:   GL_MAX_SAMPLES: 4
08-17 20:03:43.365 22240 22631 D UE      : [2023.08.17-10.03.43:365][  0]LogRHI:   GL_MAX_COLOR_TEXTURE_SAMPLES: 4
08-17 20:03:43.365 22240 22631 D UE      : [2023.08.17-10.03.43:365][  0]LogRHI:   GL_MAX_DEPTH_TEXTURE_SAMPLES: 4
08-17 20:03:43.365 22240 22631 D UE      : [2023.08.17-10.03.43:365][  0]LogRHI:   GL_MAX_INTEGER_SAMPLES: 1
08-17 20:03:43.365 22240 22631 D UE      : [2023.08.17-10.03.43:365][  0]LogRHI:   GL_MAX_COMBINED_TEXTURE_IMAGE_UNITS: 384
08-17 20:03:43.365 22240 22631 D UE      : [2023.08.17-10.03.43:365][  0]LogRHI:   GL_MAX_VERTEX_ATTRIBS: 32
08-17 20:03:43.365 22240 22631 D UE      : [2023.08.17-10.03.43:365][  0]LogRHI:   GL_MAX_COMPUTE_WORK_GROUP_INVOCATIONS: 512
08-17 20:03:43.365 22240 22631 D UE      : [2023.08.17-10.03.43:365][  0]LogRHI:   GL_MAX_COMPUTE_SHARED_MEMORY_SIZE: 32768
08-17 20:03:43.365 22240 22631 D UE      : [2023.08.17-10.03.43:365][  0]LogRHI:   GL_MAX_TEXTURE_MAX_ANISOTROPY_EXT: 16
08-17 20:03:43.365 22240 22631 D UE      : [2023.08.17-10.03.43:365][  0]LogRHI:   GL_MAX_SHADER_PIXEL_LOCAL_STORAGE_SIZE_EXT: 16
08-17 20:03:43.365 22240 22631 D UE      : [2023.08.17-10.03.43:365][  0]LogRHI: OpenGL MajorVersion = 3, MinorVersion = 2, ShaderPlatform = GLSL_ES3_1_ANDROID, FeatureLevel = ES3_1
08-17 20:03:43.365 22240 22631 D UE      : [2023.08.17-10.03.43:365][  0]LogRHI: PLATFORM_ANDROID
08-17 20:03:43.366 22240 22631 D UE      : [2023.08.17-10.03.43:366][  0]LogAndroid: Unlocking android HW window during preinit.
08-17 20:03:43.366 22240 22631 D UE      : [2023.08.17-10.03.43:366][  0]LogRHI: Enabling program binary cache as /storage/emulated/0/Android/data/com.YourCompany.StefanoAR/files/ProgramBinaryCache/GLSL_ES3_1_ANDROID_64AAC18DB2F3AC16A436313BC1B80A188073C518
08-17 20:03:43.366 22240 22631 D UE      : [2023.08.17-10.03.43:366][  0]LogRHI: FOpenGLProgramBinaryCache will be initialized when ShaderPipelineCache opens its file
08-17 20:03:43.367 22240 22631 D UE      : [2023.08.17-10.03.43:367][  0]LogRHI: Texture pool is 800 MB (of 0 MB total graphics mem)
08-17 20:03:43.367  4881  4881 I GoogleInputMethodService: GoogleInputMethodService.lambda$setDecorViewApplyWindowInsetsListener$10():1150 update screenHeightWithoutNaviBar to: 1080
08-17 20:03:43.368  4881  4881 I GoogleInputMethodService: GoogleInputMethodService.lambda$setDecorViewApplyWindowInsetsListener$10():1156 update max height when insets changes
08-17 20:03:43.368 22240 22631 D UE      : [2023.08.17-10.03.43:368][  0]LogRHI: OpenGL deferred texture creation, no config rule set: 0
08-17 20:03:43.369  4881  4881 I AbstractOpenableExtension: AbstractOpenableExtension$3.onSuccess():531 KeyboardGroupManager destroyed in eob.
08-17 20:03:43.380 22240 22631 D UE      : [2023.08.17-10.03.43:380][  0]LogRendererCore: Ray tracing is disabled. Reason: disabled through project setting (r.RayTracing=0).
08-17 20:03:43.381 22240 22631 D UE      : [2023.08.17-10.03.43:381][  0]LogShaderLibrary: Display: Using ../../../ARApp5_1Version/Content/ShaderArchive-Global-GLSL_ES3_1_ANDROID-OPENGL_ES3_1_ANDROID.ushaderbytecode for material shader code. Total 823 unique shaders.
08-17 20:03:43.381 22240 22631 D UE      : [2023.08.17-10.03.43:381][  0]LogShaderLibrary: Display: Cooked Context: Using Shared Shader Library Global
08-17 20:03:43.381 22240 22631 D UE      : [2023.08.17-10.03.43:381][  0]LogShaderLibrary: Display: Logical shader library 'Global' has been created, components 1
08-17 20:03:43.381 22240 22631 D UE      : [2023.08.17-10.03.43:381][  0]LogShaderLibrary: Display: Logical shader library 'Global_SC' component count 0, new components: 0
08-17 20:03:43.381 22240 22631 D UE      : [2023.08.17-10.03.43:381][  0]LogShaderLibrary: Display: Running without a pakfile and did not find a monolithic library 'Global_SC' - attempting disk search for its chunks
08-17 20:03:43.381  4881  4881 I InputMethodEntryManager: InputMethodEntryManager$5.onSuccess():851 Success load entries: [LanguageTagVariantTuple{languageTag=en-US, variant=qwerty}, LanguageTagVariantTuple{languageTag=en-AU, variant=qwerty}, LanguageTagVariantTuple{languageTag=it-IT, variant=qwerty}], resetImplicitlyEnabledEntries=false
08-17 20:03:43.381 22240 22631 D UE      : [2023.08.17-10.03.43:381][  0]LogShaderLibrary: Display:    ....  not found
08-17 20:03:43.381 22240 22631 D UE      : [2023.08.17-10.03.43:381][  0]LogShaderLibrary: Display: Logical shader library 'ChaosClothEditor' component count 0, new components: 0
08-17 20:03:43.381 22240 22631 D UE      : [2023.08.17-10.03.43:381][  0]LogShaderLibrary: Display: Running without a pakfile and did not find a monolithic library 'ChaosClothEditor' - attempting disk search for its chunks
08-17 20:03:43.381 22240 22907 D UE      : [2023.08.17-10.03.43:381][  0]LogShaderLibrary: Display: Logical shader library 'Paper2D' component count 0, new components: 0
08-17 20:03:43.381 22240 22631 D UE      : [2023.08.17-10.03.43:381][  0]LogShaderLibrary: Display:    ....  not found
08-17 20:03:43.381 22240 22907 D UE      : [2023.08.17-10.03.43:381][  0]LogShaderLibrary: Display: Running without a pakfile and did not find a monolithic library 'Paper2D' - attempting disk search for its chunks
08-17 20:03:43.381 22240 22631 D UE      : [2023.08.17-10.03.43:381][  0]LogShaderLibrary: Display: Logical shader library 'ChaosSolverPlugin' component count 0, new components: 0
08-17 20:03:43.381 22240 22631 D UE      : [2023.08.17-10.03.43:381][  0]LogShaderLibrary: Display: Running without a pakfile and did not find a monolithic library 'ChaosSolverPlugin' - attempting disk search for its chunks
08-17 20:03:43.381 22240 22631 D UE      : [2023.08.17-10.03.43:381][  0]LogShaderLibrary: Display:    ....  not found
08-17 20:03:43.381 22240 22906 D UE      : [2023.08.17-10.03.43:381][  0]LogShaderLibrary: Display: Logical shader library 'ChaosNiagara' component count 0, new components: 0
08-17 20:03:43.381 22240 22907 D UE      : [2023.08.17-10.03.43:381][  0]LogShaderLibrary: Display:    ....  not found
08-17 20:03:43.381 22240 22906 D UE      : [2023.08.17-10.03.43:381][  0]LogShaderLibrary: Display: Running without a pakfile and did not find a monolithic library 'ChaosNiagara' - attempting disk search for its chunks
08-17 20:03:43.381 22240 22909 D UE      : [2023.08.17-10.03.43:381][  0]LogShaderLibrary: Display: Logical shader library 'GeometryCollectionPlugin' component count 0, new components: 0
08-17 20:03:43.381 22240 22908 D UE      : [2023.08.17-10.03.43:381][  0]LogShaderLibrary: Display: Logical shader library 'PythonScriptPlugin' component count 0, new components: 0
08-17 20:03:43.381 22240 22907 D UE      : [2023.08.17-10.03.43:381][  0]LogShaderLibrary: Display: Logical shader library 'ChaosCaching' component count 0, new components: 0
08-17 20:03:43.381 22240 22907 D UE      : [2023.08.17-10.03.43:381][  0]LogShaderLibrary: Display: Running without a pakfile and did not find a monolithic library 'ChaosCaching' - attempting disk search for its chunks
08-17 20:03:43.381 22240 22631 D UE      : [2023.08.17-10.03.43:381][  0]LogShaderLibrary: Display: Logical shader library 'SequencerScripting' component count 0, new components: 0
08-17 20:03:43.381 22240 22631 D UE      : [2023.08.17-10.03.43:381][  0]LogShaderLibrary: Display: Running without a pakfile and did not find a monolithic library 'SequencerScripting' - attempting disk search for its chunks
08-17 20:03:43.381 22240 22906 D UE      : [2023.08.17-10.03.43:381][  0]LogShaderLibrary: Display:    ....  not found
08-17 20:03:43.381 22240 22631 D UE      : [2023.08.17-10.03.43:381][  0]LogShaderLibrary: Display:    ....  not found
08-17 20:03:43.381 22240 22907 D UE      : [2023.08.17-10.03.43:381][  0]LogShaderLibrary: Display:    ....  not found
08-17 20:03:43.381 22240 22908 D UE      : [2023.08.17-10.03.43:381][  0]LogShaderLibrary: Display: Running without a pakfile and did not find a monolithic library 'PythonScriptPlugin' - attempting disk search for its chunks
08-17 20:03:43.382 22240 22631 D UE      : [2023.08.17-10.03.43:381][  0]LogShaderLibrary: Display: Logical shader library 'AnimationSharing' component count 0, new components: 0
08-17 20:03:43.382 22240 22909 D UE      : [2023.08.17-10.03.43:381][  0]LogShaderLibrary: Display: Running without a pakfile and did not find a monolithic library 'GeometryCollectionPlugin' - attempting disk search for its chunks
08-17 20:03:43.382 22240 22907 D UE      : [2023.08.17-10.03.43:382][  0]LogShaderLibrary: Display: Logical shader library 'Niagara' component count 0, new components: 0
08-17 20:03:43.382 22240 22631 D UE      : [2023.08.17-10.03.43:382][  0]LogShaderLibrary: Display: Running without a pakfile and did not find a monolithic library 'AnimationSharing' - attempting disk search for its chunks
08-17 20:03:43.382 22240 22907 D UE      : [2023.08.17-10.03.43:382][  0]LogShaderLibrary: Display: Running without a pakfile and did not find a monolithic library 'Niagara' - attempting disk search for its chunks
08-17 20:03:43.382 22240 22631 D UE      : [2023.08.17-10.03.43:382][  0]LogShaderLibrary: Display:    ....  not found
08-17 20:03:43.382 22240 22908 D UE      : [2023.08.17-10.03.43:382][  0]LogShaderLibrary: Display:    ....  not found
08-17 20:03:43.382 22240 22907 D UE      : [2023.08.17-10.03.43:382][  0]LogShaderLibrary: Display:    ....  not found
08-17 20:03:43.382 22240 22906 D UE      : [2023.08.17-10.03.43:382][  0]LogShaderLibrary: Display: Logical shader library 'Dataflow' component count 0, new components: 0
08-17 20:03:43.382 22240 22631 D UE      : [2023.08.17-10.03.43:382][  0]LogShaderLibrary: Display: Logical shader library 'ControlRigSpline' component count 0, new components: 0
08-17 20:03:43.382 22240 22631 D UE      : [2023.08.17-10.03.43:382][  0]LogShaderLibrary: Display: Running without a pakfile and did not find a monolithic library 'ControlRigSpline' - attempting disk search for its chunks
08-17 20:03:43.382 22240 22909 D UE      : [2023.08.17-10.03.43:382][  0]LogShaderLibrary: Display:    ....  not found
08-17 20:03:43.382 22240 22907 D UE      : [2023.08.17-10.03.43:382][  0]LogShaderLibrary: Display: Logical shader library 'Takes' component count 0, new components: 0
08-17 20:03:43.382 22240 22631 D UE      : [2023.08.17-10.03.43:382][  0]LogShaderLibrary: Display:    ....  not found
08-17 20:03:43.382 22240 22909 D UE      : [2023.08.17-10.03.43:382][  0]LogShaderLibrary: Display: Logical shader library 'UVEditor' component count 0, new components: 0
08-17 20:03:43.382 22240 22907 D UE      : [2023.08.17-10.03.43:382][  0]LogShaderLibrary: Display: Running without a pakfile and did not find a monolithic library 'Takes' - attempting disk search for its chunks
08-17 20:03:43.382 22240 22906 D UE      : [2023.08.17-10.03.43:382][  0]LogShaderLibrary: Display: Running without a pakfile and did not find a monolithic library 'Dataflow' - attempting disk search for its chunks
08-17 20:03:43.382 22240 22631 D UE      : [2023.08.17-10.03.43:382][  0]LogShaderLibrary: Display: Logical shader library 'IKRig' component count 0, new components: 0
08-17 20:03:43.382 22240 22631 D UE      : [2023.08.17-10.03.43:382][  0]LogShaderLibrary: Display: Running without a pakfile and did not find a monolithic library 'IKRig' - attempting disk search for its chunks
08-17 20:03:43.382 22240 22906 D UE      : [2023.08.17-10.03.43:382][  0]LogShaderLibrary: Display:    ....  not found
08-17 20:03:43.382 22240 22631 D UE      : [2023.08.17-10.03.43:382][  0]LogShaderLibrary: Display:    ....  not found
08-17 20:03:43.382 22240 22907 D UE      : [2023.08.17-10.03.43:382][  0]LogShaderLibrary: Display:    ....  not found
08-17 20:03:43.382 22240 22909 D UE      : [2023.08.17-10.03.43:382][  0]LogShaderLibrary: Display: Running without a pakfile and did not find a monolithic library 'UVEditor' - attempting disk search for its chunks
08-17 20:03:43.382 22240 22631 D UE      : [2023.08.17-10.03.43:382][  0]LogShaderLibrary: Display: Logical shader library 'ControlRig' component count 0, new components: 0
08-17 20:03:43.382 22240 22906 D UE      : [2023.08.17-10.03.43:382][  0]LogShaderLibrary: Display: Logical shader library 'BlueprintHeaderView' component count 0, new components: 0
08-17 20:03:43.382 22240 22631 D UE      : [2023.08.17-10.03.43:382][  0]LogShaderLibrary: Display: Running without a pakfile and did not find a monolithic library 'ControlRig' - attempting disk search for its chunks
08-17 20:03:43.382 22240 22908 D UE      : [2023.08.17-10.03.43:382][  0]LogShaderLibrary: Display: Logical shader library 'FullBodyIK' component count 0, new components: 0
08-17 20:03:43.382 22240 22907 D UE      : [2023.08.17-10.03.43:382][  0]LogShaderLibrary: Display: Logical shader library 'GLTFExporter' component count 0, new components: 0
08-17 20:03:43.382 22240 22906 D UE      : [2023.08.17-10.03.43:382][  0]LogShaderLibrary: Display: Running without a pakfile and did not find a monolithic library 'BlueprintHeaderView' - attempting disk search for its chunks
08-17 20:03:43.382 22240 22907 D UE      : [2023.08.17-10.03.43:382][  0]LogShaderLibrary: Display: Running without a pakfile and did not find a monolithic library 'GLTFExporter' - attempting disk search for its chunks
08-17 20:03:43.382 22240 22908 D UE      : [2023.08.17-10.03.43:382][  0]LogShaderLibrary: Display: Running without a pakfile and did not find a monolithic library 'FullBodyIK' - attempting disk search for its chunks
08-17 20:03:43.382 22240 22906 D UE      : [2023.08.17-10.03.43:382][  0]LogShaderLibrary: Display:    ....  not found
08-17 20:03:43.382 22240 22909 D UE      : [2023.08.17-10.03.43:382][  0]LogShaderLibrary: Display:    ....  not found
08-17 20:03:43.382 22240 22631 D UE      : [2023.08.17-10.03.43:382][  0]LogShaderLibrary: Display:    ....  not found
08-17 20:03:43.382 22240 22907 D UE      : [2023.08.17-10.03.43:382][  0]LogShaderLibrary: Display:    ....  not found
08-17 20:03:43.382 22240 22906 D UE      : [2023.08.17-10.03.43:382][  0]LogShaderLibrary: Display: Logical shader library 'GeometryMode' component count 0, new components: 0
08-17 20:03:43.382 22240 22631 D UE      : [2023.08.17-10.03.43:382][  0]LogShaderLibrary: Display: Logical shader library 'SpeedTreeImporter' component count 0, new components: 0
08-17 20:03:43.382 22240 22907 D UE      : [2023.08.17-10.03.43:382][  0]LogShaderLibrary: Display: Logical shader library 'DatasmithContent' component count 0, new components: 0
08-17 20:03:43.382 22240 22908 D UE      : [2023.08.17-10.03.43:382][  0]LogShaderLibrary: Display:    ....  not found
08-17 20:03:43.382 22240 22631 D UE      : [2023.08.17-10.03.43:382][  0]LogShaderLibrary: Display: Running without a pakfile and did not find a monolithic library 'SpeedTreeImporter' - attempting disk search for its chunks
08-17 20:03:43.382 22240 22906 D UE      : [2023.08.17-10.03.43:382][  0]LogShaderLibrary: Display: Running without a pakfile and did not find a monolithic library 'GeometryMode' - attempting disk search for its chunks
08-17 20:03:43.382 22240 22907 D UE      : [2023.08.17-10.03.43:382][  0]LogShaderLibrary: Display: Running without a pakfile and did not find a monolithic library 'DatasmithContent' - attempting disk search for its chunks
08-17 20:03:43.382 22240 22909 D UE      : [2023.08.17-10.03.43:382][  0]LogShaderLibrary: Display: Logical shader library 'MediaCompositing' component count 0, new components: 0
08-17 20:03:43.382 22240 22909 D UE      : [2023.08.17-10.03.43:382][  0]LogShaderLibrary: Display: Running without a pakfile and did not find a monolithic library 'MediaCompositing' - attempting disk search for its chunks
08-17 20:03:43.382 22240 22906 D UE      : [2023.08.17-10.03.43:382][  0]LogShaderLibrary: Display:    ....  not found
08-17 20:03:43.382 22240 22907 D UE      : [2023.08.17-10.03.43:382][  0]LogShaderLibrary: Display:    ....  not found
08-17 20:03:43.382 22240 22908 D UE      : [2023.08.17-10.03.43:382][  0]LogShaderLibrary: Display: Logical shader library 'AudioSynesthesia' component count 0, new components: 0
08-17 20:03:43.382 22240 22631 D UE      : [2023.08.17-10.03.43:382][  0]LogShaderLibrary: Display:    ....  not found
08-17 20:03:43.382 22240 22908 D UE      : [2023.08.17-10.03.43:382][  0]LogShaderLibrary: Display: Running without a pakfile and did not find a monolithic library 'AudioSynesthesia' - attempting disk search for its chunks
08-17 20:03:43.382 22240 22909 D UE      : [2023.08.17-10.03.43:382][  0]LogShaderLibrary: Display:    ....  not found
08-17 20:03:43.382 22240 22906 D UE      : [2023.08.17-10.03.43:382][  0]LogShaderLibrary: Display: Logical shader library 'GeometryProcessing' component count 0, new components: 0
08-17 20:03:43.382 22240 22906 D UE      : [2023.08.17-10.03.43:382][  0]LogShaderLibrary: Display: Running without a pakfile and did not find a monolithic library 'GeometryProcessing' - attempting disk search for its chunks
08-17 20:03:43.382 22240 22908 D UE      : [2023.08.17-10.03.43:382][  0]LogShaderLibrary: Display:    ....  not found
08-17 20:03:43.382 22240 22631 D UE      : [2023.08.17-10.03.43:382][  0]LogShaderLibrary: Display: Logical shader library 'WaveTable' component count 0, new components: 0
08-17 20:03:43.383 22240 22909 D UE      : [2023.08.17-10.03.43:383][  0]LogShaderLibrary: Display: Logical shader library 'MediaPlate' component count 0, new components: 0
08-17 20:03:43.383 22240 22907 D UE      : [2023.08.17-10.03.43:382][  0]LogShaderLibrary: Display: Logical shader library 'ResonanceAudio' component count 0, new components: 0
08-17 20:03:43.383 22240 22631 D UE      : [2023.08.17-10.03.43:383][  0]LogShaderLibrary: Display: Running without a pakfile and did not find a monolithic library 'WaveTable' - attempting disk search for its chunks
08-17 20:03:43.383 22240 22906 D UE      : [2023.08.17-10.03.43:383][  0]LogShaderLibrary: Display:    ....  not found
08-17 20:03:43.383 22240 22909 D UE      : [2023.08.17-10.03.43:383][  0]LogShaderLibrary: Display: Running without a pakfile and did not find a monolithic library 'MediaPlate' - attempting disk search for its chunks
08-17 20:03:43.383 22240 22907 D UE      : [2023.08.17-10.03.43:383][  0]LogShaderLibrary: Display: Running without a pakfile and did not find a monolithic library 'ResonanceAudio' - attempting disk search for its chunks
08-17 20:03:43.383 22240 22908 D UE      : [2023.08.17-10.03.43:383][  0]LogShaderLibrary: Display: Logical shader library 'AudioWidgets' component count 0, new components: 0
08-17 20:03:43.383 22240 22908 D UE      : [2023.08.17-10.03.43:383][  0]LogShaderLibrary: Display: Running without a pakfile and did not find a monolithic library 'AudioWidgets' - attempting disk search for its chunks
08-17 20:03:43.383 22240 22631 D UE      : [2023.08.17-10.03.43:383][  0]LogShaderLibrary: Display:    ....  not found
08-17 20:03:43.383 22240 22906 D UE      : [2023.08.17-10.03.43:383][  0]LogShaderLibrary: Display: Logical shader library 'Metasound' component count 0, new components: 0
08-17 20:03:43.383 22240 22907 D UE      : [2023.08.17-10.03.43:383][  0]LogShaderLibrary: Display:    ....  not found
08-17 20:03:43.383 22240 22906 D UE      : [2023.08.17-10.03.43:383][  0]LogShaderLibrary: Display: Running without a pakfile and did not find a monolithic library 'Metasound' - attempting disk search for its chunks
08-17 20:03:43.383 22240 22908 D UE      : [2023.08.17-10.03.43:383][  0]LogShaderLibrary: Display:    ....  not found
08-17 20:03:43.383 22240 22631 D UE      : [2023.08.17-10.03.43:383][  0]LogShaderLibrary: Display: Logical shader library 'LightMixer' component count 0, new components: 0
08-17 20:03:43.383 22240 22907 D UE      : [2023.08.17-10.03.43:383][  0]LogShaderLibrary: Display: Logical shader library 'Synthesis' component count 0, new components: 0
08-17 20:03:43.383 22240 22909 D UE      : [2023.08.17-10.03.43:383][  0]LogShaderLibrary: Display:    ....  not found
08-17 20:03:43.383 22240 22631 D UE      : [2023.08.17-10.03.43:383][  0]LogShaderLibrary: Display: Running without a pakfile and did not find a monolithic library 'LightMixer' - attempting disk search for its chunks
08-17 20:03:43.383 22240 22907 D UE      : [2023.08.17-10.03.43:383][  0]LogShaderLibrary: Display: Running without a pakfile and did not find a monolithic library 'Synthesis' - attempting disk search for its chunks
08-17 20:03:43.383 22240 22906 D UE      : [2023.08.17-10.03.43:383][  0]LogShaderLibrary: Display:    ....  not found
08-17 20:03:43.383 22240 22631 D UE      : [2023.08.17-10.03.43:383][  0]LogShaderLibrary: Display:    ....  not found
08-17 20:03:43.383 22240 22907 D UE      : [2023.08.17-10.03.43:383][  0]LogShaderLibrary: Display:    ....  not found
08-17 20:03:43.383 22240 22908 D UE      : [2023.08.17-10.03.43:383][  0]LogShaderLibrary: Display: Logical shader library 'ObjectMixer' component count 0, new components: 0
08-17 20:03:43.383 22240 22631 D UE      : [2023.08.17-10.03.43:383][  0]LogShaderLibrary: Display: Logical shader library 'ConcertSyncClient' component count 0, new components: 0
08-17 20:03:43.383 22240 22631 D UE      : [2023.08.17-10.03.43:383][  0]LogShaderLibrary: Display: Running without a pakfile and did not find a monolithic library 'ConcertSyncClient' - attempting disk search for its chunks
08-17 20:03:43.383 22240 22908 D UE      : [2023.08.17-10.03.43:383][  0]LogShaderLibrary: Display: Running without a pakfile and did not find a monolithic library 'ObjectMixer' - attempting disk search for its chunks
08-17 20:03:43.383 22240 22631 D UE      : [2023.08.17-10.03.43:383][  0]LogShaderLibrary: Display:    ....  not found
08-17 20:03:43.383 22240 22631 D UE      : [2023.08.17-10.03.43:383][  0]LogShaderLibrary: Display: Logical shader library 'GoogleARCore' component count 0, new components: 0
08-17 20:03:43.383 22240 22908 D UE      : [2023.08.17-10.03.43:383][  0]LogShaderLibrary: Display:    ....  not found
08-17 20:03:43.383 22240 22631 D UE      : [2023.08.17-10.03.43:383][  0]LogShaderLibrary: Display: Running without a pakfile and did not find a monolithic library 'GoogleARCore' - attempting disk search for its chunks
08-17 20:03:43.383 22240 22631 D UE      : [2023.08.17-10.03.43:383][  0]LogShaderLibrary: Display:    ....  not found
08-17 20:03:43.383 22240 22908 D UE      : [2023.08.17-10.03.43:383][  0]LogShaderLibrary: Display: Logical shader library 'ARUtilities' component count 0, new components: 0
08-17 20:03:43.383 22240 22908 D UE      : [2023.08.17-10.03.43:383][  0]LogShaderLibrary: Display: Running without a pakfile and did not find a monolithic library 'ARUtilities' - attempting disk search for its chunks
08-17 20:03:43.383 22240 22908 D UE      : [2023.08.17-10.03.43:383][  0]LogShaderLibrary: Display:    ....  not found
08-17 20:03:43.384 22240 22631 D UE      : [2023.08.17-10.03.43:384][  0]LogTemp: Display: Clearing the OS Cache
08-17 20:03:43.386  4881  4881 I GoogleInputMethodService: GoogleInputMethodService.onStartInput():1862 onStartInput(EditorInfo{EditorInfo{packageName=com.YourCompany.StefanoAR, inputType=0, inputTypeString=NULL, enableLearning=false, autoCorrection=false, autoComplete=false, imeOptions=0, privateImeOptions=null, actionName=UNSPECIFIED, actionLabel=null, initialSelStart=-1, initialSelEnd=-1, initialCapsMode=0, label=null, fieldId=-1, fieldName=null, extras=null, hintText=null, hintLocales=[]}}, false)
08-17 20:03:43.389  4881  4927 I SP      : Registering emoticon_content_description.2022081613, url: https://www.gstatic.com/android/keyboard/emoticon_content_desc/202208161305/superpacks_manifest.json, constraints: W:*:*:*, flags: bg, requested: 2022081613, current: 2022081613
08-17 20:03:43.394  4881 22870 I EmojifyExtensionImpl: EmojifyExtensionImpl.onCreate():656 Creating Emojify extension dam@dcd85fa.
08-17 20:03:43.396  4881 22856 I AbstractOpenableExtension: AbstractOpenableExtension.maybeDestroyExistingKeyboardGroupManager():518 Destroy existing keyboard group manager in dbs
08-17 20:03:43.396  4881 22856 I AbstractOpenableExtension: AbstractOpenableExtension.createKeyboardGroupManagerListenableFuture():126 Create keyboard group manager listenable future in dbs
08-17 20:03:43.396  4881 22856 I AbstractOpenableExtension: AbstractOpenableExtension.maybeDestroyExistingKeyboardGroupManager():518 Destroy existing keyboard group manager in epz
08-17 20:03:43.396  4881 22856 I AbstractOpenableExtension: AbstractOpenableExtension.createKeyboardGroupManagerListenableFuture():126 Create keyboard group manager listenable future in epz
08-17 20:03:43.396  4881  4881 I ClipboardDataHandler: ClipboardDataHandler.updateScreenshotsContentObserver():269 Disable the feature of handling screenshots in the clipboard.
08-17 20:03:43.397  4881 22856 I KeyboardGroupDefParser: KeyboardGroupDefParser.parseKeyboardGroupDef():85 parseKeyboardGroupDef() 2132214035 -> 0_resource_name_obfuscated : WaitTime = 0 ms : RunTime = 0 ms
08-17 20:03:43.398  4881 22856 I KeyboardGroupDefParser: KeyboardGroupDefParser.parseKeyboardGroupDef():85 parseKeyboardGroupDef() 2132214036 -> 0_resource_name_obfuscated : WaitTime = 1 ms : RunTime = 0 ms
08-17 20:03:43.406  4881 22870 I KeyboardGroupDefParser: KeyboardGroupDefParser.parseKeyboardGroupDef():85 parseKeyboardGroupDef() 2132214024 -> 0_resource_name_obfuscated : WaitTime = 1 ms : RunTime = 4 ms
08-17 20:03:43.406 22240 22631 D UE      : [2023.08.17-10.03.43:406][  0]LogInit: FStereoShaderAspects: --- StereoAspects begin ---
08-17 20:03:43.406 22240 22631 D UE      : [2023.08.17-10.03.43:406][  0]LogInit: FStereoShaderAspects: Platform=OPENGL_ES3_1_ANDROID (24)
08-17 20:03:43.406 22240 22631 D UE      : [2023.08.17-10.03.43:406][  0]LogInit: FStereoShaderAspects: bInstancedStereo = 0
08-17 20:03:43.407 22240 22631 D UE      : [2023.08.17-10.03.43:407][  0]LogInit: FStereoShaderAspects: bMobilePlatform = 1
08-17 20:03:43.407 22240 22631 D UE      : [2023.08.17-10.03.43:407][  0]LogInit: FStereoShaderAspects: bMobilePostprocessing = 1
08-17 20:03:43.407 22240 22631 D UE      : [2023.08.17-10.03.43:407][  0]LogInit: FStereoShaderAspects: bMobileMultiView = 0
08-17 20:03:43.407 22240 22631 D UE      : [2023.08.17-10.03.43:407][  0]LogInit: FStereoShaderAspects: bMultiViewportCapable = 0
08-17 20:03:43.407 22240 22631 D UE      : [2023.08.17-10.03.43:407][  0]LogInit: FStereoShaderAspects: bInstancedStereoNative = 0
08-17 20:03:43.407 22240 22631 D UE      : [2023.08.17-10.03.43:407][  0]LogInit: FStereoShaderAspects: ---
08-17 20:03:43.407 22240 22631 D UE      : [2023.08.17-10.03.43:407][  0]LogInit: FStereoShaderAspects: bMobileMultiViewCoreSupport = 0
08-17 20:03:43.407 22240 22631 D UE      : [2023.08.17-10.03.43:407][  0]LogInit: FStereoShaderAspects: bMobileMultiViewNative = 0
08-17 20:03:43.407 22240 22631 D UE      : [2023.08.17-10.03.43:407][  0]LogInit: FStereoShaderAspects: bMobileMultiViewFallback = 0
08-17 20:03:43.407 22240 22631 D UE      : [2023.08.17-10.03.43:407][  0]LogInit: FStereoShaderAspects: ---
08-17 20:03:43.407 22240 22631 D UE      : [2023.08.17-10.03.43:407][  0]LogInit: FStereoShaderAspects: bInstancedMultiViewportEnabled = 0
08-17 20:03:43.407 22240 22631 D UE      : [2023.08.17-10.03.43:407][  0]LogInit: FStereoShaderAspects: bInstancedStereoEnabled = 0
08-17 20:03:43.407 22240 22631 D UE      : [2023.08.17-10.03.43:407][  0]LogInit: FStereoShaderAspects: bMobileMultiViewEnabled = 0
08-17 20:03:43.408 22240 22631 D UE      : [2023.08.17-10.03.43:408][  0]LogInit: FStereoShaderAspects: --- StereoAspects end ---
08-17 20:03:43.408  4881  4881 W AccessPointsManager: AccessPointsManager.removeAccessPoint():874 The holder controller #0x7f0b230d is not registered
08-17 20:03:43.409  4881  4881 I DeviceLockTags: DeviceLockTags.notifyDeviceLockStatusChanged():112 notifyDeviceLockStatusChanged(): deviceLocked=false, blockPersonalData=false
08-17 20:03:43.409  4881  4881 I GoogleInputMethodService: GoogleInputMethodService.updateDeviceLockedStatus():2068 repeatCheckTimes = 1, locked = false
08-17 20:03:43.413  4881  4881 I DictionarySuperpacksManager: DictionarySuperpacksManager$1.onEnabledInputMethodEntriesChanged():64 onEnabledInputMethodEntriesChanged
08-17 20:03:43.414  4881  4881 I GoogleInputMethodService: GoogleInputMethodService.onCurrentInputMethodEntryChanged():3669 onCurrentInputMethodEntryChanged(): imeDefsChanged=true, iig{languageTag=en-AU, variant=qwerty, hasLocalizedResources=true, conditionCacheKey=_device=phone_device_size=default_enable_adaptive_translate=true_enable_large_tablet_batch_1=false_enable_large_tablet_batch_2=false_enable_more_candidates_view_for_multilingual=false_enable_nav_redesign=true_enable_nav_redesign_for_expression=true_enable_navbar_motion=true_enable_number_row=false_enable_preemptive_decode=true_enable_secondary_symbols=false_expressions=normal_four_or_more_letter_rows=false_keyboard_mode=normal_language=en-AU_orientation=landscape_physical_keyboard=nokeys_rtl_layout=false_show_secondary_digits=true_show_suggestions=true_split_with_duplicate_keys=true_variant=qwerty, imeDef.stringId=ime_english_australia, imeDef.className=com.google.android.apps.inputmethod.libs.latin5.LatinIme, imeDef.languageTag=en-AU}
